Component: ARM Compiler 5.06 update 6 (build 750) Tool: armlink [4d35ed]

==============================================================================

Section Cross References

    startup_stm32g431xx.o(STACK) refers (Special) to heapauxi.o(.text) for __use_two_region_memory
    startup_stm32g431xx.o(HEAP) refers (Special) to heapauxi.o(.text) for __use_two_region_memory
    startup_stm32g431xx.o(RESET) refers (Special) to heapauxi.o(.text) for __use_two_region_memory
    startup_stm32g431xx.o(RESET) refers to startup_stm32g431xx.o(STACK) for __initial_sp
    startup_stm32g431xx.o(RESET) refers to startup_stm32g431xx.o(.text) for Reset_Handler
    startup_stm32g431xx.o(RESET) refers to stm32g4xx_it.o(i.NMI_Handler) for NMI_Handler
    startup_stm32g431xx.o(RESET) refers to stm32g4xx_it.o(i.HardFault_Handler) for HardFault_Handler
    startup_stm32g431xx.o(RESET) refers to stm32g4xx_it.o(i.MemManage_Handler) for MemManage_Handler
    startup_stm32g431xx.o(RESET) refers to stm32g4xx_it.o(i.BusFault_Handler) for BusFault_Handler
    startup_stm32g431xx.o(RESET) refers to stm32g4xx_it.o(i.UsageFault_Handler) for UsageFault_Handler
    startup_stm32g431xx.o(RESET) refers to stm32g4xx_it.o(i.SVC_Handler) for SVC_Handler
    startup_stm32g431xx.o(RESET) refers to stm32g4xx_it.o(i.DebugMon_Handler) for DebugMon_Handler
    startup_stm32g431xx.o(RESET) refers to stm32g4xx_it.o(i.PendSV_Handler) for PendSV_Handler
    startup_stm32g431xx.o(RESET) refers to stm32g4xx_it.o(i.SysTick_Handler) for SysTick_Handler
    startup_stm32g431xx.o(RESET) refers to stm32g4xx_it.o(i.TIM4_IRQHandler) for TIM4_IRQHandler
    startup_stm32g431xx.o(RESET) refers to stm32g4xx_it.o(i.TIM6_DAC_IRQHandler) for TIM6_DAC_IRQHandler
    startup_stm32g431xx.o(.text) refers (Special) to heapauxi.o(.text) for __use_two_region_memory
    startup_stm32g431xx.o(.text) refers to system_stm32g4xx.o(i.SystemInit) for SystemInit
    startup_stm32g431xx.o(.text) refers to __main.o(!!!main) for __main
    startup_stm32g431xx.o(.text) refers to startup_stm32g431xx.o(HEAP) for Heap_Mem
    startup_stm32g431xx.o(.text) refers to startup_stm32g431xx.o(STACK) for Stack_Mem
    main.o(i.SystemClock_Config) refers to rt_memclr_w.o(.text) for __aeabi_memclr4
    main.o(i.SystemClock_Config) refers to stm32g4xx_hal_pwr_ex.o(i.HAL_PWREx_ControlVoltageScaling) for HAL_PWREx_ControlVoltageScaling
    main.o(i.SystemClock_Config) refers to stm32g4xx_hal_rcc.o(i.HAL_RCC_OscConfig) for HAL_RCC_OscConfig
    main.o(i.SystemClock_Config) refers to stm32g4xx_hal_rcc.o(i.HAL_RCC_ClockConfig) for HAL_RCC_ClockConfig
    main.o(i.adc_timer_proc) refers to badc.o(i.getADC) for getADC
    main.o(i.adc_timer_proc) refers to dleqf.o(x$fpl$dleqf) for __aeabi_cdcmple
    main.o(i.adc_timer_proc) refers to drleqf.o(x$fpl$drleqf) for __aeabi_cdrcmple
    main.o(i.adc_timer_proc) refers to bsp_lcd.o(i.LCD_Clear) for LCD_Clear
    main.o(i.adc_timer_proc) refers to stm32g4xx_hal_tim.o(i.HAL_TIM_Base_Start_IT) for HAL_TIM_Base_Start_IT
    main.o(i.adc_timer_proc) refers to stm32g4xx_hal_tim.o(i.HAL_TIM_Base_Stop_IT) for HAL_TIM_Base_Stop_IT
    main.o(i.adc_timer_proc) refers to main.o(.data) for .data
    main.o(i.adc_timer_proc) refers to adc.o(.bss) for hadc2
    main.o(i.adc_timer_proc) refers to interrupt.o(.data) for time_count
    main.o(i.adc_timer_proc) refers to tim.o(.bss) for htim6
    main.o(i.key_proc) refers to bsp_lcd.o(i.LCD_Clear) for LCD_Clear
    main.o(i.key_proc) refers to daddsub_clz.o(x$fpl$dadd) for __aeabi_dadd
    main.o(i.key_proc) refers to drleqf.o(x$fpl$drleqf) for __aeabi_cdrcmple
    main.o(i.key_proc) refers to bsp_lcd.o(i.LCD_ClearLine) for LCD_ClearLine
    main.o(i.key_proc) refers to interrupt.o(.bss) for key
    main.o(i.key_proc) refers to main.o(.data) for .data
    main.o(i.lcd_proc) refers to _printf_percent.o(.ARM.Collect$$_printf_percent$$00000000) for _printf_percent
    main.o(i.lcd_proc) refers to _printf_f.o(.ARM.Collect$$_printf_percent$$00000003) for _printf_f
    main.o(i.lcd_proc) refers to printf1.o(x$fpl$printf1) for _printf_fp_dec
    main.o(i.lcd_proc) refers to _printf_d.o(.ARM.Collect$$_printf_percent$$00000009) for _printf_d
    main.o(i.lcd_proc) refers to _printf_dec.o(.text) for _printf_int_dec
    main.o(i.lcd_proc) refers to noretval__2sprintf.o(.text) for __2sprintf
    main.o(i.lcd_proc) refers to bsp_lcd.o(i.LCD_DisplayStringLine) for LCD_DisplayStringLine
    main.o(i.lcd_proc) refers to main.o(i.para_judge) for para_judge
    main.o(i.lcd_proc) refers to badc.o(i.getADC) for getADC
    main.o(i.lcd_proc) refers to main.o(.data) for .data
    main.o(i.lcd_proc) refers to adc.o(.bss) for hadc2
    main.o(i.lcd_proc) refers to interrupt.o(.data) for time_count
    main.o(i.led_proc) refers to led.o(i.LED_Dsp) for LED_Dsp
    main.o(i.led_proc) refers to main.o(.data) for .data
    main.o(i.main) refers to stm32g4xx_hal.o(i.HAL_Init) for HAL_Init
[...]
    .text                                    0x080005de   Section        0  _printf_fp_dec.o(.text)
    _fp_digits                               0x080005e1   Thumb Code   432  _printf_fp_dec.o(.text)
    .text                                    0x080009fc   Section        0  _printf_char_common.o(.text)
    _printf_input_char                       0x080009fd   Thumb Code    10  _printf_char_common.o(.text)
    .text                                    0x08000a2c   Section        0  _sputc.o(.text)
    .text                                    0x08000a38   Section        8  rt_locale_intlibspace.o(.text)
    .text                                    0x08000a40   Section      138  lludiv10.o(.text)
    .text                                    0x08000acc   Section        0  _printf_fp_infnan.o(.text)
    .text                                    0x08000b4c   Section        0  bigflt0.o(.text)
    .text                                    0x08000c30   Section        8  libspace.o(.text)
    .text                                    0x08000c38   Section       74  sys_stackheap_outer.o(.text)
    .text                                    0x08000c82   Section        0  exit.o(.text)
    .text                                    0x08000c94   Section      128  strcmpv7m.o(.text)
    .text                                    0x08000d14   Section        0  sys_exit.o(.text)
    .text                                    0x08000d20   Section        2  use_no_semi.o(.text)
    .text                                    0x08000d22   Section        0  indicate_semi.o(.text)
    CL$$btod_d2e                             0x08000d22   Section       62  btod.o(CL$$btod_d2e)
    CL$$btod_d2e_denorm_low                  0x08000d60   Section       70  btod.o(CL$$btod_d2e_denorm_low)
    CL$$btod_d2e_norm_op1                    0x08000da6   Section       96  btod.o(CL$$btod_d2e_norm_op1)
    CL$$btod_div_common                      0x08000e06   Section      824  btod.o(CL$$btod_div_common)
    CL$$btod_e2e                             0x0800113e   Section      220  btod.o(CL$$btod_e2e)
    CL$$btod_ediv                            0x0800121a   Section       42  btod.o(CL$$btod_ediv)
    CL$$btod_emul                            0x08001244   Section       42  btod.o(CL$$btod_emul)
    CL$$btod_mult_common                     0x0800126e   Section      580  btod.o(CL$$btod_mult_common)
    i.ADC_Enable                             0x080014b4   Section        0  stm32g4xx_hal_adc.o(i.ADC_Enable)
    i.BusFault_Handler                       0x08001560   Section        0  stm32g4xx_it.o(i.BusFault_Handler)
    i.DebugMon_Handler                       0x08001562   Section        0  stm32g4xx_it.o(i.DebugMon_Handler)
    i.Delay_LCD                              0x08001564   Section        0  bsp_lcd.o(i.Delay_LCD)
    i.Error_Handler                          0x08001580   Section        0  main.o(i.Error_Handler)
    i.HAL_ADC_ConfigChannel                  0x08001584   Section        0  stm32g4xx_hal_adc.o(i.HAL_ADC_ConfigChannel)
    i.HAL_ADC_GetValue                       0x080019a8   Section        0  stm32g4xx_hal_adc.o(i.HAL_ADC_GetValue)
    i.HAL_ADC_Init                           0x080019b0   Section        0  stm32g4xx_hal_adc.o(i.HAL_ADC_Init)
    i.HAL_ADC_MspInit                        0x08001ba4   Section        0  adc.o(i.HAL_ADC_MspInit)
    i.HAL_ADC_Start                          0x08001c1c   Section        0  stm32g4xx_hal_adc.o(i.HAL_ADC_Start)
    i.HAL_Delay                              0x08001d10   Section        0  stm32g4xx_hal.o(i.HAL_Delay)
    i.HAL_GPIO_Init                          0x08001d34   Section        0  stm32g4xx_hal_gpio.o(i.HAL_GPIO_Init)
    i.HAL_GPIO_ReadPin                       0x08001f7c   Section        0  stm32g4xx_hal_gpio.o(i.HAL_GPIO_ReadPin)
    i.HAL_GPIO_WritePin                      0x08001f86   Section        0  stm32g4xx_hal_gpio.o(i.HAL_GPIO_WritePin)
    i.HAL_GetTick                            0x08001f90   Section        0  stm32g4xx_hal.o(i.HAL_GetTick)
    i.HAL_IncTick                            0x08001f9c   Section        0  stm32g4xx_hal.o(i.HAL_IncTick)
    i.HAL_Init                               0x08001fac   Section        0  stm32g4xx_hal.o(i.HAL_Init)
    i.HAL_InitTick                           0x08001fcc   Section        0  stm32g4xx_hal.o(i.HAL_InitTick)
    i.HAL_MspInit                            0x08002010   Section        0  stm32g4xx_hal_msp.o(i.HAL_MspInit)
    i.HAL_NVIC_EnableIRQ                     0x08002040   Section        0  stm32g4xx_hal_cortex.o(i.HAL_NVIC_EnableIRQ)
    i.HAL_NVIC_SetPriority                   0x0800205c   Section        0  stm32g4xx_hal_cortex.o(i.HAL_NVIC_SetPriority)
    i.HAL_NVIC_SetPriorityGrouping           0x0800209c   Section        0  stm32g4xx_hal_cortex.o(i.HAL_NVIC_SetPriorityGrouping)
    i.HAL_PWREx_ControlVoltageScaling        0x080020c0   Section        0  stm32g4xx_hal_pwr_ex.o(i.HAL_PWREx_ControlVoltageScaling)
    i.HAL_PWREx_DisableUCPDDeadBattery       0x0800217c   Section        0  stm32g4xx_hal_pwr_ex.o(i.HAL_PWREx_DisableUCPDDeadBattery)
    i.HAL_RCCEx_PeriphCLKConfig              0x0800218c   Section        0  stm32g4xx_hal_rcc_ex.o(i.HAL_RCCEx_PeriphCLKConfig)
    i.HAL_RCC_ClockConfig                    0x08002414   Section        0  stm32g4xx_hal_rcc.o(i.HAL_RCC_ClockConfig)
    i.HAL_RCC_GetSysClockFreq                0x080025f0   Section        0  stm32g4xx_hal_rcc.o(i.HAL_RCC_GetSysClockFreq)
    i.HAL_RCC_OscConfig                      0x08002660   Section        0  stm32g4xx_hal_rcc.o(i.HAL_RCC_OscConfig)
    i.HAL_SYSTICK_Config                     0x08002a64   Section        0  stm32g4xx_hal_cortex.o(i.HAL_SYSTICK_Config)
    i.HAL_TIMEx_Break2Callback               0x08002a8c   Section        0  stm32g4xx_hal_tim_ex.o(i.HAL_TIMEx_Break2Callback)
    i.HAL_TIMEx_BreakCallback                0x08002a8e   Section        0  stm32g4xx_hal_tim_ex.o(i.HAL_TIMEx_BreakCallback)
    i.HAL_TIMEx_CommutCallback               0x08002a90   Section        0  stm32g4xx_hal_tim_ex.o(i.HAL_TIMEx_CommutCallback)
    i.HAL_TIMEx_DirectionChangeCallback      0x08002a92   Section        0  stm32g4xx_hal_tim_ex.o(i.HAL_TIMEx_DirectionChangeCallback)
    i.HAL_TIMEx_EncoderIndexCallback         0x08002a94   Section        0  stm32g4xx_hal_tim_ex.o(i.HAL_TIMEx_EncoderIndexCallback)
    i.HAL_TIMEx_IndexErrorCallback           0x08002a96   Section        0  stm32g4xx_hal_tim_ex.o(i.HAL_TIMEx_IndexErrorCallback)
    i.HAL_TIMEx_MasterConfigSynchronization  0x08002a98   Section        0  stm32g4xx_hal_tim_ex.o(i.HAL_TIMEx_MasterConfigSynchronization)
    i.HAL_TIMEx_TransitionErrorCallback      0x08002b34   Section        0  stm32g4xx_hal_tim_ex.o(i.HAL_TIMEx_TransitionErrorCallback)
    i.HAL_TIM_Base_Init                      0x08002b36   Section        0  stm32g4xx_hal_tim.o(i.HAL_TIM_Base_Init)
    i.HAL_TIM_Base_MspInit                   0x08002b98   Section        0  tim.o(i.HAL_TIM_Base_MspInit)
    i.HAL_TIM_Base_Start_IT                  0x08002c14   Section        0  stm32g4xx_hal_tim.o(i.HAL_TIM_Base_Start_IT)
    i.HAL_TIM_Base_Stop_IT                   0x08002c8c   Section        0  stm32g4xx_hal_tim.o(i.HAL_TIM_Base_Stop_IT)
    i.HAL_TIM_ConfigClockSource              0x08002cbc   Section        0  stm32g4xx_hal_tim.o(i.HAL_TIM_ConfigClockSource)
    i.HAL_TIM_IC_CaptureCallback             0x08002dbc   Section        0  stm32g4xx_hal_tim.o(i.HAL_TIM_IC_CaptureCallback)
    i.HAL_TIM_IRQHandler                     0x08002dbe   Section        0  stm32g4xx_hal_tim.o(i.HAL_TIM_IRQHandler)
    i.HAL_TIM_OC_DelayElapsedCallback        0x08002f60   Section        0  stm32g4xx_hal_tim.o(i.HAL_TIM_OC_DelayElapsedCallback)
    i.HAL_TIM_PWM_PulseFinishedCallback      0x08002f62   Section        0  stm32g4xx_hal_tim.o(i.HAL_TIM_PWM_PulseFinishedCallback)
    i.HAL_TIM_PeriodElapsedCallback          0x08002f64   Section        0  interrupt.o(i.HAL_TIM_PeriodElapsedCallback)
    i.HAL_TIM_TriggerCallback                0x08003010   Section        0  stm32g4xx_hal_tim.o(i.HAL_TIM_TriggerCallback)
    i.HardFault_Handler                      0x08003012   Section        0  stm32g4xx_it.o(i.HardFault_Handler)
    i.I2CInit                                0x08003014   Section        0  i2c_hal.o(i.I2CInit)
    i.I2CReceiveByte                         0x08003040   Section        0  i2c_hal.o(i.I2CReceiveByte)
    i.I2CSendByte                            0x0800308e   Section        0  i2c_hal.o(i.I2CSendByte)
    i.I2CStart                               0x080030dc   Section        0  i2c_hal.o(i.I2CStart)
    i.I2CStop                                0x08003112   Section        0  i2c_hal.o(i.I2CStop)
    i.I2CWaitAck                             0x08003148   Section        0  i2c_hal.o(i.I2CWaitAck)
    i.LCD_BusIn                              0x08003198   Section        0  bsp_lcd.o(i.LCD_BusIn)
    i.LCD_BusOut                             0x080031c4   Section        0  bsp_lcd.o(i.LCD_BusOut)
    i.LCD_Clear                              0x080031f4   Section        0  bsp_lcd.o(i.LCD_Clear)
    i.LCD_ClearLine                          0x08003218   Section        0  bsp_lcd.o(i.LCD_ClearLine)
    i.LCD_CtrlLinesConfig                    0x08003238   Section        0  bsp_lcd.o(i.LCD_CtrlLinesConfig)
    i.LCD_DisplayChar                        0x080032c8   Section        0  bsp_lcd.o(i.LCD_DisplayChar)
    i.LCD_DisplayStringLine                  0x080032e0   Section        0  bsp_lcd.o(i.LCD_DisplayStringLine)
    i.LCD_DrawChar                           0x0800330c   Section        0  bsp_lcd.o(i.LCD_DrawChar)
    i.LCD_Init                               0x08003364   Section        0  bsp_lcd.o(i.LCD_Init)
    i.LCD_ReadReg                            0x08003398   Section        0  bsp_lcd.o(i.LCD_ReadReg)
    i.LCD_SetBackColor                       0x08003418   Section        0  bsp_lcd.o(i.LCD_SetBackColor)
    i.LCD_SetCursor                          0x08003428   Section        0  bsp_lcd.o(i.LCD_SetCursor)
    i.LCD_SetTextColor                       0x08003440   Section        0  bsp_lcd.o(i.LCD_SetTextColor)
    i.LCD_WriteRAM                           0x08003450   Section        0  bsp_lcd.o(i.LCD_WriteRAM)
    i.LCD_WriteRAM_Prepare                   0x080034a8   Section        0  bsp_lcd.o(i.LCD_WriteRAM_Prepare)
    i.LCD_WriteReg                           0x08003504   Section        0  bsp_lcd.o(i.LCD_WriteReg)
    i.LED_Dsp                                0x08003570   Section        0  led.o(i.LED_Dsp)
    i.LL_ADC_GetOffsetChannel                0x080035b0   Section        0  stm32g4xx_hal_adc.o(i.LL_ADC_GetOffsetChannel)
    LL_ADC_GetOffsetChannel                  0x080035b1   Thumb Code    12  stm32g4xx_hal_adc.o(i.LL_ADC_GetOffsetChannel)
    i.LL_ADC_INJ_IsConversionOngoing         0x080035bc   Section        0  stm32g4xx_hal_adc.o(i.LL_ADC_INJ_IsConversionOngoing)
    LL_ADC_INJ_IsConversionOngoing           0x080035bd   Thumb Code     8  stm32g4xx_hal_adc.o(i.LL_ADC_INJ_IsConversionOngoing)
    i.LL_ADC_REG_IsConversionOngoing         0x080035c4   Section        0  stm32g4xx_hal_adc.o(i.LL_ADC_REG_IsConversionOngoing)
    LL_ADC_REG_IsConversionOngoing           0x080035c5   Thumb Code     8  stm32g4xx_hal_adc.o(i.LL_ADC_REG_IsConversionOngoing)
    i.LL_ADC_SetChannelSamplingTime          0x080035cc   Section        0  stm32g4xx_hal_adc.o(i.LL_ADC_SetChannelSamplingTime)
    LL_ADC_SetChannelSamplingTime            0x080035cd   Thumb Code    30  stm32g4xx_hal_adc.o(i.LL_ADC_SetChannelSamplingTime)
    i.LL_ADC_SetOffsetState                  0x080035ea   Section        0  stm32g4xx_hal_adc.o(i.LL_ADC_SetOffsetState)
    LL_ADC_SetOffsetState                    0x080035eb   Thumb Code    16  stm32g4xx_hal_adc.o(i.LL_ADC_SetOffsetState)
    i.MX_ADC2_Init                           0x080035fc   Section        0  adc.o(i.MX_ADC2_Init)
    i.MX_GPIO_Init                           0x08003678   Section        0  gpio.o(i.MX_GPIO_Init)
    i.MX_TIM17_Init                          0x08003770   Section        0  tim.o(i.MX_TIM17_Init)
    i.MX_TIM4_Init                           0x080037a8   Section        0  tim.o(i.MX_TIM4_Init)
    i.MX_TIM6_Init                           0x08003810   Section        0  tim.o(i.MX_TIM6_Init)
    i.MemManage_Handler                      0x08003858   Section        0  stm32g4xx_it.o(i.MemManage_Handler)
    i.NMI_Handler                            0x0800385a   Section        0  stm32g4xx_it.o(i.NMI_Handler)
    i.PendSV_Handler                         0x0800385c   Section        0  stm32g4xx_it.o(i.PendSV_Handler)
    i.REG_8230_Init                          0x0800385e   Section        0  bsp_lcd.o(i.REG_8230_Init)
    i.REG_932X_Init                          0x08003970   Section        0  bsp_lcd.o(i.REG_932X_Init)
    i.SCL_Output                             0x08003b74   Section        0  i2c_hal.o(i.SCL_Output)
    i.SDA_Input                              0x08003b8c   Section        0  i2c_hal.o(i.SDA_Input)
    i.SDA_Input_Mode                         0x08003ba4   Section        0  i2c_hal.o(i.SDA_Input_Mode)
    i.SDA_Output                             0x08003bd0   Section        0  i2c_hal.o(i.SDA_Output)
    i.SDA_Output_Mode                        0x08003be8   Section        0  i2c_hal.o(i.SDA_Output_Mode)
    i.SVC_Handler                            0x08003c14   Section        0  stm32g4xx_it.o(i.SVC_Handler)
    i.SysTick_Handler                        0x08003c16   Section        0  stm32g4xx_it.o(i.SysTick_Handler)
    i.SystemClock_Config                     0x08003c1a   Section        0  main.o(i.SystemClock_Config)
    i.SystemInit                             0x08003c80   Section        0  system_stm32g4xx.o(i.SystemInit)
    i.TIM4_IRQHandler                        0x08003c90   Section        0  stm32g4xx_it.o(i.TIM4_IRQHandler)
    i.TIM6_DAC_IRQHandler                    0x08003c9c   Section        0  stm32g4xx_it.o(i.TIM6_DAC_IRQHandler)
    i.TIM_Base_SetConfig                     0x08003ca8   Section        0  stm32g4xx_hal_tim.o(i.TIM_Base_SetConfig)
    i.TIM_ETR_SetConfig                      0x08003d64   Section        0  stm32g4xx_hal_tim.o(i.TIM_ETR_SetConfig)
    i.TIM_ITRx_SetConfig                     0x08003d78   Section        0  stm32g4xx_hal_tim.o(i.TIM_ITRx_SetConfig)
    TIM_ITRx_SetConfig                       0x08003d79   Thumb Code    16  stm32g4xx_hal_tim.o(i.TIM_ITRx_SetConfig)
    i.TIM_TI1_ConfigInputStage               0x08003d8c   Section        0  stm32g4xx_hal_tim.o(i.TIM_TI1_ConfigInputStage)
    TIM_TI1_ConfigInputStage                 0x08003d8d   Thumb Code    34  stm32g4xx_hal_tim.o(i.TIM_TI1_ConfigInputStage)
    i.TIM_TI2_ConfigInputStage               0x08003dae   Section        0  stm32g4xx_hal_tim.o(i.TIM_TI2_ConfigInputStage)
    TIM_TI2_ConfigInputStage                 0x08003daf   Thumb Code    36  stm32g4xx_hal_tim.o(i.TIM_TI2_ConfigInputStage)
    i.UsageFault_Handler                     0x08003dd2   Section        0  stm32g4xx_it.o(i.UsageFault_Handler)
    i.__ARM_fpclassify                       0x08003dd4   Section        0  fpclassify.o(i.__ARM_fpclassify)
    i.__NVIC_SetPriority                     0x08003e04   Section        0  stm32g4xx_hal_cortex.o(i.__NVIC_SetPriority)
    __NVIC_SetPriority                       0x08003e05   Thumb Code    32  stm32g4xx_hal_cortex.o(i.__NVIC_SetPriority)
    i._is_digit                              0x08003e24   Section        0  __printf_wp.o(i._is_digit)
    i.adc_timer_proc                         0x08003e34   Section        0  main.o(i.adc_timer_proc)
    i.delay1                                 0x08003ed8   Section        0  i2c_hal.o(i.delay1)
    delay1                                   0x08003ed9   Thumb Code    12  i2c_hal.o(i.delay1)
    i.eeprom_read                            0x08003ee4   Section        0  i2c_hal.o(i.eeprom_read)
    i.eeprom_write                           0x08003f24   Section        0  i2c_hal.o(i.eeprom_write)
    i.getADC                                 0x08003f54   Section        0  badc.o(i.getADC)
    i.key_proc                               0x08003f94   Section        0  main.o(i.key_proc)
    i.lcd_proc                               0x08004064   Section        0  main.o(i.lcd_proc)
    i.led_proc                               0x080041b0   Section        0  main.o(i.led_proc)
    i.main                                   0x080041d0   Section        0  main.o(i.main)
    i.para_judge                             0x08004264   Section        0  main.o(i.para_judge)
    locale$$code                             0x080042b0   Section       44  lc_numeric_c.o(locale$$code)
    x$fpl$dadd                               0x080042dc   Section      336  daddsub_clz.o(x$fpl$dadd)
    $v0                                      0x080042dc   Number         0  daddsub_clz.o(x$fpl$dadd)
    _dadd1                                   0x080042ed   Thumb Code     0  daddsub_clz.o(x$fpl$dadd)
    x$fpl$dcmpinf                            0x0800442c   Section       24  dcmpi.o(x$fpl$dcmpinf)
    $v0                                      0x0800442c   Number         0  dcmpi.o(x$fpl$dcmpinf)
    x$fpl$ddiv                               0x08004444   Section      688  ddiv.o(x$fpl$ddiv)
    $v0                                      0x08004444   Number         0  ddiv.o(x$fpl$ddiv)
    ddiv_entry                               0x0800444b   Thumb Code     0  ddiv.o(x$fpl$ddiv)
    x$fpl$dfltu                              0x080046f4   Section       38  dflt_clz.o(x$fpl$dfltu)
    $v0                                      0x080046f4   Number         0  dflt_clz.o(x$fpl$dfltu)
    x$fpl$dleqf                              0x0800471c   Section      120  dleqf.o(x$fpl$dleqf)
    $v0                                      0x0800471c   Number         0  dleqf.o(x$fpl$dleqf)
    x$fpl$dmul                               0x08004794   Section      340  dmul.o(x$fpl$dmul)
    $v0                                      0x08004794   Number         0  dmul.o(x$fpl$dmul)
    x$fpl$dnaninf                            0x080048e8   Section      156  dnaninf.o(x$fpl$dnaninf)
    $v0                                      0x080048e8   Number         0  dnaninf.o(x$fpl$dnaninf)
    x$fpl$dretinf                            0x08004984   Section       12  dretinf.o(x$fpl$dretinf)
    $v0                                      0x08004984   Number         0  dretinf.o(x$fpl$dretinf)
    x$fpl$drleqf                             0x08004990   Section      108  drleqf.o(x$fpl$drleqf)
    $v0                                      0x08004990   Number         0  drleqf.o(x$fpl$drleqf)
    x$fpl$dsub                               0x080049fc   Section      468  daddsub_clz.o(x$fpl$dsub)
    $v0                                      0x080049fc   Number         0  daddsub_clz.o(x$fpl$dsub)
    _dsub1                                   0x08004a0d   Thumb Code     0  daddsub_clz.o(x$fpl$dsub)
    x$fpl$fpinit                             0x08004bd0   Section       10  fpinit.o(x$fpl$fpinit)
    $v0                                      0x08004bd0   Number         0  fpinit.o(x$fpl$fpinit)
    x$fpl$printf1                            0x08004bda   Section        4  printf1.o(x$fpl$printf1)
    $v0                                      0x08004bda   Number         0  printf1.o(x$fpl$printf1)
    .constdata                               0x08004bde   Section       16  system_stm32g4xx.o(.constdata)
    x$fpl$usenofp                            0x08004bde   Section        0  usenofp.o(x$fpl$usenofp)
    .constdata                               0x08004bee   Section     4560  bsp_lcd.o(.constdata)
    .constdata                               0x08005dc0   Section      148  bigflt0.o(.constdata)
    tenpwrs_x                                0x08005dc0   Data          60  bigflt0.o(.constdata)
    tenpwrs_i                                0x08005dfc   Data          64  bigflt0.o(.constdata)
    locale$$data                             0x08005e74   Section       28  lc_numeric_c.o(locale$$data)
    __lcnum_c_name                           0x08005e78   Data           2  lc_numeric_c.o(locale$$data)
    __lcnum_c_start                          0x08005e80   Data           0  lc_numeric_c.o(locale$$data)
    __lcnum_c_point                          0x08005e8c   Data           0  lc_numeric_c.o(locale$$data)
    __lcnum_c_thousands                      0x08005e8e   Data           0  lc_numeric_c.o(locale$$data)
    __lcnum_c_grouping                       0x08005e8f   Data           0  lc_numeric_c.o(locale$$data)
    __lcnum_c_end                            0x08005e90   Data           0  lc_numeric_c.o(locale$$data)
    .data                                    0x20000000   Section       48  main.o(.data)
    .data                                    0x20000030   Section       12  stm32g4xx_hal.o(.data)
    .data                                    0x2000003c   Section        4  system_stm32g4xx.o(.data)
    .data                                    0x20000040   Section        6  bsp_lcd.o(.data)
    TextColor                                0x20000040   Data           2  bsp_lcd.o(.data)
    BackColor                                0x20000042   Data           2  bsp_lcd.o(.data)
    .data                                    0x20000048   Section        4  interrupt.o(.data)
    .bss                                     0x2000004c   Section      108  adc.o(.bss)
    .bss                                     0x200000b8   Section      228  tim.o(.bss)
    .bss                                     0x2000019c   Section       12  interrupt.o(.bss)
    .bss                                     0x200001a8   Section       96  libspace.o(.bss)
    HEAP                                     0x20000208   Section      512  startup_stm32g431xx.o(HEAP)
    Heap_Mem                                 0x20000208   Data         512  startup_stm32g431xx.o(HEAP)
    STACK                                    0x20000408   Section     1024  startup_stm32g431xx.o(STACK)
    Stack_Mem                                0x20000408   Data        1024  startup_stm32g431xx.o(STACK)
    __initial_sp                             0x20000808   Data           0  startup_stm32g431xx.o(STACK)

    Global Symbols

    Symbol Name                              Value     Ov Type        Size  Object(Section)

    BuildAttributes$$THM_ISAv4$E$P$D$K$B$S$7EM$VFPi3$EXTD16$VFPS$VFMA$PE$A:L22UL41UL21$X:L11$S22US41US21$IEEE1$IW$USESV6$~STKCKD$USESV7$~SHL$OTIME$ROPI$IEEEJ$EBA8$UX$STANDARDLIB$REQ8$PRES8$EABIv2 0x00000000   Number         0  anon$$obj.o ABSOLUTE
    __ARM_use_no_argv                        0x00000000   Number         0  main.o ABSOLUTE
    _printf_flags                            0x00000000   Number         0  printf_stubs.o ABSOLUTE
    _printf_return_value                     0x00000000   Number         0  printf_stubs.o ABSOLUTE
    _printf_sizespec                         0x00000000   Number         0  printf_stubs.o ABSOLUTE
    _printf_widthprec                        0x00000000   Number         0  printf_stubs.o ABSOLUTE
    __ARM_exceptions_init                     - Undefined Weak Reference
    __alloca_initialize                       - Undefined Weak Reference
    __arm_preinit_                            - Undefined Weak Reference
    __cpp_initialize__aeabi_                  - Undefined Weak Reference
    __cxa_finalize                            - Undefined Weak Reference
    __sigvec_lookup                           - Undefined Weak Reference
    _atexit_init                              - Undefined Weak Reference
    _call_atexit_fns                          - Undefined Weak Reference
    _clock_init                               - Undefined Weak Reference
    _fp_trap_init                             - Undefined Weak Reference
    _fp_trap_shutdown                         - Undefined Weak Reference
    _get_lc_collate                           - Undefined Weak Reference
    _get_lc_ctype                             - Undefined Weak Reference
    _get_lc_monetary                          - Undefined Weak Reference
    _get_lc_time                              - Undefined Weak Reference
    _getenv_init                              - Undefined Weak Reference
    _handle_redirection                       - Undefined Weak Reference
    _init_alloc                               - Undefined Weak Reference
    _init_user_alloc                          - Undefined Weak Reference
    _initio                                   - Undefined Weak Reference
    _printf_post_padding                      - Undefined Weak Reference
    _printf_pre_padding                       - Undefined Weak Reference
    _printf_truncate_signed                   - Undefined Weak Reference
    _printf_truncate_unsigned                 - Undefined Weak Reference
    _rand_init                                - Undefined Weak Reference
    _signal_finish                            - Undefined Weak Reference
    _signal_init                              - Undefined Weak Reference
    _terminate_alloc                          - Undefined Weak Reference
    _terminate_user_alloc                     - Undefined Weak Reference
    _terminateio                              - Undefined Weak Reference
    __Vectors_Size                           0x000001d8   Number         0  startup_stm32g431xx.o ABSOLUTE
    __Vectors                                0x08000000   Data           4  startup_stm32g431xx.o(RESET)
    __Vectors_End                            0x080001d8   Data           0  startup_stm32g431xx.o(RESET)
    __main                                   0x080001d9   Thumb Code     8  __main.o(!!!main)
    __scatterload                            0x080001e1   Thumb Code     0  __scatter.o(!!!scatter)
    __scatterload_rt2                        0x080001e1   Thumb Code    44  __scatter.o(!!!scatter)
    __scatterload_rt2_thumb_only             0x080001e1   Thumb Code     0  __scatter.o(!!!scatter)
    __scatterload_null                       0x080001ef   Thumb Code     0  __scatter.o(!!!scatter)
    __scatterload_copy                       0x08000215   Thumb Code    26  __scatter_copy.o(!!handler_copy)
    __scatterload_zeroinit                   0x08000231   Thumb Code    28  __scatter_zi.o(!!handler_zi)
    _printf_f                                0x0800024d   Thumb Code     0  _printf_f.o(.ARM.Collect$$_printf_percent$$00000003)
    _printf_percent                          0x0800024d   Thumb Code     0  _printf_percent.o(.ARM.Collect$$_printf_percent$$00000000)
    _printf_d                                0x08000253   Thumb Code     0  _printf_d.o(.ARM.Collect$$_printf_percent$$00000009)
    _printf_percent_end                      0x08000259   Thumb Code     0  _printf_percent_end.o(.ARM.Collect$$_printf_percent$$00000017)
    __rt_lib_init                            0x0800025d   Thumb Code     0  libinit.o(.ARM.Collect$$libinit$$00000000)
    __rt_lib_init_fp_1                       0x0800025f   Thumb Code     0  libinit2.o(.ARM.Collect$$libinit$$00000001)
    __rt_lib_init_heap_1                     0x08000263   Thumb Code     0  libinit2.o(.ARM.Collect$$libinit$$0000000A)
    __rt_lib_init_lc_common                  0x08000263   Thumb Code     0  libinit2.o(.ARM.Collect$$libinit$$0000000F)
    __rt_lib_init_preinit_1                  0x08000263   Thumb Code     0  libinit2.o(.ARM.Collect$$libinit$$00000004)
    __rt_lib_init_rand_1                     0x08000263   Thumb Code     0  libinit2.o(.ARM.Collect$$libinit$$0000000E)
    __rt_lib_init_user_alloc_1               0x08000263   Thumb Code     0  libinit2.o(.ARM.Collect$$libinit$$0000000C)
    __rt_lib_init_lc_collate_1               0x08000269   Thumb Code     0  libinit2.o(.ARM.Collect$$libinit$$00000011)
    __rt_lib_init_lc_ctype_1                 0x08000269   Thumb Code     0  libinit2.o(.ARM.Collect$$libinit$$00000013)
    __rt_lib_init_lc_monetary_1              0x08000269   Thumb Code     0  libinit2.o(.ARM.Collect$$libinit$$00000015)
    __rt_lib_init_lc_numeric_2               0x08000269   Thumb Code     0  libinit2.o(.ARM.Collect$$libinit$$00000016)
    __rt_lib_init_alloca_1                   0x08000273   Thumb Code     0  libinit2.o(.ARM.Collect$$libinit$$0000002E)
    __rt_lib_init_argv_1                     0x08000273   Thumb Code     0  libinit2.o(.ARM.Collect$$libinit$$0000002C)
    __rt_lib_init_atexit_1                   0x08000273   Thumb Code     0  libinit2.o(.ARM.Collect$$libinit$$0000001B)
    __rt_lib_init_clock_1                    0x08000273   Thumb Code     0  libinit2.o(.ARM.Collect$$libinit$$00000021)
    __rt_lib_init_cpp_1                      0x08000273   Thumb Code     0  libinit2.o(.ARM.Collect$$libinit$$00000032)
    __rt_lib_init_exceptions_1               0x08000273   Thumb Code     0  libinit2.o(.ARM.Collect$$libinit$$00000030)
    __rt_lib_init_fp_trap_1                  0x08000273   Thumb Code     0  libinit2.o(.ARM.Collect$$libinit$$0000001F)
    __rt_lib_init_getenv_1                   0x08000273   Thumb Code     0  libinit2.o(.ARM.Collect$$libinit$$00000023)
    __rt_lib_init_lc_numeric_1               0x08000273   Thumb Code     0  libinit2.o(.ARM.Collect$$libinit$$00000017)
    __rt_lib_init_lc_time_1                  0x08000273   Thumb Code     0  libinit2.o(.ARM.Collect$$libinit$$00000019)
    __rt_lib_init_return                     0x08000273   Thumb Code     0  libinit2.o(.ARM.Collect$$libinit$$00000033)
    __rt_lib_init_signal_1                   0x08000273   Thumb Code     0  libinit2.o(.ARM.Collect$$libinit$$0000001D)
    __rt_lib_init_stdio_1                    0x08000273   Thumb Code     0  libinit2.o(.ARM.Collect$$libinit$$00000025)
    __rt_lib_shutdown                        0x08000275   Thumb Code     0  libshutdown.o(.ARM.Collect$$libshutdown$$00000000)
    __rt_lib_shutdown_cpp_1                  0x08000277   Thumb Code     0  libshutdown2.o(.ARM.Collect$$libshutdown$$00000002)
    __rt_lib_shutdown_fp_trap_1              0x08000277   Thumb Code     0  libshutdown2.o(.ARM.Collect$$libshutdown$$00000007)
    __rt_lib_shutdown_heap_1                 0x08000277   Thumb Code     0  libshutdown2.o(.ARM.Collect$$libshutdown$$0000000F)
    __rt_lib_shutdown_return                 0x08000277   Thumb Code     0  libshutdown2.o(.ARM.Collect$$libshutdown$$00000010)
    __rt_lib_shutdown_signal_1               0x08000277   Thumb Code     0  libshutdown2.o(.ARM.Collect$$libshutdown$$0000000A)
    __rt_lib_shutdown_stdio_1                0x08000277   Thumb Code     0  libshutdown2.o(.ARM.Collect$$libshutdown$$00000004)
    __rt_lib_shutdown_user_alloc_1           0x08000277   Thumb Code     0  libshutdown2.o(.ARM.Collect$$libshutdown$$0000000C)
    __rt_entry                               0x08000279   Thumb Code     0  __rtentry.o(.ARM.Collect$$rtentry$$00000000)
    __rt_entry_presh_1                       0x08000279   Thumb Code     0  __rtentry2.o(.ARM.Collect$$rtentry$$00000002)
    __rt_entry_sh                            0x08000279   Thumb Code     0  __rtentry4.o(.ARM.Collect$$rtentry$$00000004)
    __rt_entry_li                            0x0800027f   Thumb Code     0  __rtentry2.o(.ARM.Collect$$rtentry$$0000000A)
    __rt_entry_postsh_1                      0x0800027f   Thumb Code     0  __rtentry2.o(.ARM.Collect$$rtentry$$00000009)
    __rt_entry_main                          0x08000283   Thumb Code     0  __rtentry2.o(.ARM.Collect$$rtentry$$0000000D)
    __rt_entry_postli_1                      0x08000283   Thumb Code     0  __rtentry2.o(.ARM.Collect$$rtentry$$0000000C)
    __rt_exit                                0x0800028b   Thumb Code     0  rtexit.o(.ARM.Collect$$rtexit$$00000000)
    __rt_exit_ls                             0x0800028d   Thumb Code     0  rtexit2.o(.ARM.Collect$$rtexit$$00000003)
    __rt_exit_prels_1                        0x0800028d   Thumb Code     0  rtexit2.o(.ARM.Collect$$rtexit$$00000002)
    __rt_exit_exit                           0x08000291   Thumb Code     0  rtexit2.o(.ARM.Collect$$rtexit$$00000004)
    Reset_Handler                            0x08000299   Thumb Code     8  startup_stm32g431xx.o(.text)
    ADC1_2_IRQHandler                        0x080002b3   Thumb Code     0  startup_stm32g431xx.o(.text)
    COMP1_2_3_IRQHandler                     0x080002b3   Thumb Code     0  startup_stm32g431xx.o(.text)
    COMP4_IRQHandler                         0x080002b3   Thumb Code     0  startup_stm32g431xx.o(.text)
    CORDIC_IRQHandler                        0x080002b3   Thumb Code     0  startup_stm32g431xx.o(.text)
    CRS_IRQHandler                           0x080002b3   Thumb Code     0  startup_stm32g431xx.o(.text)
    DMA1_Channel1_IRQHandler                 0x080002b3   Thumb Code     0  startup_stm32g431xx.o(.text)
    DMA1_Channel2_IRQHandler                 0x080002b3   Thumb Code     0  startup_stm32g431xx.o(.text)
    DMA1_Channel3_IRQHandler                 0x080002b3   Thumb Code     0  startup_stm32g431xx.o(.text)
    DMA1_Channel4_IRQHandler                 0x080002b3   Thumb Code     0  startup_stm32g431xx.o(.text)
    DMA1_Channel5_IRQHandler                 0x080002b3   Thumb Code     0  startup_stm32g431xx.o(.text)
    DMA1_Channel6_IRQHandler                 0x080002b3   Thumb Code     0  startup_stm32g431xx.o(.text)
    DMA2_Channel1_IRQHandler                 0x080002b3   Thumb Code     0  startup_stm32g431xx.o(.text)
    DMA2_Channel2_IRQHandler                 0x080002b3   Thumb Code     0  startup_stm32g431xx.o(.text)
    DMA2_Channel3_IRQHandler                 0x080002b3   Thumb Code     0  startup_stm32g431xx.o(.text)
    DMA2_Channel4_IRQHandler                 0x080002b3   Thumb Code     0  startup_stm32g431xx.o(.text)
    DMA2_Channel5_IRQHandler                 0x080002b3   Thumb Code     0  startup_stm32g431xx.o(.text)
    DMA2_Channel6_IRQHandler                 0x080002b3   Thumb Code     0  startup_stm32g431xx.o(.text)
    DMAMUX_OVR_IRQHandler                    0x080002b3   Thumb Code     0  startup_stm32g431xx.o(.text)
    EXTI0_IRQHandler                         0x080002b3   Thumb Code     0  startup_stm32g431xx.o(.text)
    EXTI15_10_IRQHandler                     0x080002b3   Thumb Code     0  startup_stm32g431xx.o(.text)
    EXTI1_IRQHandler                         0x080002b3   Thumb Code     0  startup_stm32g431xx.o(.text)
    EXTI2_IRQHandler                         0x080002b3   Thumb Code     0  startup_stm32g431xx.o(.text)
    EXTI3_IRQHandler                         0x080002b3   Thumb Code     0  startup_stm32g431xx.o(.text)
    EXTI4_IRQHandler                         0x080002b3   Thumb Code     0  startup_stm32g431xx.o(.text)
    EXTI9_5_IRQHandler                       0x080002b3   Thumb Code     0  startup_stm32g431xx.o(.text)
    FDCAN1_IT0_IRQHandler                    0x080002b3   Thumb Code     0  startup_stm32g431xx.o(.text)
    FDCAN1_IT1_IRQHandler                    0x080002b3   Thumb Code     0  startup_stm32g431xx.o(.text)
    FLASH_IRQHandler                         0x080002b3   Thumb Code     0  startup_stm32g431xx.o(.text)
    FMAC_IRQHandler                          0x080002b3   Thumb Code     0  startup_stm32g431xx.o(.text)
    FPU_IRQHandler                           0x080002b3   Thumb Code     0  startup_stm32g431xx.o(.text)
    I2C1_ER_IRQHandler                       0x080002b3   Thumb Code     0  startup_stm32g431xx.o(.text)
    I2C1_EV_IRQHandler                       0x080002b3   Thumb Code     0  startup_stm32g431xx.o(.text)
    I2C2_ER_IRQHandler                       0x080002b3   Thumb Code     0  startup_stm32g431xx.o(.text)
    I2C2_EV_IRQHandler                       0x080002b3   Thumb Code     0  startup_stm32g431xx.o(.text)
    I2C3_ER_IRQHandler                       0x080002b3   Thumb Code     0  startup_stm32g431xx.o(.text)
    I2C3_EV_IRQHandler                       0x080002b3   Thumb Code     0  startup_stm32g431xx.o(.text)
    LPTIM1_IRQHandler                        0x080002b3   Thumb Code     0  startup_stm32g431xx.o(.text)
    LPUART1_IRQHandler                       0x080002b3   Thumb Code     0  startup_stm32g431xx.o(.text)
    PVD_PVM_IRQHandler                       0x080002b3   Thumb Code     0  startup_stm32g431xx.o(.text)
    RCC_IRQHandler                           0x080002b3   Thumb Code     0  startup_stm32g431xx.o(.text)
    RNG_IRQHandler                           0x080002b3   Thumb Code     0  startup_stm32g431xx.o(.text)
    RTC_Alarm_IRQHandler                     0x080002b3   Thumb Code     0  startup_stm32g431xx.o(.text)
    RTC_TAMP_LSECSS_IRQHandler               0x080002b3   Thumb Code     0  startup_stm32g431xx.o(.text)
    RTC_WKUP_IRQHandler                      0x080002b3   Thumb Code     0  startup_stm32g431xx.o(.text)
    SAI1_IRQHandler                          0x080002b3   Thumb Code     0  startup_stm32g431xx.o(.text)
    SPI1_IRQHandler                          0x080002b3   Thumb Code     0  startup_stm32g431xx.o(.text)
    SPI2_IRQHandler                          0x080002b3   Thumb Code     0  startup_stm32g431xx.o(.text)
    SPI3_IRQHandler                          0x080002b3   Thumb Code     0  startup_stm32g431xx.o(.text)
    TIM1_BRK_TIM15_IRQHandler                0x080002b3   Thumb Code     0  startup_stm32g431xx.o(.text)
    TIM1_CC_IRQHandler                       0x080002b3   Thumb Code     0  startup_stm32g431xx.o(.text)
    TIM1_TRG_COM_TIM17_IRQHandler            0x080002b3   Thumb Code     0  startup_stm32g431xx.o(.text)
    TIM1_UP_TIM16_IRQHandler                 0x080002b3   Thumb Code     0  startup_stm32g431xx.o(.text)
    TIM2_IRQHandler                          0x080002b3   Thumb Code     0  startup_stm32g431xx.o(.text)
    TIM3_IRQHandler                          0x080002b3   Thumb Code     0  startup_stm32g431xx.o(.text)
    TIM7_IRQHandler                          0x080002b3   Thumb Code     0  startup_stm32g431xx.o(.text)
    TIM8_BRK_IRQHandler                      0x080002b3   Thumb Code     0  startup_stm32g431xx.o(.text)
    TIM8_CC_IRQHandler                       0x080002b3   Thumb Code     0  startup_stm32g431xx.o(.text)
    TIM8_TRG_COM_IRQHandler                  0x080002b3   Thumb Code     0  startup_stm32g431xx.o(.text)
    TIM8_UP_IRQHandler                       0x080002b3   Thumb Code     0  startup_stm32g431xx.o(.text)
    UART4_IRQHandler                         0x080002b3   Thumb Code     0  startup_stm32g431xx.o(.text)
    UCPD1_IRQHandler                         0x080002b3   Thumb Code     0  startup_stm32g431xx.o(.text)
    USART1_IRQHandler                        0x080002b3   Thumb Code     0  startup_stm32g431xx.o(.text)
    USART2_IRQHandler                        0x080002b3   Thumb Code     0  startup_stm32g431xx.o(.text)
    USART3_IRQHandler                        0x080002b3   Thumb Code     0  startup_stm32g431xx.o(.text)
    USBWakeUp_IRQHandler                     0x080002b3   Thumb Code     0  startup_stm32g431xx.o(.text)
    USB_HP_IRQHandler                        0x080002b3   Thumb Code     0  startup_stm32g431xx.o(.text)
    USB_LP_IRQHandler                        0x080002b3   Thumb Code     0  startup_stm32g431xx.o(.text)
    WWDG_IRQHandler                          0x080002b3   Thumb Code     0  startup_stm32g431xx.o(.text)
    __user_initial_stackheap                 0x080002b5   Thumb Code     0  startup_stm32g431xx.o(.text)
    __2sprintf                               0x080002d9   Thumb Code    34  noretval__2sprintf.o(.text)
    _printf_int_dec                          0x08000301   Thumb Code   104  _printf_dec.o(.text)
    __printf                                 0x08000379   Thumb Code   352  __printf_ss_wp.o(.text)
    __aeabi_memclr4                          0x080004d9   Thumb Code     0  rt_memclr_w.o(.text)
    __aeabi_memclr8                          0x080004d9   Thumb Code     0  rt_memclr_w.o(.text)
    __rt_memclr_w                            0x080004d9   Thumb Code    78  rt_memclr_w.o(.text)
    _memset_w                                0x080004dd   Thumb Code     0  rt_memclr_w.o(.text)
    __use_two_region_memory                  0x08000527   Thumb Code     2  heapauxi.o(.text)
    __rt_heap_escrow$2region                 0x08000529   Thumb Code     2  heapauxi.o(.text)
    __rt_heap_expand$2region                 0x0800052b   Thumb Code     2  heapauxi.o(.text)
    _printf_int_common                       0x0800052d   Thumb Code   178  _printf_intcommon.o(.text)
    __lib_sel_fp_printf                      0x080005df   Thumb Code     2  _printf_fp_dec.o(.text)
    _printf_fp_dec_real                      0x08000791   Thumb Code   620  _printf_fp_dec.o(.text)
    _printf_char_common                      0x08000a07   Thumb Code    32  _printf_char_common.o(.text)
    _sputc                                   0x08000a2d   Thumb Code    10  _sputc.o(.text)
    __rt_locale                              0x08000a39   Thumb Code     8  rt_locale_intlibspace.o(.text)
    _ll_udiv10                               0x08000a41   Thumb Code   138  lludiv10.o(.text)
    _printf_fp_infnan                        0x08000acd   Thumb Code   112  _printf_fp_infnan.o(.text)
    _btod_etento                             0x08000b4d   Thumb Code   224  bigflt0.o(.text)
    __user_libspace                          0x08000c31   Thumb Code     8  libspace.o(.text)
    __user_perproc_libspace                  0x08000c31   Thumb Code     0  libspace.o(.text)
    __user_perthread_libspace                0x08000c31   Thumb Code     0  libspace.o(.text)
    __user_setup_stackheap                   0x08000c39   Thumb Code    74  sys_stackheap_outer.o(.text)
    exit                                     0x08000c83   Thumb Code    18  exit.o(.text)
    strcmp                                   0x08000c95   Thumb Code   128  strcmpv7m.o(.text)
    _sys_exit                                0x08000d15   Thumb Code     8  sys_exit.o(.text)
    __I$use$semihosting                      0x08000d21   Thumb Code     0  use_no_semi.o(.text)
    __use_no_semihosting_swi                 0x08000d21   Thumb Code     2  use_no_semi.o(.text)
    __semihosting_library_function           0x08000d23   Thumb Code     0  indicate_semi.o(.text)
    _btod_d2e                                0x08000d23   Thumb Code    62  btod.o(CL$$btod_d2e)
    _d2e_denorm_low                          0x08000d61   Thumb Code    70  btod.o(CL$$btod_d2e_denorm_low)
    _d2e_norm_op1                            0x08000da7   Thumb Code    96  btod.o(CL$$btod_d2e_norm_op1)
    __btod_div_common                        0x08000e07   Thumb Code   696  btod.o(CL$$btod_div_common)
    _e2e                                     0x0800113f   Thumb Code   220  btod.o(CL$$btod_e2e)
    _btod_ediv                               0x0800121b   Thumb Code    42  btod.o(CL$$btod_ediv)
    _btod_emul                               0x08001245   Thumb Code    42  btod.o(CL$$btod_emul)
    __btod_mult_common                       0x0800126f   Thumb Code   580  btod.o(CL$$btod_mult_common)
    ADC_Enable                               0x080014b5   Thumb Code   154  stm32g4xx_hal_adc.o(i.ADC_Enable)
    BusFault_Handler                         0x08001561   Thumb Code     2  stm32g4xx_it.o(i.BusFault_Handler)
    DebugMon_Handler                         0x08001563   Thumb Code     2  stm32g4xx_it.o(i.DebugMon_Handler)
    Delay_LCD                                0x08001565   Thumb Code    28  bsp_lcd.o(i.Delay_LCD)
    Error_Handler                            0x08001581   Thumb Code     4  main.o(i.Error_Handler)
    HAL_ADC_ConfigChannel                    0x08001585   Thumb Code  1006  stm32g4xx_hal_adc.o(i.HAL_ADC_ConfigChannel)
    HAL_ADC_GetValue                         0x080019a9   Thumb Code     6  stm32g4xx_hal_adc.o(i.HAL_ADC_GetValue)
    HAL_ADC_Init                             0x080019b1   Thumb Code   466  stm32g4xx_hal_adc.o(i.HAL_ADC_Init)
    HAL_ADC_MspInit                          0x08001ba5   Thumb Code   106  adc.o(i.HAL_ADC_MspInit)
    HAL_ADC_Start                            0x08001c1d   Thumb Code   230  stm32g4xx_hal_adc.o(i.HAL_ADC_Start)
    HAL_Delay                                0x08001d11   Thumb Code    32  stm32g4xx_hal.o(i.HAL_Delay)
    HAL_GPIO_Init                            0x08001d35   Thumb Code   550  stm32g4xx_hal_gpio.o(i.HAL_GPIO_Init)
    HAL_GPIO_ReadPin                         0x08001f7d   Thumb Code    10  stm32g4xx_hal_gpio.o(i.HAL_GPIO_ReadPin)
    HAL_GPIO_WritePin                        0x08001f87   Thumb Code    10  stm32g4xx_hal_gpio.o(i.HAL_GPIO_WritePin)
    HAL_GetTick                              0x08001f91   Thumb Code     6  stm32g4xx_hal.o(i.HAL_GetTick)
    HAL_IncTick                              0x08001f9d   Thumb Code    12  stm32g4xx_hal.o(i.HAL_IncTick)
    HAL_Init                                 0x08001fad   Thumb Code    30  stm32g4xx_hal.o(i.HAL_Init)
    HAL_InitTick                             0x08001fcd   Thumb Code    58  stm32g4xx_hal.o(i.HAL_InitTick)
    HAL_MspInit                              0x08002011   Thumb Code    42  stm32g4xx_hal_msp.o(i.HAL_MspInit)
    HAL_NVIC_EnableIRQ                       0x08002041   Thumb Code    26  stm32g4xx_hal_cortex.o(i.HAL_NVIC_EnableIRQ)
    HAL_NVIC_SetPriority                     0x0800205d   Thumb Code    60  stm32g4xx_hal_cortex.o(i.HAL_NVIC_SetPriority)
    HAL_NVIC_SetPriorityGrouping             0x0800209d   Thumb Code    26  stm32g4xx_hal_cortex.o(i.HAL_NVIC_SetPriorityGrouping)
    HAL_PWREx_ControlVoltageScaling          0x080020c1   Thumb Code   174  stm32g4xx_hal_pwr_ex.o(i.HAL_PWREx_ControlVoltageScaling)
    HAL_PWREx_DisableUCPDDeadBattery         0x0800217d   Thumb Code    12  stm32g4xx_hal_pwr_ex.o(i.HAL_PWREx_DisableUCPDDeadBattery)
    HAL_RCCEx_PeriphCLKConfig                0x0800218d   Thumb Code   638  stm32g4xx_hal_rcc_ex.o(i.HAL_RCCEx_PeriphCLKConfig)
    HAL_RCC_ClockConfig                      0x08002415   Thumb Code   444  stm32g4xx_hal_rcc.o(i.HAL_RCC_ClockConfig)
    HAL_RCC_GetSysClockFreq                  0x080025f1   Thumb Code    98  stm32g4xx_hal_rcc.o(i.HAL_RCC_GetSysClockFreq)
    HAL_RCC_OscConfig                        0x08002661   Thumb Code  1028  stm32g4xx_hal_rcc.o(i.HAL_RCC_OscConfig)
    HAL_SYSTICK_Config                       0x08002a65   Thumb Code    40  stm32g4xx_hal_cortex.o(i.HAL_SYSTICK_Config)
    HAL_TIMEx_Break2Callback                 0x08002a8d   Thumb Code     2  stm32g4xx_hal_tim_ex.o(i.HAL_TIMEx_Break2Callback)
    HAL_TIMEx_BreakCallback                  0x08002a8f   Thumb Code     2  stm32g4xx_hal_tim_ex.o(i.HAL_TIMEx_BreakCallback)
    HAL_TIMEx_CommutCallback                 0x08002a91   Thumb Code     2  stm32g4xx_hal_tim_ex.o(i.HAL_TIMEx_CommutCallback)
    HAL_TIMEx_DirectionChangeCallback        0x08002a93   Thumb Code     2  stm32g4xx_hal_tim_ex.o(i.HAL_TIMEx_DirectionChangeCallback)
    HAL_TIMEx_EncoderIndexCallback           0x08002a95   Thumb Code     2  stm32g4xx_hal_tim_ex.o(i.HAL_TIMEx_EncoderIndexCallback)
    HAL_TIMEx_IndexErrorCallback             0x08002a97   Thumb Code     2  stm32g4xx_hal_tim_ex.o(i.HAL_TIMEx_IndexErrorCallback)
    HAL_TIMEx_MasterConfigSynchronization    0x08002a99   Thumb Code   132  stm32g4xx_hal_tim_ex.o(i.HAL_TIMEx_MasterConfigSynchronization)
    HAL_TIMEx_TransitionErrorCallback        0x08002b35   Thumb Code     2  stm32g4xx_hal_tim_ex.o(i.HAL_TIMEx_TransitionErrorCallback)
    HAL_TIM_Base_Init                        0x08002b37   Thumb Code    98  stm32g4xx_hal_tim.o(i.HAL_TIM_Base_Init)
    HAL_TIM_Base_MspInit                     0x08002b99   Thumb Code   108  tim.o(i.HAL_TIM_Base_MspInit)
    HAL_TIM_Base_Start_IT                    0x08002c15   Thumb Code    94  stm32g4xx_hal_tim.o(i.HAL_TIM_Base_Start_IT)
    HAL_TIM_Base_Stop_IT                     0x08002c8d   Thumb Code    48  stm32g4xx_hal_tim.o(i.HAL_TIM_Base_Stop_IT)
    HAL_TIM_ConfigClockSource                0x08002cbd   Thumb Code   246  stm32g4xx_hal_tim.o(i.HAL_TIM_ConfigClockSource)
    HAL_TIM_IC_CaptureCallback               0x08002dbd   Thumb Code     2  stm32g4xx_hal_tim.o(i.HAL_TIM_IC_CaptureCallback)
    HAL_TIM_IRQHandler                       0x08002dbf   Thumb Code   418  stm32g4xx_hal_tim.o(i.HAL_TIM_IRQHandler)
    HAL_TIM_OC_DelayElapsedCallback          0x08002f61   Thumb Code     2  stm32g4xx_hal_tim.o(i.HAL_TIM_OC_DelayElapsedCallback)
    HAL_TIM_PWM_PulseFinishedCallback        0x08002f63   Thumb Code     2  stm32g4xx_hal_tim.o(i.HAL_TIM_PWM_PulseFinishedCallback)
    HAL_TIM_PeriodElapsedCallback            0x08002f65   Thumb Code   150  interrupt.o(i.HAL_TIM_PeriodElapsedCallback)
    HAL_TIM_TriggerCallback                  0x08003011   Thumb Code     2  stm32g4xx_hal_tim.o(i.HAL_TIM_TriggerCallback)
    HardFault_Handler                        0x08003013   Thumb Code     2  stm32g4xx_it.o(i.HardFault_Handler)
    I2CInit                                  0x08003015   Thumb Code    38  i2c_hal.o(i.I2CInit)
    I2CReceiveByte                           0x08003041   Thumb Code    78  i2c_hal.o(i.I2CReceiveByte)
    I2CSendByte                              0x0800308f   Thumb Code    78  i2c_hal.o(i.I2CSendByte)
    I2CStart                                 0x080030dd   Thumb Code    54  i2c_hal.o(i.I2CStart)
    I2CStop                                  0x08003113   Thumb Code    54  i2c_hal.o(i.I2CStop)
    I2CWaitAck                               0x08003149   Thumb Code    78  i2c_hal.o(i.I2CWaitAck)
    LCD_BusIn                                0x08003199   Thumb Code    40  bsp_lcd.o(i.LCD_BusIn)
    LCD_BusOut                               0x080031c5   Thumb Code    42  bsp_lcd.o(i.LCD_BusOut)
    LCD_Clear                                0x080031f5   Thumb Code    36  bsp_lcd.o(i.LCD_Clear)
    LCD_ClearLine                            0x08003219   Thumb Code     6  bsp_lcd.o(i.LCD_ClearLine)
    LCD_CtrlLinesConfig                      0x08003239   Thumb Code   136  bsp_lcd.o(i.LCD_CtrlLinesConfig)
    LCD_DisplayChar                          0x080032c9   Thumb Code    18  bsp_lcd.o(i.LCD_DisplayChar)
    LCD_DisplayStringLine                    0x080032e1   Thumb Code    42  bsp_lcd.o(i.LCD_DisplayStringLine)
    LCD_DrawChar                             0x0800330d   Thumb Code    84  bsp_lcd.o(i.LCD_DrawChar)
    LCD_Init                                 0x08003365   Thumb Code    46  bsp_lcd.o(i.LCD_Init)
    LCD_ReadReg                              0x08003399   Thumb Code   120  bsp_lcd.o(i.LCD_ReadReg)
    LCD_SetBackColor                         0x08003419   Thumb Code    12  bsp_lcd.o(i.LCD_SetBackColor)
    LCD_SetCursor                            0x08003429   Thumb Code    24  bsp_lcd.o(i.LCD_SetCursor)
    LCD_SetTextColor                         0x08003441   Thumb Code    12  bsp_lcd.o(i.LCD_SetTextColor)
    LCD_WriteRAM                             0x08003451   Thumb Code    80  bsp_lcd.o(i.LCD_WriteRAM)
    LCD_WriteRAM_Prepare                     0x080034a9   Thumb Code    82  bsp_lcd.o(i.LCD_WriteRAM_Prepare)
    LCD_WriteReg                             0x08003505   Thumb Code   100  bsp_lcd.o(i.LCD_WriteReg)
    LED_Dsp                                  0x08003571   Thumb Code    54  led.o(i.LED_Dsp)
    MX_ADC2_Init                             0x080035fd   Thumb Code   110  adc.o(i.MX_ADC2_Init)
    MX_GPIO_Init                             0x08003679   Thumb Code   230  gpio.o(i.MX_GPIO_Init)
    MX_TIM17_Init                            0x08003771   Thumb Code    48  tim.o(i.MX_TIM17_Init)
    MX_TIM4_Init                             0x080037a9   Thumb Code    96  tim.o(i.MX_TIM4_Init)
    MX_TIM6_Init                             0x08003811   Thumb Code    64  tim.o(i.MX_TIM6_Init)
    MemManage_Handler                        0x08003859   Thumb Code     2  stm32g4xx_it.o(i.MemManage_Handler)
    NMI_Handler                              0x0800385b   Thumb Code     2  stm32g4xx_it.o(i.NMI_Handler)
    PendSV_Handler                           0x0800385d   Thumb Code     2  stm32g4xx_it.o(i.PendSV_Handler)
    REG_8230_Init                            0x0800385f   Thumb Code   274  bsp_lcd.o(i.REG_8230_Init)
    REG_932X_Init                            0x08003971   Thumb Code   514  bsp_lcd.o(i.REG_932X_Init)
    SCL_Output                               0x08003b75   Thumb Code    20  i2c_hal.o(i.SCL_Output)
    SDA_Input                                0x08003b8d   Thumb Code    18  i2c_hal.o(i.SDA_Input)
    SDA_Input_Mode                           0x08003ba5   Thumb Code    40  i2c_hal.o(i.SDA_Input_Mode)
    SDA_Output                               0x08003bd1   Thumb Code    20  i2c_hal.o(i.SDA_Output)
    SDA_Output_Mode                          0x08003be9   Thumb Code    40  i2c_hal.o(i.SDA_Output_Mode)
    SVC_Handler                              0x08003c15   Thumb Code     2  stm32g4xx_it.o(i.SVC_Handler)
    SysTick_Handler                          0x08003c17   Thumb Code     4  stm32g4xx_it.o(i.SysTick_Handler)
    SystemClock_Config                       0x08003c1b   Thumb Code   102  main.o(i.SystemClock_Config)
    SystemInit                               0x08003c81   Thumb Code    12  system_stm32g4xx.o(i.SystemInit)
    TIM4_IRQHandler                          0x08003c91   Thumb Code     6  stm32g4xx_it.o(i.TIM4_IRQHandler)
    TIM6_DAC_IRQHandler                      0x08003c9d   Thumb Code     6  stm32g4xx_it.o(i.TIM6_DAC_IRQHandler)
    TIM_Base_SetConfig                       0x08003ca9   Thumb Code   160  stm32g4xx_hal_tim.o(i.TIM_Base_SetConfig)
    TIM_ETR_SetConfig                        0x08003d65   Thumb Code    20  stm32g4xx_hal_tim.o(i.TIM_ETR_SetConfig)
    UsageFault_Handler                       0x08003dd3   Thumb Code     2  stm32g4xx_it.o(i.UsageFault_Handler)
    __ARM_fpclassify                         0x08003dd5   Thumb Code    48  fpclassify.o(i.__ARM_fpclassify)
    _is_digit                                0x08003e25   Thumb Code    14  __printf_wp.o(i._is_digit)
    adc_timer_proc                           0x08003e35   Thumb Code   148  main.o(i.adc_timer_proc)
    eeprom_read                              0x08003ee5   Thumb Code    64  i2c_hal.o(i.eeprom_read)
    eeprom_write                             0x08003f25   Thumb Code    48  i2c_hal.o(i.eeprom_write)
    getADC                                   0x08003f55   Thumb Code    48  badc.o(i.getADC)
    key_proc                                 0x08003f95   Thumb Code   176  main.o(i.key_proc)
    lcd_proc                                 0x08004065   Thumb Code   210  main.o(i.lcd_proc)
    led_proc                                 0x080041b1   Thumb Code    28  main.o(i.led_proc)
    main                                     0x080041d1   Thumb Code   138  main.o(i.main)
    para_judge                               0x08004265   Thumb Code    64  main.o(i.para_judge)
    _get_lc_numeric                          0x080042b1   Thumb Code    44  lc_numeric_c.o(locale$$code)
    __aeabi_dadd                             0x080042dd   Thumb Code     0  daddsub_clz.o(x$fpl$dadd)
    _dadd                                    0x080042dd   Thumb Code   332  daddsub_clz.o(x$fpl$dadd)
    __fpl_dcmp_Inf                           0x0800442d   Thumb Code    24  dcmpi.o(x$fpl$dcmpinf)
    __aeabi_ddiv                             0x08004445   Thumb Code     0  ddiv.o(x$fpl$ddiv)
    _ddiv                                    0x08004445   Thumb Code   552  ddiv.o(x$fpl$ddiv)
    __aeabi_ui2d                             0x080046f5   Thumb Code     0  dflt_clz.o(x$fpl$dfltu)
    _dfltu                                   0x080046f5   Thumb Code    38  dflt_clz.o(x$fpl$dfltu)
    __aeabi_cdcmple                          0x0800471d   Thumb Code     0  dleqf.o(x$fpl$dleqf)
    _dcmple                                  0x0800471d   Thumb Code   120  dleqf.o(x$fpl$dleqf)
    __fpl_dcmple_InfNaN                      0x0800477f   Thumb Code     0  dleqf.o(x$fpl$dleqf)
    __aeabi_dmul                             0x08004795   Thumb Code     0  dmul.o(x$fpl$dmul)
    _dmul                                    0x08004795   Thumb Code   332  dmul.o(x$fpl$dmul)
    __fpl_dnaninf                            0x080048e9   Thumb Code   156  dnaninf.o(x$fpl$dnaninf)
    __fpl_dretinf                            0x08004985   Thumb Code    12  dretinf.o(x$fpl$dretinf)
    __aeabi_cdrcmple                         0x08004991   Thumb Code     0  drleqf.o(x$fpl$drleqf)
    _drcmple                                 0x08004991   Thumb Code   108  drleqf.o(x$fpl$drleqf)
    __aeabi_dsub                             0x080049fd   Thumb Code     0  daddsub_clz.o(x$fpl$dsub)
    _dsub                                    0x080049fd   Thumb Code   464  daddsub_clz.o(x$fpl$dsub)
    _fp_init                                 0x08004bd1   Thumb Code    10  fpinit.o(x$fpl$fpinit)
    __fplib_config_fpu_vfp                   0x08004bd9   Thumb Code     0  fpinit.o(x$fpl$fpinit)
    __fplib_config_pureend_doubles           0x08004bd9   Thumb Code     0  fpinit.o(x$fpl$fpinit)
    _printf_fp_dec                           0x08004bdb   Thumb Code     4  printf1.o(x$fpl$printf1)
    AHBPrescTable                            0x08004bde   Data          16  system_stm32g4xx.o(.constdata)
    __I$use$fp                               0x08004bde   Number         0  usenofp.o(x$fpl$usenofp)
    ASCII_Table                              0x08004bee   Data        4560  bsp_lcd.o(.constdata)
    Region$$Table$$Base                      0x08005e54   Number         0  anon$$obj.o(Region$$Table)
    Region$$Table$$Limit                     0x08005e74   Number         0  anon$$obj.o(Region$$Table)
    view                                     0x20000000   Data           1  main.o(.data)
    eep_test                                 0x20000001   Data           1  main.o(.data)
    led1_flag                                0x20000002   Data           1  main.o(.data)
    led2_flag                                0x20000003   Data           1  main.o(.data)
    eep_flag                                 0x20000004   Data           1  main.o(.data)
    time_start_flag                          0x20000008   Data           4  main.o(.data)
    time_stop_flag                           0x2000000c   Data           4  main.o(.data)
    Vmax                                     0x20000010   Data           8  main.o(.data)
    Vmin                                     0x20000018   Data           8  main.o(.data)
    Vmax_temp                                0x20000020   Data           8  main.o(.data)
    Vmin_temp                                0x20000028   Data           8  main.o(.data)
    uwTickPrio                               0x20000030   Data           4  stm32g4xx_hal.o(.data)
    uwTickFreq                               0x20000034   Data           4  stm32g4xx_hal.o(.data)
    uwTick                                   0x20000038   Data           4  stm32g4xx_hal.o(.data)
    SystemCoreClock                          0x2000003c   Data           4  system_stm32g4xx.o(.data)
    dummy                                    0x20000044   Data           2  bsp_lcd.o(.data)
    time_count                               0x20000048   Data           4  interrupt.o(.data)
    hadc2                                    0x2000004c   Data         108  adc.o(.bss)
    htim4                                    0x200000b8   Data          76  tim.o(.bss)
    htim6                                    0x20000104   Data          76  tim.o(.bss)
    htim17                                   0x20000150   Data          76  tim.o(.bss)
    key                                      0x2000019c   Data          12  interrupt.o(.bss)
    __libspace_start                         0x200001a8   Data          96  libspace.o(.bss)
    __temporary_stack_top$libspace           0x20000208   Data           0  libspace.o(.bss)



==============================================================================

Memory Map of the image

  Image Entry point : 0x080001d9

  Load Region LR_IROM1 (Base: 0x08000000, Size: 0x00005edc, Max: 0x00020000, ABSOLUTE)

    Execution Region ER_IROM1 (Exec base: 0x08000000, Load base: 0x08000000, Size: 0x00005e90, Max: 0x00020000, ABSOLUTE)

    Exec Addr    Load Addr    Size         Type   Attr      Idx    E Section Name        Object

    0x08000000   0x08000000   0x000001d8   Data   RO            3    RESET               startup_stm32g431xx.o
    0x080001d8   0x080001d8   0x00000008   Code   RO         4014  * !!!main             c_w.l(__main.o)
    0x080001e0   0x080001e0   0x00000034   Code   RO         4256    !!!scatter          c_w.l(__scatter.o)
    0x08000214   0x08000214   0x0000001a   Code   RO         4258    !!handler_copy      c_w.l(__scatter_copy.o)
    0x0800022e   0x0800022e   0x00000002   PAD
    0x08000230   0x08000230   0x0000001c   Code   RO         4260    !!handler_zi        c_w.l(__scatter_zi.o)
    0x0800024c   0x0800024c   0x00000000   Code   RO         4009    .ARM.Collect$$_printf_percent$$00000000  c_w.l(_printf_percent.o)
    0x0800024c   0x0800024c   0x00000006   Code   RO         4008    .ARM.Collect$$_printf_percent$$00000003  c_w.l(_printf_f.o)
    0x08000252   0x08000252   0x00000006   Code   RO         4007    .ARM.Collect$$_printf_percent$$00000009  c_w.l(_printf_d.o)
    0x08000258   0x08000258   0x00000004   Code   RO         4049    .ARM.Collect$$_printf_percent$$00000017  c_w.l(_printf_percent_end.o)
    0x0800025c   0x0800025c   0x00000002   Code   RO         4129    .ARM.Collect$$libinit$$00000000  c_w.l(libinit.o)
    0x0800025e   0x0800025e   0x00000004   Code   RO         4130    .ARM.Collect$$libinit$$00000001  c_w.l(libinit2.o)
    0x08000262   0x08000262   0x00000000   Code   RO         4133    .ARM.Collect$$libinit$$00000004  c_w.l(libinit2.o)
    0x08000262   0x08000262   0x00000000   Code   RO         4136    .ARM.Collect$$libinit$$0000000A  c_w.l(libinit2.o)
    0x08000262   0x08000262   0x00000000   Code   RO         4138    .ARM.Collect$$libinit$$0000000C  c_w.l(libinit2.o)
    0x08000262   0x08000262   0x00000000   Code   RO         4140    .ARM.Collect$$libinit$$0000000E  c_w.l(libinit2.o)
    0x08000262   0x08000262   0x00000006   Code   RO         4141    .ARM.Collect$$libinit$$0000000F  c_w.l(libinit2.o)
    0x08000268   0x08000268   0x00000000   Code   RO         4143    .ARM.Collect$$libinit$$00000011  c_w.l(libinit2.o)
    0x08000268   0x08000268   0x00000000   Code   RO         4145    .ARM.Collect$$libinit$$00000013  c_w.l(libinit2.o)
    0x08000268   0x08000268   0x00000000   Code   RO         4147    .ARM.Collect$$libinit$$00000015  c_w.l(libinit2.o)
    0x08000268   0x08000268   0x0000000a   Code   RO         4148    .ARM.Collect$$libinit$$00000016  c_w.l(libinit2.o)
    0x08000272   0x08000272   0x00000000   Code   RO         4149    .ARM.Collect$$libinit$$00000017  c_w.l(libinit2.o)
    0x08000272   0x08000272   0x00000000   Code   RO         4151    .ARM.Collect$$libinit$$00000019  c_w.l(libinit2.o)
    0x08000272   0x08000272   0x00000000   Code   RO         4153    .ARM.Collect$$libinit$$0000001B  c_w.l(libinit2.o)
    0x08000272   0x08000272   0x00000000   Code   RO         4155    .ARM.Collect$$libinit$$0000001D  c_w.l(libinit2.o)
    0x08000272   0x08000272   0x00000000   Code   RO         4157    .ARM.Collect$$libinit$$0000001F  c_w.l(libinit2.o)
    0x08000272   0x08000272   0x00000000   Code   RO         4159    .ARM.Collect$$libinit$$00000021  c_w.l(libinit2.o)
    0x08000272   0x08000272   0x00000000   Code   RO         4161    .ARM.Collect$$libinit$$00000023  c_w.l(libinit2.o)
    0x08000272   0x08000272   0x00000000   Code   RO         4163    .ARM.Collect$$libinit$$00000025  c_w.l(libinit2.o)
    0x08000272   0x08000272   0x00000000   Code   RO         4167    .ARM.Collect$$libinit$$0000002C  c_w.l(libinit2.o)
    0x08000272   0x08000272   0x00000000   Code   RO         4169    .ARM.Collect$$libinit$$0000002E  c_w.l(libinit2.o)
    0x08000272   0x08000272   0x00000000   Code   RO         4171    .ARM.Collect$$libinit$$00000030  c_w.l(libinit2.o)
    0x08000272   0x08000272   0x00000000   Code   RO         4173    .ARM.Collect$$libinit$$00000032  c_w.l(libinit2.o)
    0x08000272   0x08000272   0x00000002   Code   RO         4174    .ARM.Collect$$libinit$$00000033  c_w.l(libinit2.o)
    0x08000274   0x08000274   0x00000002   Code   RO         4204    .ARM.Collect$$libshutdown$$00000000  c_w.l(libshutdown.o)
    0x08000276   0x08000276   0x00000000   Code   RO         4215    .ARM.Collect$$libshutdown$$00000002  c_w.l(libshutdown2.o)
    0x08000276   0x08000276   0x00000000   Code   RO         4217    .ARM.Collect$$libshutdown$$00000004  c_w.l(libshutdown2.o)
    0x08000276   0x08000276   0x00000000   Code   RO         4220    .ARM.Collect$$libshutdown$$00000007  c_w.l(libshutdown2.o)
    0x08000276   0x08000276   0x00000000   Code   RO         4223    .ARM.Collect$$libshutdown$$0000000A  c_w.l(libshutdown2.o)
    0x08000276   0x08000276   0x00000000   Code   RO         4225    .ARM.Collect$$libshutdown$$0000000C  c_w.l(libshutdown2.o)
    0x08000276   0x08000276   0x00000000   Code   RO         4228    .ARM.Collect$$libshutdown$$0000000F  c_w.l(libshutdown2.o)
    0x08000276   0x08000276   0x00000002   Code   RO         4229    .ARM.Collect$$libshutdown$$00000010  c_w.l(libshutdown2.o)
    0x08000278   0x08000278   0x00000000   Code   RO         4040    .ARM.Collect$$rtentry$$00000000  c_w.l(__rtentry.o)
    0x08000278   0x08000278   0x00000000   Code   RO         4058    .ARM.Collect$$rtentry$$00000002  c_w.l(__rtentry2.o)
    0x08000278   0x08000278   0x00000006   Code   RO         4070    .ARM.Collect$$rtentry$$00000004  c_w.l(__rtentry4.o)
    0x0800027e   0x0800027e   0x00000000   Code   RO         4060    .ARM.Collect$$rtentry$$00000009  c_w.l(__rtentry2.o)
    0x0800027e   0x0800027e   0x00000004   Code   RO         4061    .ARM.Collect$$rtentry$$0000000A  c_w.l(__rtentry2.o)
    0x08000282   0x08000282   0x00000000   Code   RO         4063    .ARM.Collect$$rtentry$$0000000C  c_w.l(__rtentry2.o)
    0x08000282   0x08000282   0x00000008   Code   RO         4064    .ARM.Collect$$rtentry$$0000000D  c_w.l(__rtentry2.o)
    0x0800028a   0x0800028a   0x00000002   Code   RO         4175    .ARM.Collect$$rtexit$$00000000  c_w.l(rtexit.o)
    0x0800028c   0x0800028c   0x00000000   Code   RO         4182    .ARM.Collect$$rtexit$$00000002  c_w.l(rtexit2.o)
    0x0800028c   0x0800028c   0x00000004   Code   RO         4183    .ARM.Collect$$rtexit$$00000003  c_w.l(rtexit2.o)
    0x08000290   0x08000290   0x00000006   Code   RO         4184    .ARM.Collect$$rtexit$$00000004  c_w.l(rtexit2.o)
    0x08000296   0x08000296   0x00000002   PAD
    0x08000298   0x08000298   0x00000040   Code   RO            4    .text               startup_stm32g431xx.o
    0x080002d8   0x080002d8   0x00000028   Code   RO         3981    .text               c_w.l(noretval__2sprintf.o)
    0x08000300   0x08000300   0x00000078   Code   RO         3985    .text               c_w.l(_printf_dec.o)
    0x08000378   0x08000378   0x00000160   Code   RO         4002    .text               c_w.l(__printf_ss_wp.o)
    0x080004d8   0x080004d8   0x0000004e   Code   RO         4010    .text               c_w.l(rt_memclr_w.o)
    0x08000526   0x08000526   0x00000006   Code   RO         4012    .text               c_w.l(heapauxi.o)
    0x0800052c   0x0800052c   0x000000b2   Code   RO         4041    .text               c_w.l(_printf_intcommon.o)
    0x080005de   0x080005de   0x0000041e   Code   RO         4043    .text               c_w.l(_printf_fp_dec.o)
    0x080009fc   0x080009fc   0x00000030   Code   RO         4045    .text               c_w.l(_printf_char_common.o)
    0x08000a2c   0x08000a2c   0x0000000a   Code   RO         4047    .text               c_w.l(_sputc.o)
    0x08000a36   0x08000a36   0x00000002   PAD
    0x08000a38   0x08000a38   0x00000008   Code   RO         4075    .text               c_w.l(rt_locale_intlibspace.o)
    0x08000a40   0x08000a40   0x0000008a   Code   RO         4077    .text               c_w.l(lludiv10.o)
    0x08000aca   0x08000aca   0x00000002   PAD
    0x08000acc   0x08000acc   0x00000080   Code   RO         4079    .text               c_w.l(_printf_fp_infnan.o)
    0x08000b4c   0x08000b4c   0x000000e4   Code   RO         4083    .text               c_w.l(bigflt0.o)
    0x08000c30   0x08000c30   0x00000008   Code   RO         4115    .text               c_w.l(libspace.o)
    0x08000c38   0x08000c38   0x0000004a   Code   RO         4118    .text               c_w.l(sys_stackheap_outer.o)
    0x08000c82   0x08000c82   0x00000012   Code   RO         4120    .text               c_w.l(exit.o)
    0x08000c94   0x08000c94   0x00000080   Code   RO         4122    .text               c_w.l(strcmpv7m.o)
    0x08000d14   0x08000d14   0x0000000c   Code   RO         4194    .text               c_w.l(sys_exit.o)
    0x08000d20   0x08000d20   0x00000002   Code   RO         4205    .text               c_w.l(use_no_semi.o)
    0x08000d22   0x08000d22   0x00000000   Code   RO         4207    .text               c_w.l(indicate_semi.o)
    0x08000d22   0x08000d22   0x0000003e   Code   RO         4086    CL$$btod_d2e        c_w.l(btod.o)
    0x08000d60   0x08000d60   0x00000046   Code   RO         4088    CL$$btod_d2e_denorm_low  c_w.l(btod.o)
    0x08000da6   0x08000da6   0x00000060   Code   RO         4087    CL$$btod_d2e_norm_op1  c_w.l(btod.o)
    0x08000e06   0x08000e06   0x00000338   Code   RO         4096    CL$$btod_div_common  c_w.l(btod.o)
    0x0800113e   0x0800113e   0x000000dc   Code   RO         4093    CL$$btod_e2e        c_w.l(btod.o)
    0x0800121a   0x0800121a   0x0000002a   Code   RO         4090    CL$$btod_ediv       c_w.l(btod.o)
    0x08001244   0x08001244   0x0000002a   Code   RO         4089    CL$$btod_emul       c_w.l(btod.o)
    0x0800126e   0x0800126e   0x00000244   Code   RO         4095    CL$$btod_mult_common  c_w.l(btod.o)
    0x080014b2   0x080014b2   0x00000002   PAD
    0x080014b4   0x080014b4   0x000000ac   Code   RO          456    i.ADC_Enable        stm32g4xx_hal_adc.o
    0x08001560   0x08001560   0x00000002   Code   RO          339    i.BusFault_Handler  stm32g4xx_it.o
    0x08001562   0x08001562   0x00000002   Code   RO          340    i.DebugMon_Handler  stm32g4xx_it.o
    0x08001564   0x08001564   0x0000001c   Code   RO         3574    i.Delay_LCD         bsp_lcd.o
    0x08001580   0x08001580   0x00000004   Code   RO           13    i.Error_Handler     main.o
    0x08001584   0x08001584   0x00000424   Code   RO          458    i.HAL_ADC_ConfigChannel  stm32g4xx_hal_adc.o
    0x080019a8   0x080019a8   0x00000006   Code   RO          465    i.HAL_ADC_GetValue  stm32g4xx_hal_adc.o
    0x080019ae   0x080019ae   0x00000002   PAD
    0x080019b0   0x080019b0   0x000001f4   Code   RO          467    i.HAL_ADC_Init      stm32g4xx_hal_adc.o
    0x08001ba4   0x08001ba4   0x00000078   Code   RO          244    i.HAL_ADC_MspInit   adc.o
    0x08001c1c   0x08001c1c   0x000000f4   Code   RO          473    i.HAL_ADC_Start     stm32g4xx_hal_adc.o
    0x08001d10   0x08001d10   0x00000024   Code   RO          905    i.HAL_Delay         stm32g4xx_hal.o
    0x08001d34   0x08001d34   0x00000248   Code   RO         1614    i.HAL_GPIO_Init     stm32g4xx_hal_gpio.o
    0x08001f7c   0x08001f7c   0x0000000a   Code   RO         1616    i.HAL_GPIO_ReadPin  stm32g4xx_hal_gpio.o
    0x08001f86   0x08001f86   0x0000000a   Code   RO         1618    i.HAL_GPIO_WritePin  stm32g4xx_hal_gpio.o
    0x08001f90   0x08001f90   0x0000000c   Code   RO          909    i.HAL_GetTick       stm32g4xx_hal.o
    0x08001f9c   0x08001f9c   0x00000010   Code   RO          915    i.HAL_IncTick       stm32g4xx_hal.o
    0x08001fac   0x08001fac   0x0000001e   Code   RO          916    i.HAL_Init          stm32g4xx_hal.o
    0x08001fca   0x08001fca   0x00000002   PAD
    0x08001fcc   0x08001fcc   0x00000044   Code   RO          917    i.HAL_InitTick      stm32g4xx_hal.o
    0x08002010   0x08002010   0x00000030   Code   RO          427    i.HAL_MspInit       stm32g4xx_hal_msp.o
    0x08002040   0x08002040   0x0000001a   Code   RO         2261    i.HAL_NVIC_EnableIRQ  stm32g4xx_hal_cortex.o
    0x0800205a   0x0800205a   0x00000002   PAD
    0x0800205c   0x0800205c   0x00000040   Code   RO         2267    i.HAL_NVIC_SetPriority  stm32g4xx_hal_cortex.o
    0x0800209c   0x0800209c   0x00000024   Code   RO         2268    i.HAL_NVIC_SetPriorityGrouping  stm32g4xx_hal_cortex.o
    0x080020c0   0x080020c0   0x000000bc   Code   RO         2017    i.HAL_PWREx_ControlVoltageScaling  stm32g4xx_hal_pwr_ex.o
    0x0800217c   0x0800217c   0x00000010   Code   RO         2029    i.HAL_PWREx_DisableUCPDDeadBattery  stm32g4xx_hal_pwr_ex.o
    0x0800218c   0x0800218c   0x00000288   Code   RO         1276    i.HAL_RCCEx_PeriphCLKConfig  stm32g4xx_hal_rcc_ex.o
    0x08002414   0x08002414   0x000001dc   Code   RO         1151    i.HAL_RCC_ClockConfig  stm32g4xx_hal_rcc.o
    0x080025f0   0x080025f0   0x00000070   Code   RO         1161    i.HAL_RCC_GetSysClockFreq  stm32g4xx_hal_rcc.o
    0x08002660   0x08002660   0x00000404   Code   RO         1164    i.HAL_RCC_OscConfig  stm32g4xx_hal_rcc.o
    0x08002a64   0x08002a64   0x00000028   Code   RO         2272    i.HAL_SYSTICK_Config  stm32g4xx_hal_cortex.o
    0x08002a8c   0x08002a8c   0x00000002   Code   RO         3107    i.HAL_TIMEx_Break2Callback  stm32g4xx_hal_tim_ex.o
    0x08002a8e   0x08002a8e   0x00000002   Code   RO         3108    i.HAL_TIMEx_BreakCallback  stm32g4xx_hal_tim_ex.o
    0x08002a90   0x08002a90   0x00000002   Code   RO         3109    i.HAL_TIMEx_CommutCallback  stm32g4xx_hal_tim_ex.o
    0x08002a92   0x08002a92   0x00000002   Code   RO         3120    i.HAL_TIMEx_DirectionChangeCallback  stm32g4xx_hal_tim_ex.o
    0x08002a94   0x08002a94   0x00000002   Code   RO         3134    i.HAL_TIMEx_EncoderIndexCallback  stm32g4xx_hal_tim_ex.o
    0x08002a96   0x08002a96   0x00000002   Code   RO         3148    i.HAL_TIMEx_IndexErrorCallback  stm32g4xx_hal_tim_ex.o
    0x08002a98   0x08002a98   0x0000009c   Code   RO         3149    i.HAL_TIMEx_MasterConfigSynchronization  stm32g4xx_hal_tim_ex.o
    0x08002b34   0x08002b34   0x00000002   Code   RO         3170    i.HAL_TIMEx_TransitionErrorCallback  stm32g4xx_hal_tim_ex.o
    0x08002b36   0x08002b36   0x00000062   Code   RO         2393    i.HAL_TIM_Base_Init  stm32g4xx_hal_tim.o
    0x08002b98   0x08002b98   0x0000007c   Code   RO          286    i.HAL_TIM_Base_MspInit  tim.o
    0x08002c14   0x08002c14   0x00000078   Code   RO         2398    i.HAL_TIM_Base_Start_IT  stm32g4xx_hal_tim.o
    0x08002c8c   0x08002c8c   0x00000030   Code   RO         2401    i.HAL_TIM_Base_Stop_IT  stm32g4xx_hal_tim.o
    0x08002cbc   0x08002cbc   0x00000100   Code   RO         2402    i.HAL_TIM_ConfigClockSource  stm32g4xx_hal_tim.o
    0x08002dbc   0x08002dbc   0x00000002   Code   RO         2427    i.HAL_TIM_IC_CaptureCallback  stm32g4xx_hal_tim.o
    0x08002dbe   0x08002dbe   0x000001a2   Code   RO         2441    i.HAL_TIM_IRQHandler  stm32g4xx_hal_tim.o
    0x08002f60   0x08002f60   0x00000002   Code   RO         2444    i.HAL_TIM_OC_DelayElapsedCallback  stm32g4xx_hal_tim.o
    0x08002f62   0x08002f62   0x00000002   Code   RO         2471    i.HAL_TIM_PWM_PulseFinishedCallback  stm32g4xx_hal_tim.o
    0x08002f64   0x08002f64   0x000000ac   Code   RO         3783    i.HAL_TIM_PeriodElapsedCallback  interrupt.o
    0x08003010   0x08003010   0x00000002   Code   RO         2484    i.HAL_TIM_TriggerCallback  stm32g4xx_hal_tim.o
    0x08003012   0x08003012   0x00000002   Code   RO          341    i.HardFault_Handler  stm32g4xx_it.o
    0x08003014   0x08003014   0x0000002c   Code   RO         3868    i.I2CInit           i2c_hal.o
    0x08003040   0x08003040   0x0000004e   Code   RO         3869    i.I2CReceiveByte    i2c_hal.o
    0x0800308e   0x0800308e   0x0000004e   Code   RO         3871    i.I2CSendByte       i2c_hal.o
    0x080030dc   0x080030dc   0x00000036   Code   RO         3873    i.I2CStart          i2c_hal.o
    0x08003112   0x08003112   0x00000036   Code   RO         3874    i.I2CStop           i2c_hal.o
    0x08003148   0x08003148   0x0000004e   Code   RO         3875    i.I2CWaitAck        i2c_hal.o
    0x08003196   0x08003196   0x00000002   PAD
    0x08003198   0x08003198   0x0000002c   Code   RO         3575    i.LCD_BusIn         bsp_lcd.o
    0x080031c4   0x080031c4   0x00000030   Code   RO         3576    i.LCD_BusOut        bsp_lcd.o
    0x080031f4   0x080031f4   0x00000024   Code   RO         3577    i.LCD_Clear         bsp_lcd.o
    0x08003218   0x08003218   0x00000020   Code   RO         3578    i.LCD_ClearLine     bsp_lcd.o
    0x08003238   0x08003238   0x00000090   Code   RO         3579    i.LCD_CtrlLinesConfig  bsp_lcd.o
    0x080032c8   0x080032c8   0x00000018   Code   RO         3580    i.LCD_DisplayChar   bsp_lcd.o
    0x080032e0   0x080032e0   0x0000002a   Code   RO         3583    i.LCD_DisplayStringLine  bsp_lcd.o
    0x0800330a   0x0800330a   0x00000002   PAD
    0x0800330c   0x0800330c   0x00000058   Code   RO         3584    i.LCD_DrawChar      bsp_lcd.o
    0x08003364   0x08003364   0x00000034   Code   RO         3590    i.LCD_Init          bsp_lcd.o
    0x08003398   0x08003398   0x00000080   Code   RO         3593    i.LCD_ReadReg       bsp_lcd.o
    0x08003418   0x08003418   0x00000010   Code   RO         3594    i.LCD_SetBackColor  bsp_lcd.o
    0x08003428   0x08003428   0x00000018   Code   RO         3595    i.LCD_SetCursor     bsp_lcd.o
    0x08003440   0x08003440   0x00000010   Code   RO         3597    i.LCD_SetTextColor  bsp_lcd.o
    0x08003450   0x08003450   0x00000058   Code   RO         3600    i.LCD_WriteRAM      bsp_lcd.o
    0x080034a8   0x080034a8   0x0000005c   Code   RO         3601    i.LCD_WriteRAM_Prepare  bsp_lcd.o
    0x08003504   0x08003504   0x0000006c   Code   RO         3602    i.LCD_WriteReg      bsp_lcd.o
    0x08003570   0x08003570   0x00000040   Code   RO         3814    i.LED_Dsp           led.o
    0x080035b0   0x080035b0   0x0000000c   Code   RO          481    i.LL_ADC_GetOffsetChannel  stm32g4xx_hal_adc.o
    0x080035bc   0x080035bc   0x00000008   Code   RO          482    i.LL_ADC_INJ_IsConversionOngoing  stm32g4xx_hal_adc.o
    0x080035c4   0x080035c4   0x00000008   Code   RO          483    i.LL_ADC_REG_IsConversionOngoing  stm32g4xx_hal_adc.o
    0x080035cc   0x080035cc   0x0000001e   Code   RO          486    i.LL_ADC_SetChannelSamplingTime  stm32g4xx_hal_adc.o
    0x080035ea   0x080035ea   0x00000010   Code   RO          487    i.LL_ADC_SetOffsetState  stm32g4xx_hal_adc.o
    0x080035fa   0x080035fa   0x00000002   PAD
    0x080035fc   0x080035fc   0x0000007c   Code   RO          245    i.MX_ADC2_Init      adc.o
    0x08003678   0x08003678   0x000000f8   Code   RO          219    i.MX_GPIO_Init      gpio.o
    0x08003770   0x08003770   0x00000038   Code   RO          287    i.MX_TIM17_Init     tim.o
    0x080037a8   0x080037a8   0x00000068   Code   RO          288    i.MX_TIM4_Init      tim.o
    0x08003810   0x08003810   0x00000048   Code   RO          289    i.MX_TIM6_Init      tim.o
    0x08003858   0x08003858   0x00000002   Code   RO          342    i.MemManage_Handler  stm32g4xx_it.o
    0x0800385a   0x0800385a   0x00000002   Code   RO          343    i.NMI_Handler       stm32g4xx_it.o
    0x0800385c   0x0800385c   0x00000002   Code   RO          344    i.PendSV_Handler    stm32g4xx_it.o
    0x0800385e   0x0800385e   0x00000112   Code   RO         3603    i.REG_8230_Init     bsp_lcd.o
    0x08003970   0x08003970   0x00000202   Code   RO         3604    i.REG_932X_Init     bsp_lcd.o
    0x08003b72   0x08003b72   0x00000002   PAD
    0x08003b74   0x08003b74   0x00000018   Code   RO         3876    i.SCL_Output        i2c_hal.o
    0x08003b8c   0x08003b8c   0x00000018   Code   RO         3877    i.SDA_Input         i2c_hal.o
    0x08003ba4   0x08003ba4   0x0000002c   Code   RO         3878    i.SDA_Input_Mode    i2c_hal.o
    0x08003bd0   0x08003bd0   0x00000018   Code   RO         3879    i.SDA_Output        i2c_hal.o
    0x08003be8   0x08003be8   0x0000002c   Code   RO         3880    i.SDA_Output_Mode   i2c_hal.o
    0x08003c14   0x08003c14   0x00000002   Code   RO          345    i.SVC_Handler       stm32g4xx_it.o
    0x08003c16   0x08003c16   0x00000004   Code   RO          346    i.SysTick_Handler   stm32g4xx_it.o
    0x08003c1a   0x08003c1a   0x00000066   Code   RO           14    i.SystemClock_Config  main.o
    0x08003c80   0x08003c80   0x00000010   Code   RO         3537    i.SystemInit        system_stm32g4xx.o
    0x08003c90   0x08003c90   0x0000000c   Code   RO          347    i.TIM4_IRQHandler   stm32g4xx_it.o
    0x08003c9c   0x08003c9c   0x0000000c   Code   RO          348    i.TIM6_DAC_IRQHandler  stm32g4xx_it.o
    0x08003ca8   0x08003ca8   0x000000bc   Code   RO         2486    i.TIM_Base_SetConfig  stm32g4xx_hal_tim.o
    0x08003d64   0x08003d64   0x00000014   Code   RO         2497    i.TIM_ETR_SetConfig  stm32g4xx_hal_tim.o
    0x08003d78   0x08003d78   0x00000014   Code   RO         2498    i.TIM_ITRx_SetConfig  stm32g4xx_hal_tim.o
    0x08003d8c   0x08003d8c   0x00000022   Code   RO         2506    i.TIM_TI1_ConfigInputStage  stm32g4xx_hal_tim.o
    0x08003dae   0x08003dae   0x00000024   Code   RO         2508    i.TIM_TI2_ConfigInputStage  stm32g4xx_hal_tim.o
    0x08003dd2   0x08003dd2   0x00000002   Code   RO          349    i.UsageFault_Handler  stm32g4xx_it.o
    0x08003dd4   0x08003dd4   0x00000030   Code   RO         4113    i.__ARM_fpclassify  m_wm.l(fpclassify.o)
    0x08003e04   0x08003e04   0x00000020   Code   RO         2274    i.__NVIC_SetPriority  stm32g4xx_hal_cortex.o
    0x08003e24   0x08003e24   0x0000000e   Code   RO         3997    i._is_digit         c_w.l(__printf_wp.o)
    0x08003e32   0x08003e32   0x00000002   PAD
    0x08003e34   0x08003e34   0x000000a4   Code   RO           15    i.adc_timer_proc    main.o
    0x08003ed8   0x08003ed8   0x0000000c   Code   RO         3881    i.delay1            i2c_hal.o
    0x08003ee4   0x08003ee4   0x00000040   Code   RO         3882    i.eeprom_read       i2c_hal.o
    0x08003f24   0x08003f24   0x00000030   Code   RO         3883    i.eeprom_write      i2c_hal.o
    0x08003f54   0x08003f54   0x00000040   Code   RO         3841    i.getADC            badc.o
    0x08003f94   0x08003f94   0x000000d0   Code   RO           16    i.key_proc          main.o
    0x08004064   0x08004064   0x0000014c   Code   RO           17    i.lcd_proc          main.o
    0x080041b0   0x080041b0   0x00000020   Code   RO           18    i.led_proc          main.o
    0x080041d0   0x080041d0   0x00000094   Code   RO           19    i.main              main.o
    0x08004264   0x08004264   0x0000004c   Code   RO           20    i.para_judge        main.o
    0x080042b0   0x080042b0   0x0000002c   Code   RO         4109    locale$$code        c_w.l(lc_numeric_c.o)
    0x080042dc   0x080042dc   0x00000150   Code   RO         4016    x$fpl$dadd          fz_wm.l(daddsub_clz.o)
    0x0800442c   0x0800442c   0x00000018   Code   RO         4050    x$fpl$dcmpinf       fz_wm.l(dcmpi.o)
    0x08004444   0x08004444   0x000002b0   Code   RO         4023    x$fpl$ddiv          fz_wm.l(ddiv.o)
    0x080046f4   0x080046f4   0x00000026   Code   RO         4026    x$fpl$dfltu         fz_wm.l(dflt_clz.o)
    0x0800471a   0x0800471a   0x00000002   PAD
    0x0800471c   0x0800471c   0x00000078   Code   RO         4032    x$fpl$dleqf         fz_wm.l(dleqf.o)
    0x08004794   0x08004794   0x00000154   Code   RO         4034    x$fpl$dmul          fz_wm.l(dmul.o)
    0x080048e8   0x080048e8   0x0000009c   Code   RO         4052    x$fpl$dnaninf       fz_wm.l(dnaninf.o)
    0x08004984   0x08004984   0x0000000c   Code   RO         4054    x$fpl$dretinf       fz_wm.l(dretinf.o)
    0x08004990   0x08004990   0x0000006c   Code   RO         4036    x$fpl$drleqf        fz_wm.l(drleqf.o)
    0x080049fc   0x080049fc   0x000001d4   Code   RO         4018    x$fpl$dsub          fz_wm.l(daddsub_clz.o)
    0x08004bd0   0x08004bd0   0x0000000a   Code   RO         4179    x$fpl$fpinit        fz_wm.l(fpinit.o)
    0x08004bda   0x08004bda   0x00000004   Code   RO         4038    x$fpl$printf1       fz_wm.l(printf1.o)
    0x08004bde   0x08004bde   0x00000000   Code   RO         4056    x$fpl$usenofp       fz_wm.l(usenofp.o)
    0x08004bde   0x08004bde   0x00000010   Data   RO         3538    .constdata          system_stm32g4xx.o
    0x08004bee   0x08004bee   0x000011d0   Data   RO         3605    .constdata          bsp_lcd.o
    0x08005dbe   0x08005dbe   0x00000002   PAD
    0x08005dc0   0x08005dc0   0x00000094   Data   RO         4084    .constdata          c_w.l(bigflt0.o)
    0x08005e54   0x08005e54   0x00000020   Data   RO         4254    Region$$Table       anon$$obj.o
    0x08005e74   0x08005e74   0x0000001c   Data   RO         4108    locale$$data        c_w.l(lc_numeric_c.o)


    Execution Region RW_IRAM1 (Exec base: 0x20000000, Load base: 0x08005e90, Size: 0x00000808, Max: 0x00008000, ABSOLUTE)

    Exec Addr    Load Addr    Size         Type   Attr      Idx    E Section Name        Object

    0x20000000   0x08005e90   0x00000030   Data   RW           21    .data               main.o
    0x20000030   0x08005ec0   0x0000000c   Data   RW          936    .data               stm32g4xx_hal.o
    0x2000003c   0x08005ecc   0x00000004   Data   RW         3540    .data               system_stm32g4xx.o
    0x20000040   0x08005ed0   0x00000006   Data   RW         3606    .data               bsp_lcd.o
    0x20000046   0x08005ed6   0x00000002   PAD
    0x20000048   0x08005ed8   0x00000004   Data   RW         3785    .data               interrupt.o
    0x2000004c        -       0x0000006c   Zero   RW          246    .bss                adc.o
    0x200000b8        -       0x000000e4   Zero   RW          290    .bss                tim.o
    0x2000019c        -       0x0000000c   Zero   RW         3784    .bss                interrupt.o
    0x200001a8        -       0x00000060   Zero   RW         4116    .bss                c_w.l(libspace.o)
    0x20000208        -       0x00000200   Zero   RW            2    HEAP                startup_stm32g431xx.o
    0x20000408        -       0x00000400   Zero   RW            1    STACK               startup_stm32g431xx.o


==============================================================================

Image component sizes


      Code (inc. data)   RO Data    RW Data    ZI Data      Debug   Object Name

       244         28          0          0        108       1769   adc.o
        64         16          0          0          0        801   badc.o
      1798        102       4560          6          0      13882   bsp_lcd.o
       248         18          0          0          0       1035   gpio.o
       670         28          0          0          0       8001   i2c_hal.o
       172         22          0          4         12       1673   interrupt.o
        64         10          0          0          0        550   led.o
      1066        196          0         48          0     642868   main.o
        64         26        472          0       1536        844   startup_stm32g431xx.o
       162         24          0         12          0       4313   stm32g4xx_hal.o
      2056        120          0          0          0      76271   stm32g4xx_hal_adc.o
       198         14          0          0          0      33823   stm32g4xx_hal_cortex.o
       604         34          0          0          0       3003   stm32g4xx_hal_gpio.o
        48          6          0          0          0        862   stm32g4xx_hal_msp.o
       204         18          0          0          0       1401   stm32g4xx_hal_pwr_ex.o
      1616         68          0          0          0       5074   stm32g4xx_hal_rcc.o
       648         10          0          0          0       1876   stm32g4xx_hal_rcc_ex.o
      1246         76          0          0          0      11124   stm32g4xx_hal_tim.o
       170         24          0          0          0       5416   stm32g4xx_hal_tim_ex.o
        44         12          0          0          0       5086   stm32g4xx_it.o
        16          4         16          4          0       1127   system_stm32g4xx.o
       356         40          0          0        228       2942   tim.o

    ----------------------------------------------------------------------
     11772        896       5082         76       1884     823741   Object Totals
         0          0         32          0          0          0   (incl. Generated)
        14          0          2          2          0          0   (incl. Padding)

    ----------------------------------------------------------------------

      Code (inc. data)   RO Data    RW Data    ZI Data      Debug   Library Member Name

         8          0          0          0          0         68   __main.o
       352          0          0          0          0         88   __printf_ss_wp.o
        14          0          0          0          0         68   __printf_wp.o
         0          0          0          0          0          0   __rtentry.o
        12          0          0          0          0          0   __rtentry2.o
         6          0          0          0          0          0   __rtentry4.o
        52          8          0          0          0          0   __scatter.o
        26          0          0          0          0          0   __scatter_copy.o
        28          0          0          0          0          0   __scatter_zi.o
        48          6          0          0          0         96   _printf_char_common.o
         6          0          0          0          0          0   _printf_d.o
       120         16          0          0          0         92   _printf_dec.o
         6          0          0          0          0          0   _printf_f.o
      1054          0          0          0          0        216   _printf_fp_dec.o
       128         16          0          0          0         84   _printf_fp_infnan.o
       178          0          0          0          0         88   _printf_intcommon.o
         0          0          0          0          0          0   _printf_percent.o
         4          0          0          0          0          0   _printf_percent_end.o
        10          0          0          0          0         68   _sputc.o
       228          4        148          0          0         96   bigflt0.o
      1936        128          0          0          0        672   btod.o
        18          0          0          0          0         80   exit.o
         6          0          0          0          0        152   heapauxi.o
         0          0          0          0          0          0   indicate_semi.o
        44         10         28          0          0         76   lc_numeric_c.o
         2          0          0          0          0          0   libinit.o
        22          0          0          0          0          0   libinit2.o
         2          0          0          0          0          0   libshutdown.o
         2          0          0          0          0          0   libshutdown2.o
         8          4          0          0         96         68   libspace.o
       138          0          0          0          0         80   lludiv10.o
        40          6          0          0          0         84   noretval__2sprintf.o
         8          4          0          0          0         68   rt_locale_intlibspace.o
        78          0          0          0          0         80   rt_memclr_w.o
         2          0          0          0          0          0   rtexit.o
        10          0          0          0          0          0   rtexit2.o
       128          0          0          0          0         68   strcmpv7m.o
        12          4          0          0          0         68   sys_exit.o
        74          0          0          0          0         80   sys_stackheap_outer.o
         2          0          0          0          0         68   use_no_semi.o
       804         16          0          0          0        368   daddsub_clz.o
        24          0          0          0          0        116   dcmpi.o
       688        140          0          0          0        256   ddiv.o
        38          0          0          0          0        116   dflt_clz.o
       120          4          0          0          0        140   dleqf.o
       340         12          0          0          0        152   dmul.o
       156          4          0          0          0        140   dnaninf.o
        12          0          0          0          0        116   dretinf.o
       108          0          0          0          0        128   drleqf.o
        10          0          0          0          0        116   fpinit.o
         4          0          0          0          0        116   printf1.o
         0          0          0          0          0          0   usenofp.o
        48          0          0          0          0        124   fpclassify.o

    ----------------------------------------------------------------------
      7178        382        176          0         96       4496   Library Totals
        14          0          0          0          0          0   (incl. Padding)

    ----------------------------------------------------------------------

      Code (inc. data)   RO Data    RW Data    ZI Data      Debug   Library Name

      4812        206        176          0         96       2608   c_w.l
      2304        176          0          0          0       1764   fz_wm.l
        48          0          0          0          0        124   m_wm.l

    ----------------------------------------------------------------------
      7178        382        176          0         96       4496   Library Totals

    ----------------------------------------------------------------------

==============================================================================


      Code (inc. data)   RO Data    RW Data    ZI Data      Debug   

     18950       1278       5258         76       1980     814933   Grand Totals
     18950       1278       5258         76       1980     814933   ELF Image Totals
     18950       1278       5258         76          0          0   ROM Totals

==============================================================================

    Total RO  Size (Code + RO Data)                24208 (  23.64kB)
    Total RW  Size (RW Data + ZI Data)              2056 (   2.01kB)
    Total ROM Size (Code + RO Data + RW Data)      24284 (  23.71kB)

==============================================================================

