Component: ARM Compiler 5.06 update 6 (build 750) Tool: armlink [4d35ed]

==============================================================================

Section Cross References

    startup_stm32g431xx.o(STACK) refers (Special) to heapauxi.o(.text) for __use_two_region_memory
    startup_stm32g431xx.o(HEAP) refers (Special) to heapauxi.o(.text) for __use_two_region_memory
    startup_stm32g431xx.o(RESET) refers (Special) to heapauxi.o(.text) for __use_two_region_memory
    startup_stm32g431xx.o(RESET) refers to startup_stm32g431xx.o(STACK) for __initial_sp
    startup_stm32g431xx.o(RESET) refers to startup_stm32g431xx.o(.text) for Reset_Handler
    startup_stm32g431xx.o(RESET) refers to stm32g4xx_it.o(i.NMI_Handler) for NMI_Handler
    startup_stm32g431xx.o(RESET) refers to stm32g4xx_it.o(i.HardFault_Handler) for HardFault_Handler
    startup_stm32g431xx.o(RESET) refers to stm32g4xx_it.o(i.MemManage_Handler) for MemManage_Handler
    startup_stm32g431xx.o(RESET) refers to stm32g4xx_it.o(i.BusFault_Handler) for BusFault_Handler
    startup_stm32g431xx.o(RESET) refers to stm32g4xx_it.o(i.UsageFault_Handler) for UsageFault_Handler
    startup_stm32g431xx.o(RESET) refers to stm32g4xx_it.o(i.SVC_Handler) for SVC_Handler
    startup_stm32g431xx.o(RESET) refers to stm32g4xx_it.o(i.DebugMon_Handler) for DebugMon_Handler
    startup_stm32g431xx.o(RESET) refers to stm32g4xx_it.o(i.PendSV_Handler) for PendSV_Handler
    startup_stm32g431xx.o(RESET) refers to stm32g4xx_it.o(i.SysTick_Handler) for SysTick_Handler
    startup_stm32g431xx.o(RESET) refers to stm32g4xx_it.o(i.TIM3_IRQHandler) for TIM3_IRQHandler
    startup_stm32g431xx.o(RESET) refers to stm32g4xx_it.o(i.USART1_IRQHandler) for USART1_IRQHandler
    startup_stm32g431xx.o(.text) refers (Special) to heapauxi.o(.text) for __use_two_region_memory
    startup_stm32g431xx.o(.text) refers to system_stm32g4xx.o(i.SystemInit) for SystemInit
    startup_stm32g431xx.o(.text) refers to __main.o(!!!main) for __main
    startup_stm32g431xx.o(.text) refers to startup_stm32g431xx.o(HEAP) for Heap_Mem
    startup_stm32g431xx.o(.text) refers to startup_stm32g431xx.o(STACK) for Stack_Mem
    main.o(i.SystemClock_Config) refers to rt_memclr_w.o(.text) for __aeabi_memclr4
    main.o(i.SystemClock_Config) refers to stm32g4xx_hal_pwr_ex.o(i.HAL_PWREx_ControlVoltageScaling) for HAL_PWREx_ControlVoltageScaling
    main.o(i.SystemClock_Config) refers to stm32g4xx_hal_rcc.o(i.HAL_RCC_OscConfig) for HAL_RCC_OscConfig
    main.o(i.SystemClock_Config) refers to stm32g4xx_hal_rcc.o(i.HAL_RCC_ClockConfig) for HAL_RCC_ClockConfig
    main.o(i.error_proc) refers to noretval__2sprintf.o(.text) for __2sprintf
    main.o(i.error_proc) refers to strlen.o(.text) for strlen
    main.o(i.error_proc) refers to stm32g4xx_hal_uart.o(i.HAL_UART_Transmit) for HAL_UART_Transmit
    main.o(i.error_proc) refers to main.o(.data) for .data
    main.o(i.error_proc) refers to usart.o(.bss) for huart1
    main.o(i.inCar) refers to rt_memcpy_v6.o(.text) for __aeabi_memcpy
    main.o(i.inCar) refers to strcmpv7m.o(.text) for strcmp
    main.o(i.inCar) refers to calculation.o(.bss) for car
    main.o(i.inCar) refers to calculation.o(.bss) for Car
    main.o(i.inCar) refers to main.o(.data) for .data
    main.o(i.key_proc) refers to _printf_percent.o(.ARM.Collect$$_printf_percent$$00000000) for _printf_percent
    main.o(i.key_proc) refers to _printf_d.o(.ARM.Collect$$_printf_percent$$00000009) for _printf_d
    main.o(i.key_proc) refers to _printf_dec.o(.text) for _printf_int_dec
    main.o(i.key_proc) refers to bsp_lcd.o(i.LCD_Clear) for LCD_Clear
    main.o(i.key_proc) refers to noretval__2sprintf.o(.text) for __2sprintf
    main.o(i.key_proc) refers to strlen.o(.text) for strlen
    main.o(i.key_proc) refers to stm32g4xx_hal_uart.o(i.HAL_UART_Transmit) for HAL_UART_Transmit
    main.o(i.key_proc) refers to daddsub_clz.o(x$fpl$dadd) for __aeabi_dadd
    main.o(i.key_proc) refers to daddsub_clz.o(x$fpl$dsub) for __aeabi_dsub
    main.o(i.key_proc) refers to dleqf.o(x$fpl$dleqf) for __aeabi_cdcmple
    main.o(i.key_proc) refers to stm32g4xx_hal_tim.o(i.HAL_TIM_PWM_Start) for HAL_TIM_PWM_Start
    main.o(i.key_proc) refers to stm32g4xx_hal_tim.o(i.HAL_TIM_PWM_Stop) for HAL_TIM_PWM_Stop
    main.o(i.key_proc) refers to stm32g4xx_hal_gpio.o(i.HAL_GPIO_WritePin) for HAL_GPIO_WritePin
    main.o(i.key_proc) refers to interrupt.o(.bss) for key
    main.o(i.key_proc) refers to main.o(.data) for .data
    main.o(i.key_proc) refers to usart.o(.bss) for huart1
    main.o(i.key_proc) refers to tim.o(.bss) for htim17
    main.o(i.lcd_proc) refers to _printf_percent.o(.ARM.Collect$$_printf_percent$$00000000) for _printf_percent
    main.o(i.lcd_proc) refers to _printf_d.o(.ARM.Collect$$_printf_percent$$00000009) for _printf_d
    main.o(i.lcd_proc) refers to _printf_dec.o(.text) for _printf_int_dec
    main.o(i.lcd_proc) refers to _printf_f.o(.ARM.Collect$$_printf_percent$$00000003) for _printf_f
[...]
    i.TIM_Base_SetConfig                     0x080044a0   Section        0  stm32g4xx_hal_tim.o(i.TIM_Base_SetConfig)
    i.TIM_CCxChannelCmd                      0x0800455c   Section        0  stm32g4xx_hal_tim.o(i.TIM_CCxChannelCmd)
    i.TIM_ETR_SetConfig                      0x08004576   Section        0  stm32g4xx_hal_tim.o(i.TIM_ETR_SetConfig)
    i.TIM_ITRx_SetConfig                     0x0800458c   Section        0  stm32g4xx_hal_tim.o(i.TIM_ITRx_SetConfig)
    TIM_ITRx_SetConfig                       0x0800458d   Thumb Code    16  stm32g4xx_hal_tim.o(i.TIM_ITRx_SetConfig)
    i.TIM_OC1_SetConfig                      0x080045a0   Section        0  stm32g4xx_hal_tim.o(i.TIM_OC1_SetConfig)
    TIM_OC1_SetConfig                        0x080045a1   Thumb Code   132  stm32g4xx_hal_tim.o(i.TIM_OC1_SetConfig)
    i.TIM_OC2_SetConfig                      0x0800463c   Section        0  stm32g4xx_hal_tim.o(i.TIM_OC2_SetConfig)
    i.TIM_OC3_SetConfig                      0x080046cc   Section        0  stm32g4xx_hal_tim.o(i.TIM_OC3_SetConfig)
    TIM_OC3_SetConfig                        0x080046cd   Thumb Code   118  stm32g4xx_hal_tim.o(i.TIM_OC3_SetConfig)
    i.TIM_OC4_SetConfig                      0x0800475c   Section        0  stm32g4xx_hal_tim.o(i.TIM_OC4_SetConfig)
    TIM_OC4_SetConfig                        0x0800475d   Thumb Code   120  stm32g4xx_hal_tim.o(i.TIM_OC4_SetConfig)
    i.TIM_OC5_SetConfig                      0x080047ec   Section        0  stm32g4xx_hal_tim.o(i.TIM_OC5_SetConfig)
    TIM_OC5_SetConfig                        0x080047ed   Thumb Code    86  stm32g4xx_hal_tim.o(i.TIM_OC5_SetConfig)
    i.TIM_OC6_SetConfig                      0x0800485c   Section        0  stm32g4xx_hal_tim.o(i.TIM_OC6_SetConfig)
    TIM_OC6_SetConfig                        0x0800485d   Thumb Code    88  stm32g4xx_hal_tim.o(i.TIM_OC6_SetConfig)
    i.TIM_TI1_ConfigInputStage               0x080048cc   Section        0  stm32g4xx_hal_tim.o(i.TIM_TI1_ConfigInputStage)
    TIM_TI1_ConfigInputStage                 0x080048cd   Thumb Code    34  stm32g4xx_hal_tim.o(i.TIM_TI1_ConfigInputStage)
    i.TIM_TI2_ConfigInputStage               0x080048ee   Section        0  stm32g4xx_hal_tim.o(i.TIM_TI2_ConfigInputStage)
    TIM_TI2_ConfigInputStage                 0x080048ef   Thumb Code    36  stm32g4xx_hal_tim.o(i.TIM_TI2_ConfigInputStage)
    i.UARTEx_SetNbDataToProcess              0x08004914   Section        0  stm32g4xx_hal_uart_ex.o(i.UARTEx_SetNbDataToProcess)
    UARTEx_SetNbDataToProcess                0x08004915   Thumb Code    62  stm32g4xx_hal_uart_ex.o(i.UARTEx_SetNbDataToProcess)
    i.UART_AdvFeatureConfig                  0x08004958   Section        0  stm32g4xx_hal_uart.o(i.UART_AdvFeatureConfig)
    i.UART_CheckIdleState                    0x08004a20   Section        0  stm32g4xx_hal_uart.o(i.UART_CheckIdleState)
    i.UART_DMAAbortOnError                   0x08004acc   Section        0  stm32g4xx_hal_uart.o(i.UART_DMAAbortOnError)
    UART_DMAAbortOnError                     0x08004acd   Thumb Code    20  stm32g4xx_hal_uart.o(i.UART_DMAAbortOnError)
    i.UART_EndRxTransfer                     0x08004ae0   Section        0  stm32g4xx_hal_uart.o(i.UART_EndRxTransfer)
    UART_EndRxTransfer                       0x08004ae1   Thumb Code    78  stm32g4xx_hal_uart.o(i.UART_EndRxTransfer)
    i.UART_RxISR_16BIT                       0x08004b34   Section        0  stm32g4xx_hal_uart.o(i.UART_RxISR_16BIT)
    UART_RxISR_16BIT                         0x08004b35   Thumb Code   196  stm32g4xx_hal_uart.o(i.UART_RxISR_16BIT)
    i.UART_RxISR_16BIT_FIFOEN                0x08004bfc   Section        0  stm32g4xx_hal_uart.o(i.UART_RxISR_16BIT_FIFOEN)
    UART_RxISR_16BIT_FIFOEN                  0x08004bfd   Thumb Code   404  stm32g4xx_hal_uart.o(i.UART_RxISR_16BIT_FIFOEN)
    i.UART_RxISR_8BIT                        0x08004d9c   Section        0  stm32g4xx_hal_uart.o(i.UART_RxISR_8BIT)
    UART_RxISR_8BIT                          0x08004d9d   Thumb Code   196  stm32g4xx_hal_uart.o(i.UART_RxISR_8BIT)
    i.UART_RxISR_8BIT_FIFOEN                 0x08004e64   Section        0  stm32g4xx_hal_uart.o(i.UART_RxISR_8BIT_FIFOEN)
    UART_RxISR_8BIT_FIFOEN                   0x08004e65   Thumb Code   404  stm32g4xx_hal_uart.o(i.UART_RxISR_8BIT_FIFOEN)
    i.UART_SetConfig                         0x08005004   Section        0  stm32g4xx_hal_uart.o(i.UART_SetConfig)
    i.UART_Start_Receive_IT                  0x08005278   Section        0  stm32g4xx_hal_uart.o(i.UART_Start_Receive_IT)
    i.UART_WaitOnFlagUntilTimeout            0x08005388   Section        0  stm32g4xx_hal_uart.o(i.UART_WaitOnFlagUntilTimeout)
    i.USART1_IRQHandler                      0x0800541c   Section        0  stm32g4xx_it.o(i.USART1_IRQHandler)
    i.UsageFault_Handler                     0x08005428   Section        0  stm32g4xx_it.o(i.UsageFault_Handler)
    i.__ARM_fpclassify                       0x0800542a   Section        0  fpclassify.o(i.__ARM_fpclassify)
    i.__NVIC_SetPriority                     0x0800545a   Section        0  stm32g4xx_hal_cortex.o(i.__NVIC_SetPriority)
    __NVIC_SetPriority                       0x0800545b   Thumb Code    32  stm32g4xx_hal_cortex.o(i.__NVIC_SetPriority)
    i._is_digit                              0x0800547a   Section        0  __printf_wp.o(i._is_digit)
    i.error_proc                             0x08005488   Section        0  main.o(i.error_proc)
    i.inCar                                  0x080054c4   Section        0  main.o(i.inCar)
    i.key_proc                               0x0800553c   Section        0  main.o(i.key_proc)
    i.lcd_proc                               0x08005664   Section        0  main.o(i.lcd_proc)
    i.led_proc                               0x0800577c   Section        0  main.o(i.led_proc)
    i.main                                   0x080057a8   Section        0  main.o(i.main)
    i.outCar                                 0x08005828   Section        0  main.o(i.outCar)
    i.uart_rx_proc                           0x0800586c   Section        0  main.o(i.uart_rx_proc)
    locale$$code                             0x0800595c   Section       44  lc_numeric_c.o(locale$$code)
    locale$$code                             0x08005988   Section       44  lc_ctype_c.o(locale$$code)
    x$fpl$dadd                               0x080059b4   Section      336  daddsub_clz.o(x$fpl$dadd)
    $v0                                      0x080059b4   Number         0  daddsub_clz.o(x$fpl$dadd)
    _dadd1                                   0x080059c5   Thumb Code     0  daddsub_clz.o(x$fpl$dadd)
    x$fpl$dcmpinf                            0x08005b04   Section       24  dcmpi.o(x$fpl$dcmpinf)
    $v0                                      0x08005b04   Number         0  dcmpi.o(x$fpl$dcmpinf)
    x$fpl$dleqf                              0x08005b1c   Section      120  dleqf.o(x$fpl$dleqf)
    $v0                                      0x08005b1c   Number         0  dleqf.o(x$fpl$dleqf)
    x$fpl$dnaninf                            0x08005b94   Section      156  dnaninf.o(x$fpl$dnaninf)
    $v0                                      0x08005b94   Number         0  dnaninf.o(x$fpl$dnaninf)
    x$fpl$dretinf                            0x08005c30   Section       12  dretinf.o(x$fpl$dretinf)
    $v0                                      0x08005c30   Number         0  dretinf.o(x$fpl$dretinf)
    x$fpl$dsub                               0x08005c3c   Section      468  daddsub_clz.o(x$fpl$dsub)
    $v0                                      0x08005c3c   Number         0  daddsub_clz.o(x$fpl$dsub)
    _dsub1                                   0x08005c4d   Thumb Code     0  daddsub_clz.o(x$fpl$dsub)
    x$fpl$fpinit                             0x08005e10   Section       10  fpinit.o(x$fpl$fpinit)
    $v0                                      0x08005e10   Number         0  fpinit.o(x$fpl$fpinit)
    x$fpl$printf1                            0x08005e1a   Section        4  printf1.o(x$fpl$printf1)
    $v0                                      0x08005e1a   Number         0  printf1.o(x$fpl$printf1)
    .constdata                               0x08005e1e   Section       24  stm32g4xx_hal_uart.o(.constdata)
    x$fpl$usenofp                            0x08005e1e   Section        0  usenofp.o(x$fpl$usenofp)
    .constdata                               0x08005e36   Section       16  stm32g4xx_hal_uart_ex.o(.constdata)
    numerator                                0x08005e36   Data           8  stm32g4xx_hal_uart_ex.o(.constdata)
    denominator                              0x08005e3e   Data           8  stm32g4xx_hal_uart_ex.o(.constdata)
    .constdata                               0x08005e46   Section       16  system_stm32g4xx.o(.constdata)
    .constdata                               0x08005e56   Section        8  system_stm32g4xx.o(.constdata)
    .constdata                               0x08005e5e   Section     4560  bsp_lcd.o(.constdata)
    .constdata                               0x08007030   Section      148  bigflt0.o(.constdata)
    tenpwrs_x                                0x08007030   Data          60  bigflt0.o(.constdata)
    tenpwrs_i                                0x0800706c   Data          64  bigflt0.o(.constdata)
    locale$$data                             0x080070e4   Section       28  lc_numeric_c.o(locale$$data)
    __lcnum_c_name                           0x080070e8   Data           2  lc_numeric_c.o(locale$$data)
    __lcnum_c_start                          0x080070f0   Data           0  lc_numeric_c.o(locale$$data)
    __lcnum_c_point                          0x080070fc   Data           0  lc_numeric_c.o(locale$$data)
    __lcnum_c_thousands                      0x080070fe   Data           0  lc_numeric_c.o(locale$$data)
    __lcnum_c_grouping                       0x080070ff   Data           0  lc_numeric_c.o(locale$$data)
    locale$$data                             0x08007100   Section      272  lc_ctype_c.o(locale$$data)
    __lcnum_c_end                            0x08007100   Data           0  lc_numeric_c.o(locale$$data)
    __lcctype_c_name                         0x08007104   Data           2  lc_ctype_c.o(locale$$data)
    __lcctype_c_start                        0x0800710c   Data           0  lc_ctype_c.o(locale$$data)
    __lcctype_c_end                          0x08007210   Data           0  lc_ctype_c.o(locale$$data)
    .data                                    0x20000000   Section       32  main.o(.data)
    .data                                    0x20000020   Section       12  stm32g4xx_hal.o(.data)
    .data                                    0x2000002c   Section        4  system_stm32g4xx.o(.data)
    .data                                    0x20000030   Section        2  interrupt.o(.data)
    .data                                    0x20000032   Section        6  bsp_lcd.o(.data)
    TextColor                                0x20000032   Data           2  bsp_lcd.o(.data)
    BackColor                                0x20000034   Data           2  bsp_lcd.o(.data)
    .bss                                     0x20000038   Section      152  tim.o(.bss)
    .bss                                     0x200000d0   Section      148  usart.o(.bss)
    .bss                                     0x20000164   Section       42  interrupt.o(.bss)
    .bss                                     0x2000018e   Section      184  calculation.o(.bss)
    .bss                                     0x20000246   Section       23  calculation.o(.bss)
    .bss                                     0x20000260   Section       96  libspace.o(.bss)
    HEAP                                     0x200002c0   Section      512  startup_stm32g431xx.o(HEAP)
    Heap_Mem                                 0x200002c0   Data         512  startup_stm32g431xx.o(HEAP)
    STACK                                    0x200004c0   Section     1024  startup_stm32g431xx.o(STACK)
    Stack_Mem                                0x200004c0   Data        1024  startup_stm32g431xx.o(STACK)
    __initial_sp                             0x200008c0   Data           0  startup_stm32g431xx.o(STACK)

    Global Symbols

    Symbol Name                              Value     Ov Type        Size  Object(Section)

    BuildAttributes$$THM_ISAv4$E$P$D$K$B$S$7EM$VFPi3$EXTD16$VFPS$VFMA$PE$A:L22UL41UL21$X:L11$S22US41US21$IEEE1$IW$USESV6$~STKCKD$USESV7$~SHL$OTIME$ROPI$IEEEJ$EBA8$UX$STANDARDLIB$REQ8$PRES8$EABIv2 0x00000000   Number         0  anon$$obj.o ABSOLUTE
    __ARM_use_no_argv                        0x00000000   Number         0  main.o ABSOLUTE
    _printf_flags                            0x00000000   Number         0  printf_stubs.o ABSOLUTE
    _printf_return_value                     0x00000000   Number         0  printf_stubs.o ABSOLUTE
    _printf_sizespec                         0x00000000   Number         0  printf_stubs.o ABSOLUTE
    _printf_widthprec                        0x00000000   Number         0  printf_stubs.o ABSOLUTE
    __ARM_exceptions_init                     - Undefined Weak Reference
    __alloca_initialize                       - Undefined Weak Reference
    __arm_preinit_                            - Undefined Weak Reference
    __cpp_initialize__aeabi_                  - Undefined Weak Reference
    __cxa_finalize                            - Undefined Weak Reference
    __sigvec_lookup                           - Undefined Weak Reference
    _atexit_init                              - Undefined Weak Reference
    _call_atexit_fns                          - Undefined Weak Reference
    _clock_init                               - Undefined Weak Reference
    _fp_trap_init                             - Undefined Weak Reference
    _fp_trap_shutdown                         - Undefined Weak Reference
    _get_lc_collate                           - Undefined Weak Reference
    _get_lc_monetary                          - Undefined Weak Reference
    _get_lc_time                              - Undefined Weak Reference
    _getenv_init                              - Undefined Weak Reference
    _handle_redirection                       - Undefined Weak Reference
    _init_alloc                               - Undefined Weak Reference
    _init_user_alloc                          - Undefined Weak Reference
    _initio                                   - Undefined Weak Reference
    _printf_mbtowc                            - Undefined Weak Reference
    _printf_post_padding                      - Undefined Weak Reference
    _printf_pre_padding                       - Undefined Weak Reference
    _printf_truncate_signed                   - Undefined Weak Reference
    _printf_truncate_unsigned                 - Undefined Weak Reference
    _rand_init                                - Undefined Weak Reference
    _scanf_int                                - Undefined Weak Reference
    _scanf_longlong                           - Undefined Weak Reference
    _scanf_mbtowc                             - Undefined Weak Reference
    _scanf_real                               - Undefined Weak Reference
    _scanf_wctomb                             - Undefined Weak Reference
    _scanf_wstring                            - Undefined Weak Reference
    _signal_finish                            - Undefined Weak Reference
    _signal_init                              - Undefined Weak Reference
    _terminate_alloc                          - Undefined Weak Reference
    _terminate_user_alloc                     - Undefined Weak Reference
    _terminateio                              - Undefined Weak Reference
    __Vectors_Size                           0x000001d8   Number         0  startup_stm32g431xx.o ABSOLUTE
    __Vectors                                0x08000000   Data           4  startup_stm32g431xx.o(RESET)
    __Vectors_End                            0x080001d8   Data           0  startup_stm32g431xx.o(RESET)
    __main                                   0x080001d9   Thumb Code     8  __main.o(!!!main)
    __scatterload                            0x080001e1   Thumb Code     0  __scatter.o(!!!scatter)
    __scatterload_rt2                        0x080001e1   Thumb Code    44  __scatter.o(!!!scatter)
    __scatterload_rt2_thumb_only             0x080001e1   Thumb Code     0  __scatter.o(!!!scatter)
    __scatterload_null                       0x080001ef   Thumb Code     0  __scatter.o(!!!scatter)
    __scatterload_copy                       0x08000215   Thumb Code    26  __scatter_copy.o(!!handler_copy)
    __scatterload_zeroinit                   0x08000231   Thumb Code    28  __scatter_zi.o(!!handler_zi)
    _printf_f                                0x0800024d   Thumb Code     0  _printf_f.o(.ARM.Collect$$_printf_percent$$00000003)
    _printf_percent                          0x0800024d   Thumb Code     0  _printf_percent.o(.ARM.Collect$$_printf_percent$$00000000)
    _printf_d                                0x08000253   Thumb Code     0  _printf_d.o(.ARM.Collect$$_printf_percent$$00000009)
    _printf_s                                0x08000259   Thumb Code     0  _printf_s.o(.ARM.Collect$$_printf_percent$$00000014)
    _printf_percent_end                      0x0800025f   Thumb Code     0  _printf_percent_end.o(.ARM.Collect$$_printf_percent$$00000017)
    __rt_lib_init                            0x08000263   Thumb Code     0  libinit.o(.ARM.Collect$$libinit$$00000000)
    __rt_lib_init_fp_1                       0x08000265   Thumb Code     0  libinit2.o(.ARM.Collect$$libinit$$00000001)
    __rt_lib_init_heap_1                     0x08000269   Thumb Code     0  libinit2.o(.ARM.Collect$$libinit$$0000000A)
    __rt_lib_init_lc_common                  0x08000269   Thumb Code     0  libinit2.o(.ARM.Collect$$libinit$$0000000F)
    __rt_lib_init_preinit_1                  0x08000269   Thumb Code     0  libinit2.o(.ARM.Collect$$libinit$$00000004)
    __rt_lib_init_rand_1                     0x08000269   Thumb Code     0  libinit2.o(.ARM.Collect$$libinit$$0000000E)
    __rt_lib_init_user_alloc_1               0x08000269   Thumb Code     0  libinit2.o(.ARM.Collect$$libinit$$0000000C)
    __rt_lib_init_lc_collate_1               0x0800026f   Thumb Code     0  libinit2.o(.ARM.Collect$$libinit$$00000011)
    __rt_lib_init_lc_ctype_2                 0x0800026f   Thumb Code     0  libinit2.o(.ARM.Collect$$libinit$$00000012)
    __rt_lib_init_lc_ctype_1                 0x0800027b   Thumb Code     0  libinit2.o(.ARM.Collect$$libinit$$00000013)
    __rt_lib_init_lc_monetary_1              0x0800027b   Thumb Code     0  libinit2.o(.ARM.Collect$$libinit$$00000015)
    __rt_lib_init_lc_numeric_2               0x0800027b   Thumb Code     0  libinit2.o(.ARM.Collect$$libinit$$00000016)
    __rt_lib_init_alloca_1                   0x08000285   Thumb Code     0  libinit2.o(.ARM.Collect$$libinit$$0000002E)
    __rt_lib_init_argv_1                     0x08000285   Thumb Code     0  libinit2.o(.ARM.Collect$$libinit$$0000002C)
    __rt_lib_init_atexit_1                   0x08000285   Thumb Code     0  libinit2.o(.ARM.Collect$$libinit$$0000001B)
    __rt_lib_init_clock_1                    0x08000285   Thumb Code     0  libinit2.o(.ARM.Collect$$libinit$$00000021)
    __rt_lib_init_cpp_1                      0x08000285   Thumb Code     0  libinit2.o(.ARM.Collect$$libinit$$00000032)
    __rt_lib_init_exceptions_1               0x08000285   Thumb Code     0  libinit2.o(.ARM.Collect$$libinit$$00000030)
    __rt_lib_init_fp_trap_1                  0x08000285   Thumb Code     0  libinit2.o(.ARM.Collect$$libinit$$0000001F)
    __rt_lib_init_getenv_1                   0x08000285   Thumb Code     0  libinit2.o(.ARM.Collect$$libinit$$00000023)
    __rt_lib_init_lc_numeric_1               0x08000285   Thumb Code     0  libinit2.o(.ARM.Collect$$libinit$$00000017)
    __rt_lib_init_lc_time_1                  0x08000285   Thumb Code     0  libinit2.o(.ARM.Collect$$libinit$$00000019)
    __rt_lib_init_return                     0x08000285   Thumb Code     0  libinit2.o(.ARM.Collect$$libinit$$00000033)
    __rt_lib_init_signal_1                   0x08000285   Thumb Code     0  libinit2.o(.ARM.Collect$$libinit$$0000001D)
    __rt_lib_init_stdio_1                    0x08000285   Thumb Code     0  libinit2.o(.ARM.Collect$$libinit$$00000025)
    __rt_lib_shutdown                        0x08000287   Thumb Code     0  libshutdown.o(.ARM.Collect$$libshutdown$$00000000)
    __rt_lib_shutdown_cpp_1                  0x08000289   Thumb Code     0  libshutdown2.o(.ARM.Collect$$libshutdown$$00000002)
    __rt_lib_shutdown_fp_trap_1              0x08000289   Thumb Code     0  libshutdown2.o(.ARM.Collect$$libshutdown$$00000007)
    __rt_lib_shutdown_heap_1                 0x08000289   Thumb Code     0  libshutdown2.o(.ARM.Collect$$libshutdown$$0000000F)
    __rt_lib_shutdown_return                 0x08000289   Thumb Code     0  libshutdown2.o(.ARM.Collect$$libshutdown$$00000010)
    __rt_lib_shutdown_signal_1               0x08000289   Thumb Code     0  libshutdown2.o(.ARM.Collect$$libshutdown$$0000000A)
    __rt_lib_shutdown_stdio_1                0x08000289   Thumb Code     0  libshutdown2.o(.ARM.Collect$$libshutdown$$00000004)
    __rt_lib_shutdown_user_alloc_1           0x08000289   Thumb Code     0  libshutdown2.o(.ARM.Collect$$libshutdown$$0000000C)
    __rt_entry                               0x0800028b   Thumb Code     0  __rtentry.o(.ARM.Collect$$rtentry$$00000000)
    __rt_entry_presh_1                       0x0800028b   Thumb Code     0  __rtentry2.o(.ARM.Collect$$rtentry$$00000002)
    __rt_entry_sh                            0x0800028b   Thumb Code     0  __rtentry4.o(.ARM.Collect$$rtentry$$00000004)
    __rt_entry_li                            0x08000291   Thumb Code     0  __rtentry2.o(.ARM.Collect$$rtentry$$0000000A)
    __rt_entry_postsh_1                      0x08000291   Thumb Code     0  __rtentry2.o(.ARM.Collect$$rtentry$$00000009)
    __rt_entry_main                          0x08000295   Thumb Code     0  __rtentry2.o(.ARM.Collect$$rtentry$$0000000D)
    __rt_entry_postli_1                      0x08000295   Thumb Code     0  __rtentry2.o(.ARM.Collect$$rtentry$$0000000C)
    __rt_exit                                0x0800029d   Thumb Code     0  rtexit.o(.ARM.Collect$$rtexit$$00000000)
    __rt_exit_ls                             0x0800029f   Thumb Code     0  rtexit2.o(.ARM.Collect$$rtexit$$00000003)
    __rt_exit_prels_1                        0x0800029f   Thumb Code     0  rtexit2.o(.ARM.Collect$$rtexit$$00000002)
    __rt_exit_exit                           0x080002a3   Thumb Code     0  rtexit2.o(.ARM.Collect$$rtexit$$00000004)
    Reset_Handler                            0x080002a9   Thumb Code     8  startup_stm32g431xx.o(.text)
    ADC1_2_IRQHandler                        0x080002c3   Thumb Code     0  startup_stm32g431xx.o(.text)
    COMP1_2_3_IRQHandler                     0x080002c3   Thumb Code     0  startup_stm32g431xx.o(.text)
    COMP4_IRQHandler                         0x080002c3   Thumb Code     0  startup_stm32g431xx.o(.text)
    CORDIC_IRQHandler                        0x080002c3   Thumb Code     0  startup_stm32g431xx.o(.text)
    CRS_IRQHandler                           0x080002c3   Thumb Code     0  startup_stm32g431xx.o(.text)
    DMA1_Channel1_IRQHandler                 0x080002c3   Thumb Code     0  startup_stm32g431xx.o(.text)
    DMA1_Channel2_IRQHandler                 0x080002c3   Thumb Code     0  startup_stm32g431xx.o(.text)
    DMA1_Channel3_IRQHandler                 0x080002c3   Thumb Code     0  startup_stm32g431xx.o(.text)
    DMA1_Channel4_IRQHandler                 0x080002c3   Thumb Code     0  startup_stm32g431xx.o(.text)
    DMA1_Channel5_IRQHandler                 0x080002c3   Thumb Code     0  startup_stm32g431xx.o(.text)
    DMA1_Channel6_IRQHandler                 0x080002c3   Thumb Code     0  startup_stm32g431xx.o(.text)
    DMA2_Channel1_IRQHandler                 0x080002c3   Thumb Code     0  startup_stm32g431xx.o(.text)
    DMA2_Channel2_IRQHandler                 0x080002c3   Thumb Code     0  startup_stm32g431xx.o(.text)
    DMA2_Channel3_IRQHandler                 0x080002c3   Thumb Code     0  startup_stm32g431xx.o(.text)
    DMA2_Channel4_IRQHandler                 0x080002c3   Thumb Code     0  startup_stm32g431xx.o(.text)
    DMA2_Channel5_IRQHandler                 0x080002c3   Thumb Code     0  startup_stm32g431xx.o(.text)
    DMA2_Channel6_IRQHandler                 0x080002c3   Thumb Code     0  startup_stm32g431xx.o(.text)
    DMAMUX_OVR_IRQHandler                    0x080002c3   Thumb Code     0  startup_stm32g431xx.o(.text)
    EXTI0_IRQHandler                         0x080002c3   Thumb Code     0  startup_stm32g431xx.o(.text)
    EXTI15_10_IRQHandler                     0x080002c3   Thumb Code     0  startup_stm32g431xx.o(.text)
    EXTI1_IRQHandler                         0x080002c3   Thumb Code     0  startup_stm32g431xx.o(.text)
    EXTI2_IRQHandler                         0x080002c3   Thumb Code     0  startup_stm32g431xx.o(.text)
    EXTI3_IRQHandler                         0x080002c3   Thumb Code     0  startup_stm32g431xx.o(.text)
    EXTI4_IRQHandler                         0x080002c3   Thumb Code     0  startup_stm32g431xx.o(.text)
    EXTI9_5_IRQHandler                       0x080002c3   Thumb Code     0  startup_stm32g431xx.o(.text)
    FDCAN1_IT0_IRQHandler                    0x080002c3   Thumb Code     0  startup_stm32g431xx.o(.text)
    FDCAN1_IT1_IRQHandler                    0x080002c3   Thumb Code     0  startup_stm32g431xx.o(.text)
    FLASH_IRQHandler                         0x080002c3   Thumb Code     0  startup_stm32g431xx.o(.text)
    FMAC_IRQHandler                          0x080002c3   Thumb Code     0  startup_stm32g431xx.o(.text)
    FPU_IRQHandler                           0x080002c3   Thumb Code     0  startup_stm32g431xx.o(.text)
    I2C1_ER_IRQHandler                       0x080002c3   Thumb Code     0  startup_stm32g431xx.o(.text)
    I2C1_EV_IRQHandler                       0x080002c3   Thumb Code     0  startup_stm32g431xx.o(.text)
    I2C2_ER_IRQHandler                       0x080002c3   Thumb Code     0  startup_stm32g431xx.o(.text)
    I2C2_EV_IRQHandler                       0x080002c3   Thumb Code     0  startup_stm32g431xx.o(.text)
    I2C3_ER_IRQHandler                       0x080002c3   Thumb Code     0  startup_stm32g431xx.o(.text)
    I2C3_EV_IRQHandler                       0x080002c3   Thumb Code     0  startup_stm32g431xx.o(.text)
    LPTIM1_IRQHandler                        0x080002c3   Thumb Code     0  startup_stm32g431xx.o(.text)
    LPUART1_IRQHandler                       0x080002c3   Thumb Code     0  startup_stm32g431xx.o(.text)
    PVD_PVM_IRQHandler                       0x080002c3   Thumb Code     0  startup_stm32g431xx.o(.text)
    RCC_IRQHandler                           0x080002c3   Thumb Code     0  startup_stm32g431xx.o(.text)
    RNG_IRQHandler                           0x080002c3   Thumb Code     0  startup_stm32g431xx.o(.text)
    RTC_Alarm_IRQHandler                     0x080002c3   Thumb Code     0  startup_stm32g431xx.o(.text)
    RTC_TAMP_LSECSS_IRQHandler               0x080002c3   Thumb Code     0  startup_stm32g431xx.o(.text)
    RTC_WKUP_IRQHandler                      0x080002c3   Thumb Code     0  startup_stm32g431xx.o(.text)
    SAI1_IRQHandler                          0x080002c3   Thumb Code     0  startup_stm32g431xx.o(.text)
    SPI1_IRQHandler                          0x080002c3   Thumb Code     0  startup_stm32g431xx.o(.text)
    SPI2_IRQHandler                          0x080002c3   Thumb Code     0  startup_stm32g431xx.o(.text)
    SPI3_IRQHandler                          0x080002c3   Thumb Code     0  startup_stm32g431xx.o(.text)
    TIM1_BRK_TIM15_IRQHandler                0x080002c3   Thumb Code     0  startup_stm32g431xx.o(.text)
    TIM1_CC_IRQHandler                       0x080002c3   Thumb Code     0  startup_stm32g431xx.o(.text)
    TIM1_TRG_COM_TIM17_IRQHandler            0x080002c3   Thumb Code     0  startup_stm32g431xx.o(.text)
    TIM1_UP_TIM16_IRQHandler                 0x080002c3   Thumb Code     0  startup_stm32g431xx.o(.text)
    TIM2_IRQHandler                          0x080002c3   Thumb Code     0  startup_stm32g431xx.o(.text)
    TIM4_IRQHandler                          0x080002c3   Thumb Code     0  startup_stm32g431xx.o(.text)
    TIM6_DAC_IRQHandler                      0x080002c3   Thumb Code     0  startup_stm32g431xx.o(.text)
    TIM7_IRQHandler                          0x080002c3   Thumb Code     0  startup_stm32g431xx.o(.text)
    TIM8_BRK_IRQHandler                      0x080002c3   Thumb Code     0  startup_stm32g431xx.o(.text)
    TIM8_CC_IRQHandler                       0x080002c3   Thumb Code     0  startup_stm32g431xx.o(.text)
    TIM8_TRG_COM_IRQHandler                  0x080002c3   Thumb Code     0  startup_stm32g431xx.o(.text)
    TIM8_UP_IRQHandler                       0x080002c3   Thumb Code     0  startup_stm32g431xx.o(.text)
    UART4_IRQHandler                         0x080002c3   Thumb Code     0  startup_stm32g431xx.o(.text)
    UCPD1_IRQHandler                         0x080002c3   Thumb Code     0  startup_stm32g431xx.o(.text)
    USART2_IRQHandler                        0x080002c3   Thumb Code     0  startup_stm32g431xx.o(.text)
    USART3_IRQHandler                        0x080002c3   Thumb Code     0  startup_stm32g431xx.o(.text)
    USBWakeUp_IRQHandler                     0x080002c3   Thumb Code     0  startup_stm32g431xx.o(.text)
    USB_HP_IRQHandler                        0x080002c3   Thumb Code     0  startup_stm32g431xx.o(.text)
    USB_LP_IRQHandler                        0x080002c3   Thumb Code     0  startup_stm32g431xx.o(.text)
    WWDG_IRQHandler                          0x080002c3   Thumb Code     0  startup_stm32g431xx.o(.text)
    __user_initial_stackheap                 0x080002c5   Thumb Code     0  startup_stm32g431xx.o(.text)
    __aeabi_uldivmod                         0x080002e9   Thumb Code     0  lludivv7m.o(.text)
    _ll_udiv                                 0x080002e9   Thumb Code   238  lludivv7m.o(.text)
    __2sprintf                               0x080003d9   Thumb Code    34  noretval__2sprintf.o(.text)
    _printf_str                              0x08000401   Thumb Code    82  _printf_str.o(.text)
    _printf_int_dec                          0x08000455   Thumb Code   104  _printf_dec.o(.text)
    __printf                                 0x080004cd   Thumb Code   352  __printf_ss_wp.o(.text)
    __0sscanf                                0x0800062d   Thumb Code    52  __0sscanf.o(.text)
    _scanf_string                            0x08000669   Thumb Code   224  _scanf_str.o(.text)
    strlen                                   0x08000749   Thumb Code    62  strlen.o(.text)
    __aeabi_memcpy                           0x08000787   Thumb Code     0  rt_memcpy_v6.o(.text)
    __rt_memcpy                              0x08000787   Thumb Code   138  rt_memcpy_v6.o(.text)
    _memcpy_lastbytes                        0x080007ed   Thumb Code     0  rt_memcpy_v6.o(.text)
    __aeabi_memclr                           0x08000811   Thumb Code     0  rt_memclr.o(.text)
    __rt_memclr                              0x08000811   Thumb Code    68  rt_memclr.o(.text)
    _memset                                  0x08000815   Thumb Code     0  rt_memclr.o(.text)
    __aeabi_memclr4                          0x08000855   Thumb Code     0  rt_memclr_w.o(.text)
    __aeabi_memclr8                          0x08000855   Thumb Code     0  rt_memclr_w.o(.text)
    __rt_memclr_w                            0x08000855   Thumb Code    78  rt_memclr_w.o(.text)
    _memset_w                                0x08000859   Thumb Code     0  rt_memclr_w.o(.text)
    strcmp                                   0x080008a5   Thumb Code   128  strcmpv7m.o(.text)
    __use_two_region_memory                  0x08000925   Thumb Code     2  heapauxi.o(.text)
    __rt_heap_escrow$2region                 0x08000927   Thumb Code     2  heapauxi.o(.text)
    __rt_heap_expand$2region                 0x08000929   Thumb Code     2  heapauxi.o(.text)
    _printf_int_common                       0x0800092b   Thumb Code   178  _printf_intcommon.o(.text)
    __lib_sel_fp_printf                      0x080009dd   Thumb Code     2  _printf_fp_dec.o(.text)
    _printf_fp_dec_real                      0x08000b8f   Thumb Code   620  _printf_fp_dec.o(.text)
    _printf_char_common                      0x08000e07   Thumb Code    32  _printf_char_common.o(.text)
    _sputc                                   0x08000e2d   Thumb Code    10  _sputc.o(.text)
    _printf_cs_common                        0x08000e37   Thumb Code    20  _printf_char.o(.text)
    _printf_char                             0x08000e4b   Thumb Code    16  _printf_char.o(.text)
    _printf_string                           0x08000e5b   Thumb Code     8  _printf_char.o(.text)
    __vfscanf_char                           0x08000e71   Thumb Code    24  scanf_char.o(.text)
    _sgetc                                   0x08000e91   Thumb Code    30  _sgetc.o(.text)
    _sbackspace                              0x08000eaf   Thumb Code    34  _sgetc.o(.text)
    __aeabi_memcpy4                          0x08000ed1   Thumb Code     0  rt_memcpy_w.o(.text)
    __aeabi_memcpy8                          0x08000ed1   Thumb Code     0  rt_memcpy_w.o(.text)
    __rt_memcpy_w                            0x08000ed1   Thumb Code   100  rt_memcpy_w.o(.text)
    _memcpy_lastbytes_aligned                0x08000f19   Thumb Code     0  rt_memcpy_w.o(.text)
    __rt_locale                              0x08000f35   Thumb Code     8  rt_locale_intlibspace.o(.text)
    _ll_udiv10                               0x08000f3d   Thumb Code   138  lludiv10.o(.text)
    isspace                                  0x08000fc7   Thumb Code    18  isspace.o(.text)
    _printf_fp_infnan                        0x08000fd9   Thumb Code   112  _printf_fp_infnan.o(.text)
    __vfscanf                                0x08001059   Thumb Code   878  _scanf.o(.text)
    _btod_etento                             0x080013cd   Thumb Code   224  bigflt0.o(.text)
    __user_libspace                          0x080014b1   Thumb Code     8  libspace.o(.text)
    __user_perproc_libspace                  0x080014b1   Thumb Code     0  libspace.o(.text)
    __user_perthread_libspace                0x080014b1   Thumb Code     0  libspace.o(.text)
    __user_setup_stackheap                   0x080014b9   Thumb Code    74  sys_stackheap_outer.o(.text)
    __rt_ctype_table                         0x08001505   Thumb Code    16  rt_ctype_table.o(.text)
    exit                                     0x08001515   Thumb Code    18  exit.o(.text)
    _sys_exit                                0x08001529   Thumb Code     8  sys_exit.o(.text)
    __I$use$semihosting                      0x08001535   Thumb Code     0  use_no_semi.o(.text)
    __use_no_semihosting_swi                 0x08001535   Thumb Code     2  use_no_semi.o(.text)
    __semihosting_library_function           0x08001537   Thumb Code     0  indicate_semi.o(.text)
    _btod_d2e                                0x08001537   Thumb Code    62  btod.o(CL$$btod_d2e)
    _d2e_denorm_low                          0x08001575   Thumb Code    70  btod.o(CL$$btod_d2e_denorm_low)
    _d2e_norm_op1                            0x080015bb   Thumb Code    96  btod.o(CL$$btod_d2e_norm_op1)
    __btod_div_common                        0x0800161b   Thumb Code   696  btod.o(CL$$btod_div_common)
    _e2e                                     0x08001953   Thumb Code   220  btod.o(CL$$btod_e2e)
    _btod_ediv                               0x08001a2f   Thumb Code    42  btod.o(CL$$btod_ediv)
    _btod_emul                               0x08001a59   Thumb Code    42  btod.o(CL$$btod_emul)
    __btod_mult_common                       0x08001a83   Thumb Code   580  btod.o(CL$$btod_mult_common)
    BusFault_Handler                         0x08001cc7   Thumb Code     2  stm32g4xx_it.o(i.BusFault_Handler)
    DebugMon_Handler                         0x08001cc9   Thumb Code     2  stm32g4xx_it.o(i.DebugMon_Handler)
    Delay_LCD                                0x08001ccb   Thumb Code    28  bsp_lcd.o(i.Delay_LCD)
    Error_Handler                            0x08001ce7   Thumb Code     4  main.o(i.Error_Handler)
    HAL_DMA_Abort                            0x08001ceb   Thumb Code   106  stm32g4xx_hal_dma.o(i.HAL_DMA_Abort)
    HAL_DMA_Abort_IT                         0x08001d55   Thumb Code   120  stm32g4xx_hal_dma.o(i.HAL_DMA_Abort_IT)
    HAL_Delay                                0x08001dcd   Thumb Code    32  stm32g4xx_hal.o(i.HAL_Delay)
    HAL_GPIO_Init                            0x08001df1   Thumb Code   550  stm32g4xx_hal_gpio.o(i.HAL_GPIO_Init)
    HAL_GPIO_ReadPin                         0x08002039   Thumb Code    10  stm32g4xx_hal_gpio.o(i.HAL_GPIO_ReadPin)
    HAL_GPIO_WritePin                        0x08002043   Thumb Code    10  stm32g4xx_hal_gpio.o(i.HAL_GPIO_WritePin)
    HAL_GetTick                              0x0800204d   Thumb Code     6  stm32g4xx_hal.o(i.HAL_GetTick)
    HAL_IncTick                              0x08002059   Thumb Code    12  stm32g4xx_hal.o(i.HAL_IncTick)
    HAL_Init                                 0x08002069   Thumb Code    30  stm32g4xx_hal.o(i.HAL_Init)
    HAL_InitTick                             0x08002089   Thumb Code    58  stm32g4xx_hal.o(i.HAL_InitTick)
    HAL_MspInit                              0x080020cd   Thumb Code    42  stm32g4xx_hal_msp.o(i.HAL_MspInit)
    HAL_NVIC_EnableIRQ                       0x080020fd   Thumb Code    26  stm32g4xx_hal_cortex.o(i.HAL_NVIC_EnableIRQ)
    HAL_NVIC_SetPriority                     0x08002119   Thumb Code    60  stm32g4xx_hal_cortex.o(i.HAL_NVIC_SetPriority)
    HAL_NVIC_SetPriorityGrouping             0x08002159   Thumb Code    26  stm32g4xx_hal_cortex.o(i.HAL_NVIC_SetPriorityGrouping)
    HAL_PWREx_ControlVoltageScaling          0x0800217d   Thumb Code   174  stm32g4xx_hal_pwr_ex.o(i.HAL_PWREx_ControlVoltageScaling)
    HAL_PWREx_DisableUCPDDeadBattery         0x08002239   Thumb Code    12  stm32g4xx_hal_pwr_ex.o(i.HAL_PWREx_DisableUCPDDeadBattery)
    HAL_RCCEx_PeriphCLKConfig                0x08002249   Thumb Code   638  stm32g4xx_hal_rcc_ex.o(i.HAL_RCCEx_PeriphCLKConfig)
    HAL_RCC_ClockConfig                      0x080024d1   Thumb Code   444  stm32g4xx_hal_rcc.o(i.HAL_RCC_ClockConfig)
    HAL_RCC_GetPCLK1Freq                     0x080026ad   Thumb Code    24  stm32g4xx_hal_rcc.o(i.HAL_RCC_GetPCLK1Freq)
    HAL_RCC_GetPCLK2Freq                     0x080026d1   Thumb Code    24  stm32g4xx_hal_rcc.o(i.HAL_RCC_GetPCLK2Freq)
    HAL_RCC_GetSysClockFreq                  0x080026f5   Thumb Code    98  stm32g4xx_hal_rcc.o(i.HAL_RCC_GetSysClockFreq)
    HAL_RCC_OscConfig                        0x08002765   Thumb Code  1028  stm32g4xx_hal_rcc.o(i.HAL_RCC_OscConfig)
    HAL_SYSTICK_Config                       0x08002b69   Thumb Code    40  stm32g4xx_hal_cortex.o(i.HAL_SYSTICK_Config)
    HAL_TIMEx_Break2Callback                 0x08002b91   Thumb Code     2  stm32g4xx_hal_tim_ex.o(i.HAL_TIMEx_Break2Callback)
    HAL_TIMEx_BreakCallback                  0x08002b93   Thumb Code     2  stm32g4xx_hal_tim_ex.o(i.HAL_TIMEx_BreakCallback)
    HAL_TIMEx_CommutCallback                 0x08002b95   Thumb Code     2  stm32g4xx_hal_tim_ex.o(i.HAL_TIMEx_CommutCallback)
    HAL_TIMEx_ConfigBreakDeadTime            0x08002b99   Thumb Code   148  stm32g4xx_hal_tim_ex.o(i.HAL_TIMEx_ConfigBreakDeadTime)
    HAL_TIMEx_DirectionChangeCallback        0x08002c35   Thumb Code     2  stm32g4xx_hal_tim_ex.o(i.HAL_TIMEx_DirectionChangeCallback)
    HAL_TIMEx_EncoderIndexCallback           0x08002c37   Thumb Code     2  stm32g4xx_hal_tim_ex.o(i.HAL_TIMEx_EncoderIndexCallback)
    HAL_TIMEx_IndexErrorCallback             0x08002c39   Thumb Code     2  stm32g4xx_hal_tim_ex.o(i.HAL_TIMEx_IndexErrorCallback)
    HAL_TIMEx_MasterConfigSynchronization    0x08002c3d   Thumb Code   132  stm32g4xx_hal_tim_ex.o(i.HAL_TIMEx_MasterConfigSynchronization)
    HAL_TIMEx_TransitionErrorCallback        0x08002cd9   Thumb Code     2  stm32g4xx_hal_tim_ex.o(i.HAL_TIMEx_TransitionErrorCallback)
    HAL_TIM_Base_Init                        0x08002cdb   Thumb Code    98  stm32g4xx_hal_tim.o(i.HAL_TIM_Base_Init)
    HAL_TIM_Base_MspInit                     0x08002d3d   Thumb Code    72  tim.o(i.HAL_TIM_Base_MspInit)
    HAL_TIM_Base_Start_IT                    0x08002d91   Thumb Code    94  stm32g4xx_hal_tim.o(i.HAL_TIM_Base_Start_IT)
    HAL_TIM_ConfigClockSource                0x08002e09   Thumb Code   246  stm32g4xx_hal_tim.o(i.HAL_TIM_ConfigClockSource)
    HAL_TIM_IC_CaptureCallback               0x08002f09   Thumb Code     2  stm32g4xx_hal_tim.o(i.HAL_TIM_IC_CaptureCallback)
    HAL_TIM_IRQHandler                       0x08002f0b   Thumb Code   418  stm32g4xx_hal_tim.o(i.HAL_TIM_IRQHandler)
    HAL_TIM_MspPostInit                      0x080030ad   Thumb Code    72  tim.o(i.HAL_TIM_MspPostInit)
    HAL_TIM_OC_DelayElapsedCallback          0x080030fd   Thumb Code     2  stm32g4xx_hal_tim.o(i.HAL_TIM_OC_DelayElapsedCallback)
    HAL_TIM_PWM_ConfigChannel                0x080030ff   Thumb Code   292  stm32g4xx_hal_tim.o(i.HAL_TIM_PWM_ConfigChannel)
    HAL_TIM_PWM_Init                         0x08003223   Thumb Code    98  stm32g4xx_hal_tim.o(i.HAL_TIM_PWM_Init)
    HAL_TIM_PWM_MspInit                      0x08003285   Thumb Code     2  stm32g4xx_hal_tim.o(i.HAL_TIM_PWM_MspInit)
    HAL_TIM_PWM_PulseFinishedCallback        0x08003287   Thumb Code     2  stm32g4xx_hal_tim.o(i.HAL_TIM_PWM_PulseFinishedCallback)
    HAL_TIM_PWM_Start                        0x08003289   Thumb Code   218  stm32g4xx_hal_tim.o(i.HAL_TIM_PWM_Start)
    HAL_TIM_PWM_Stop                         0x08003385   Thumb Code   152  stm32g4xx_hal_tim.o(i.HAL_TIM_PWM_Stop)
    HAL_TIM_PeriodElapsedCallback            0x08003431   Thumb Code   128  interrupt.o(i.HAL_TIM_PeriodElapsedCallback)
    HAL_TIM_TriggerCallback                  0x080034bd   Thumb Code     2  stm32g4xx_hal_tim.o(i.HAL_TIM_TriggerCallback)
    HAL_UARTEx_DisableFifoMode               0x080034bf   Thumb Code    62  stm32g4xx_hal_uart_ex.o(i.HAL_UARTEx_DisableFifoMode)
    HAL_UARTEx_RxEventCallback               0x080034fd   Thumb Code     2  stm32g4xx_hal_uart.o(i.HAL_UARTEx_RxEventCallback)
    HAL_UARTEx_RxFifoFullCallback            0x080034ff   Thumb Code     2  stm32g4xx_hal_uart_ex.o(i.HAL_UARTEx_RxFifoFullCallback)
    HAL_UARTEx_SetRxFifoThreshold            0x08003501   Thumb Code    76  stm32g4xx_hal_uart_ex.o(i.HAL_UARTEx_SetRxFifoThreshold)
    HAL_UARTEx_SetTxFifoThreshold            0x0800354d   Thumb Code    76  stm32g4xx_hal_uart_ex.o(i.HAL_UARTEx_SetTxFifoThreshold)
    HAL_UARTEx_TxFifoEmptyCallback           0x08003599   Thumb Code     2  stm32g4xx_hal_uart_ex.o(i.HAL_UARTEx_TxFifoEmptyCallback)
    HAL_UARTEx_WakeupCallback                0x0800359b   Thumb Code     2  stm32g4xx_hal_uart_ex.o(i.HAL_UARTEx_WakeupCallback)
    HAL_UART_ErrorCallback                   0x0800359d   Thumb Code     2  stm32g4xx_hal_uart.o(i.HAL_UART_ErrorCallback)
    HAL_UART_IRQHandler                      0x080035a1   Thumb Code   766  stm32g4xx_hal_uart.o(i.HAL_UART_IRQHandler)
    HAL_UART_Init                            0x080038ad   Thumb Code   106  stm32g4xx_hal_uart.o(i.HAL_UART_Init)
    HAL_UART_MspInit                         0x08003919   Thumb Code   132  usart.o(i.HAL_UART_MspInit)
    HAL_UART_Receive_IT                      0x080039a5   Thumb Code    66  stm32g4xx_hal_uart.o(i.HAL_UART_Receive_IT)
    HAL_UART_RxCpltCallback                  0x080039ed   Thumb Code    22  interrupt.o(i.HAL_UART_RxCpltCallback)
    HAL_UART_Transmit                        0x08003a11   Thumb Code   174  stm32g4xx_hal_uart.o(i.HAL_UART_Transmit)
    HAL_UART_TxCpltCallback                  0x08003abf   Thumb Code     2  stm32g4xx_hal_uart.o(i.HAL_UART_TxCpltCallback)
    HardFault_Handler                        0x08003ac1   Thumb Code     2  stm32g4xx_it.o(i.HardFault_Handler)
    LCD_BusIn                                0x08003ac5   Thumb Code    40  bsp_lcd.o(i.LCD_BusIn)
    LCD_BusOut                               0x08003af1   Thumb Code    42  bsp_lcd.o(i.LCD_BusOut)
    LCD_Clear                                0x08003b21   Thumb Code    36  bsp_lcd.o(i.LCD_Clear)
    LCD_CtrlLinesConfig                      0x08003b45   Thumb Code   136  bsp_lcd.o(i.LCD_CtrlLinesConfig)
    LCD_DisplayChar                          0x08003bd5   Thumb Code    18  bsp_lcd.o(i.LCD_DisplayChar)
    LCD_DisplayStringLine                    0x08003bed   Thumb Code    42  bsp_lcd.o(i.LCD_DisplayStringLine)
    LCD_DrawChar                             0x08003c19   Thumb Code    84  bsp_lcd.o(i.LCD_DrawChar)
    LCD_Init                                 0x08003c71   Thumb Code    46  bsp_lcd.o(i.LCD_Init)
    LCD_ReadReg                              0x08003ca5   Thumb Code   120  bsp_lcd.o(i.LCD_ReadReg)
    LCD_SetBackColor                         0x08003d25   Thumb Code    12  bsp_lcd.o(i.LCD_SetBackColor)
    LCD_SetCursor                            0x08003d35   Thumb Code    24  bsp_lcd.o(i.LCD_SetCursor)
    LCD_SetTextColor                         0x08003d4d   Thumb Code    12  bsp_lcd.o(i.LCD_SetTextColor)
    LCD_WriteRAM                             0x08003d5d   Thumb Code    80  bsp_lcd.o(i.LCD_WriteRAM)
    LCD_WriteRAM_Prepare                     0x08003db5   Thumb Code    82  bsp_lcd.o(i.LCD_WriteRAM_Prepare)
    LCD_WriteReg                             0x08003e11   Thumb Code   100  bsp_lcd.o(i.LCD_WriteReg)
    LED_Dsp                                  0x08003e7d   Thumb Code    54  led.o(i.LED_Dsp)
    MX_GPIO_Init                             0x08003ebd   Thumb Code   194  gpio.o(i.MX_GPIO_Init)
    MX_TIM17_Init                            0x08003f91   Thumb Code   146  tim.o(i.MX_TIM17_Init)
    MX_TIM3_Init                             0x0800402d   Thumb Code    96  tim.o(i.MX_TIM3_Init)
    MX_USART1_UART_Init                      0x08004095   Thumb Code    94  usart.o(i.MX_USART1_UART_Init)
    MemManage_Handler                        0x080040fd   Thumb Code     2  stm32g4xx_it.o(i.MemManage_Handler)
    NMI_Handler                              0x080040ff   Thumb Code     2  stm32g4xx_it.o(i.NMI_Handler)
    PendSV_Handler                           0x08004101   Thumb Code     2  stm32g4xx_it.o(i.PendSV_Handler)
    REG_8230_Init                            0x08004103   Thumb Code   274  bsp_lcd.o(i.REG_8230_Init)
    REG_932X_Init                            0x08004215   Thumb Code   514  bsp_lcd.o(i.REG_932X_Init)
    SVC_Handler                              0x08004417   Thumb Code     2  stm32g4xx_it.o(i.SVC_Handler)
    SysTick_Handler                          0x08004419   Thumb Code     4  stm32g4xx_it.o(i.SysTick_Handler)
    SystemClock_Config                       0x0800441d   Thumb Code   102  main.o(i.SystemClock_Config)
    SystemInit                               0x08004485   Thumb Code    12  system_stm32g4xx.o(i.SystemInit)
    TIM3_IRQHandler                          0x08004495   Thumb Code     6  stm32g4xx_it.o(i.TIM3_IRQHandler)
    TIM_Base_SetConfig                       0x080044a1   Thumb Code   160  stm32g4xx_hal_tim.o(i.TIM_Base_SetConfig)
    TIM_CCxChannelCmd                        0x0800455d   Thumb Code    26  stm32g4xx_hal_tim.o(i.TIM_CCxChannelCmd)
    TIM_ETR_SetConfig                        0x08004577   Thumb Code    20  stm32g4xx_hal_tim.o(i.TIM_ETR_SetConfig)
    TIM_OC2_SetConfig                        0x0800463d   Thumb Code   120  stm32g4xx_hal_tim.o(i.TIM_OC2_SetConfig)
    UART_AdvFeatureConfig                    0x08004959   Thumb Code   200  stm32g4xx_hal_uart.o(i.UART_AdvFeatureConfig)
    UART_CheckIdleState                      0x08004a21   Thumb Code   172  stm32g4xx_hal_uart.o(i.UART_CheckIdleState)
    UART_SetConfig                           0x08005005   Thumb Code   582  stm32g4xx_hal_uart.o(i.UART_SetConfig)
    UART_Start_Receive_IT                    0x08005279   Thumb Code   256  stm32g4xx_hal_uart.o(i.UART_Start_Receive_IT)
    UART_WaitOnFlagUntilTimeout              0x08005389   Thumb Code   148  stm32g4xx_hal_uart.o(i.UART_WaitOnFlagUntilTimeout)
    USART1_IRQHandler                        0x0800541d   Thumb Code     6  stm32g4xx_it.o(i.USART1_IRQHandler)
    UsageFault_Handler                       0x08005429   Thumb Code     2  stm32g4xx_it.o(i.UsageFault_Handler)
    __ARM_fpclassify                         0x0800542b   Thumb Code    48  fpclassify.o(i.__ARM_fpclassify)
    _is_digit                                0x0800547b   Thumb Code    14  __printf_wp.o(i._is_digit)
    error_proc                               0x08005489   Thumb Code    44  main.o(i.error_proc)
    inCar                                    0x080054c5   Thumb Code    90  main.o(i.inCar)
    key_proc                                 0x0800553d   Thumb Code   252  main.o(i.key_proc)
    lcd_proc                                 0x08005665   Thumb Code   168  main.o(i.lcd_proc)
    led_proc                                 0x0800577d   Thumb Code    38  main.o(i.led_proc)
    main                                     0x080057a9   Thumb Code   110  main.o(i.main)
    outCar                                   0x08005829   Thumb Code    42  main.o(i.outCar)
    uart_rx_proc                             0x0800586d   Thumb Code   188  main.o(i.uart_rx_proc)
    _get_lc_numeric                          0x0800595d   Thumb Code    44  lc_numeric_c.o(locale$$code)
    _get_lc_ctype                            0x08005989   Thumb Code    44  lc_ctype_c.o(locale$$code)
    __aeabi_dadd                             0x080059b5   Thumb Code     0  daddsub_clz.o(x$fpl$dadd)
    _dadd                                    0x080059b5   Thumb Code   332  daddsub_clz.o(x$fpl$dadd)
    __fpl_dcmp_Inf                           0x08005b05   Thumb Code    24  dcmpi.o(x$fpl$dcmpinf)
    __aeabi_cdcmple                          0x08005b1d   Thumb Code     0  dleqf.o(x$fpl$dleqf)
    _dcmple                                  0x08005b1d   Thumb Code   120  dleqf.o(x$fpl$dleqf)
    __fpl_dcmple_InfNaN                      0x08005b7f   Thumb Code     0  dleqf.o(x$fpl$dleqf)
    __fpl_dnaninf                            0x08005b95   Thumb Code   156  dnaninf.o(x$fpl$dnaninf)
    __fpl_dretinf                            0x08005c31   Thumb Code    12  dretinf.o(x$fpl$dretinf)
    __aeabi_dsub                             0x08005c3d   Thumb Code     0  daddsub_clz.o(x$fpl$dsub)
    _dsub                                    0x08005c3d   Thumb Code   464  daddsub_clz.o(x$fpl$dsub)
    _fp_init                                 0x08005e11   Thumb Code    10  fpinit.o(x$fpl$fpinit)
    __fplib_config_fpu_vfp                   0x08005e19   Thumb Code     0  fpinit.o(x$fpl$fpinit)
    __fplib_config_pureend_doubles           0x08005e19   Thumb Code     0  fpinit.o(x$fpl$fpinit)
    _printf_fp_dec                           0x08005e1b   Thumb Code     4  printf1.o(x$fpl$printf1)
    UARTPrescTable                           0x08005e1e   Data          24  stm32g4xx_hal_uart.o(.constdata)
    __I$use$fp                               0x08005e1e   Number         0  usenofp.o(x$fpl$usenofp)
    AHBPrescTable                            0x08005e46   Data          16  system_stm32g4xx.o(.constdata)
    APBPrescTable                            0x08005e56   Data           8  system_stm32g4xx.o(.constdata)
    ASCII_Table                              0x08005e5e   Data        4560  bsp_lcd.o(.constdata)
    Region$$Table$$Base                      0x080070c4   Number         0  anon$$obj.o(Region$$Table)
    Region$$Table$$Limit                     0x080070e4   Number         0  anon$$obj.o(Region$$Table)
    __ctype                                  0x0800710d   Data           0  lc_ctype_c.o(locale$$data)
    view                                     0x20000000   Data           1  main.o(.data)
    led1_flag                                0x20000001   Data           1  main.o(.data)
    error_flag                               0x20000002   Data           1  main.o(.data)
    Cnum                                     0x20000004   Data           4  main.o(.data)
    Vnum                                     0x20000008   Data           4  main.o(.data)
    Cprice                                   0x20000010   Data           8  main.o(.data)
    Vprice                                   0x20000018   Data           8  main.o(.data)
    uwTickPrio                               0x20000020   Data           4  stm32g4xx_hal.o(.data)
    uwTickFreq                               0x20000024   Data           4  stm32g4xx_hal.o(.data)
    uwTick                                   0x20000028   Data           4  stm32g4xx_hal.o(.data)
    SystemCoreClock                          0x2000002c   Data           4  system_stm32g4xx.o(.data)
    rx_dat                                   0x20000030   Data           1  interrupt.o(.data)
    rx_pointer                               0x20000031   Data           1  interrupt.o(.data)
    dummy                                    0x20000036   Data           2  bsp_lcd.o(.data)
    htim3                                    0x20000038   Data          76  tim.o(.bss)
    htim17                                   0x20000084   Data          76  tim.o(.bss)
    huart1                                   0x200000d0   Data         148  usart.o(.bss)
    key                                      0x20000164   Data          12  interrupt.o(.bss)
    rx_data                                  0x20000170   Data          30  interrupt.o(.bss)
    car                                      0x2000018e   Data         184  calculation.o(.bss)
    Car                                      0x20000246   Data          23  calculation.o(.bss)
    __libspace_start                         0x20000260   Data          96  libspace.o(.bss)
    __temporary_stack_top$libspace           0x200002c0   Data           0  libspace.o(.bss)



==============================================================================

Memory Map of the image

  Image Entry point : 0x080001d9

  Load Region LR_IROM1 (Base: 0x08000000, Size: 0x00007248, Max: 0x00020000, ABSOLUTE)

    Execution Region ER_IROM1 (Exec base: 0x08000000, Load base: 0x08000000, Size: 0x00007210, Max: 0x00020000, ABSOLUTE)

    Exec Addr    Load Addr    Size         Type   Attr      Idx    E Section Name        Object

    0x08000000   0x08000000   0x000001d8   Data   RO            3    RESET               startup_stm32g431xx.o
    0x080001d8   0x080001d8   0x00000008   Code   RO         4036  * !!!main             c_w.l(__main.o)
    0x080001e0   0x080001e0   0x00000034   Code   RO         4289    !!!scatter          c_w.l(__scatter.o)
    0x08000214   0x08000214   0x0000001a   Code   RO         4291    !!handler_copy      c_w.l(__scatter_copy.o)
    0x0800022e   0x0800022e   0x00000002   PAD
    0x08000230   0x08000230   0x0000001c   Code   RO         4293    !!handler_zi        c_w.l(__scatter_zi.o)
    0x0800024c   0x0800024c   0x00000000   Code   RO         4019    .ARM.Collect$$_printf_percent$$00000000  c_w.l(_printf_percent.o)
    0x0800024c   0x0800024c   0x00000006   Code   RO         4018    .ARM.Collect$$_printf_percent$$00000003  c_w.l(_printf_f.o)
    0x08000252   0x08000252   0x00000006   Code   RO         4017    .ARM.Collect$$_printf_percent$$00000009  c_w.l(_printf_d.o)
    0x08000258   0x08000258   0x00000006   Code   RO         4016    .ARM.Collect$$_printf_percent$$00000014  c_w.l(_printf_s.o)
    0x0800025e   0x0800025e   0x00000004   Code   RO         4063    .ARM.Collect$$_printf_percent$$00000017  c_w.l(_printf_percent_end.o)
    0x08000262   0x08000262   0x00000002   Code   RO         4159    .ARM.Collect$$libinit$$00000000  c_w.l(libinit.o)
    0x08000264   0x08000264   0x00000004   Code   RO         4160    .ARM.Collect$$libinit$$00000001  c_w.l(libinit2.o)
    0x08000268   0x08000268   0x00000000   Code   RO         4163    .ARM.Collect$$libinit$$00000004  c_w.l(libinit2.o)
    0x08000268   0x08000268   0x00000000   Code   RO         4166    .ARM.Collect$$libinit$$0000000A  c_w.l(libinit2.o)
    0x08000268   0x08000268   0x00000000   Code   RO         4168    .ARM.Collect$$libinit$$0000000C  c_w.l(libinit2.o)
    0x08000268   0x08000268   0x00000000   Code   RO         4170    .ARM.Collect$$libinit$$0000000E  c_w.l(libinit2.o)
    0x08000268   0x08000268   0x00000006   Code   RO         4171    .ARM.Collect$$libinit$$0000000F  c_w.l(libinit2.o)
    0x0800026e   0x0800026e   0x00000000   Code   RO         4173    .ARM.Collect$$libinit$$00000011  c_w.l(libinit2.o)
    0x0800026e   0x0800026e   0x0000000c   Code   RO         4174    .ARM.Collect$$libinit$$00000012  c_w.l(libinit2.o)
    0x0800027a   0x0800027a   0x00000000   Code   RO         4175    .ARM.Collect$$libinit$$00000013  c_w.l(libinit2.o)
    0x0800027a   0x0800027a   0x00000000   Code   RO         4177    .ARM.Collect$$libinit$$00000015  c_w.l(libinit2.o)
    0x0800027a   0x0800027a   0x0000000a   Code   RO         4178    .ARM.Collect$$libinit$$00000016  c_w.l(libinit2.o)
    0x08000284   0x08000284   0x00000000   Code   RO         4179    .ARM.Collect$$libinit$$00000017  c_w.l(libinit2.o)
    0x08000284   0x08000284   0x00000000   Code   RO         4181    .ARM.Collect$$libinit$$00000019  c_w.l(libinit2.o)
    0x08000284   0x08000284   0x00000000   Code   RO         4183    .ARM.Collect$$libinit$$0000001B  c_w.l(libinit2.o)
    0x08000284   0x08000284   0x00000000   Code   RO         4185    .ARM.Collect$$libinit$$0000001D  c_w.l(libinit2.o)
    0x08000284   0x08000284   0x00000000   Code   RO         4187    .ARM.Collect$$libinit$$0000001F  c_w.l(libinit2.o)
    0x08000284   0x08000284   0x00000000   Code   RO         4189    .ARM.Collect$$libinit$$00000021  c_w.l(libinit2.o)
    0x08000284   0x08000284   0x00000000   Code   RO         4191    .ARM.Collect$$libinit$$00000023  c_w.l(libinit2.o)
    0x08000284   0x08000284   0x00000000   Code   RO         4193    .ARM.Collect$$libinit$$00000025  c_w.l(libinit2.o)
    0x08000284   0x08000284   0x00000000   Code   RO         4197    .ARM.Collect$$libinit$$0000002C  c_w.l(libinit2.o)
    0x08000284   0x08000284   0x00000000   Code   RO         4199    .ARM.Collect$$libinit$$0000002E  c_w.l(libinit2.o)
    0x08000284   0x08000284   0x00000000   Code   RO         4201    .ARM.Collect$$libinit$$00000030  c_w.l(libinit2.o)
    0x08000284   0x08000284   0x00000000   Code   RO         4203    .ARM.Collect$$libinit$$00000032  c_w.l(libinit2.o)
    0x08000284   0x08000284   0x00000002   Code   RO         4204    .ARM.Collect$$libinit$$00000033  c_w.l(libinit2.o)
    0x08000286   0x08000286   0x00000002   Code   RO         4254    .ARM.Collect$$libshutdown$$00000000  c_w.l(libshutdown.o)
    0x08000288   0x08000288   0x00000000   Code   RO         4272    .ARM.Collect$$libshutdown$$00000002  c_w.l(libshutdown2.o)
    0x08000288   0x08000288   0x00000000   Code   RO         4274    .ARM.Collect$$libshutdown$$00000004  c_w.l(libshutdown2.o)
    0x08000288   0x08000288   0x00000000   Code   RO         4277    .ARM.Collect$$libshutdown$$00000007  c_w.l(libshutdown2.o)
    0x08000288   0x08000288   0x00000000   Code   RO         4280    .ARM.Collect$$libshutdown$$0000000A  c_w.l(libshutdown2.o)
    0x08000288   0x08000288   0x00000000   Code   RO         4282    .ARM.Collect$$libshutdown$$0000000C  c_w.l(libshutdown2.o)
    0x08000288   0x08000288   0x00000000   Code   RO         4285    .ARM.Collect$$libshutdown$$0000000F  c_w.l(libshutdown2.o)
    0x08000288   0x08000288   0x00000002   Code   RO         4286    .ARM.Collect$$libshutdown$$00000010  c_w.l(libshutdown2.o)
    0x0800028a   0x0800028a   0x00000000   Code   RO         4048    .ARM.Collect$$rtentry$$00000000  c_w.l(__rtentry.o)
    0x0800028a   0x0800028a   0x00000000   Code   RO         4078    .ARM.Collect$$rtentry$$00000002  c_w.l(__rtentry2.o)
    0x0800028a   0x0800028a   0x00000006   Code   RO         4090    .ARM.Collect$$rtentry$$00000004  c_w.l(__rtentry4.o)
    0x08000290   0x08000290   0x00000000   Code   RO         4080    .ARM.Collect$$rtentry$$00000009  c_w.l(__rtentry2.o)
    0x08000290   0x08000290   0x00000004   Code   RO         4081    .ARM.Collect$$rtentry$$0000000A  c_w.l(__rtentry2.o)
    0x08000294   0x08000294   0x00000000   Code   RO         4083    .ARM.Collect$$rtentry$$0000000C  c_w.l(__rtentry2.o)
    0x08000294   0x08000294   0x00000008   Code   RO         4084    .ARM.Collect$$rtentry$$0000000D  c_w.l(__rtentry2.o)
    0x0800029c   0x0800029c   0x00000002   Code   RO         4205    .ARM.Collect$$rtexit$$00000000  c_w.l(rtexit.o)
    0x0800029e   0x0800029e   0x00000000   Code   RO         4223    .ARM.Collect$$rtexit$$00000002  c_w.l(rtexit2.o)
    0x0800029e   0x0800029e   0x00000004   Code   RO         4224    .ARM.Collect$$rtexit$$00000003  c_w.l(rtexit2.o)
    0x080002a2   0x080002a2   0x00000006   Code   RO         4225    .ARM.Collect$$rtexit$$00000004  c_w.l(rtexit2.o)
    0x080002a8   0x080002a8   0x00000040   Code   RO            4    .text               startup_stm32g431xx.o
    0x080002e8   0x080002e8   0x000000ee   Code   RO         3984    .text               c_w.l(lludivv7m.o)
    0x080003d6   0x080003d6   0x00000002   PAD
    0x080003d8   0x080003d8   0x00000028   Code   RO         3988    .text               c_w.l(noretval__2sprintf.o)
    0x08000400   0x08000400   0x00000052   Code   RO         3992    .text               c_w.l(_printf_str.o)
    0x08000452   0x08000452   0x00000002   PAD
    0x08000454   0x08000454   0x00000078   Code   RO         3994    .text               c_w.l(_printf_dec.o)
    0x080004cc   0x080004cc   0x00000160   Code   RO         4011    .text               c_w.l(__printf_ss_wp.o)
    0x0800062c   0x0800062c   0x0000003c   Code   RO         4020    .text               c_w.l(__0sscanf.o)
    0x08000668   0x08000668   0x000000e0   Code   RO         4022    .text               c_w.l(_scanf_str.o)
    0x08000748   0x08000748   0x0000003e   Code   RO         4024    .text               c_w.l(strlen.o)
    0x08000786   0x08000786   0x0000008a   Code   RO         4026    .text               c_w.l(rt_memcpy_v6.o)
    0x08000810   0x08000810   0x00000044   Code   RO         4028    .text               c_w.l(rt_memclr.o)
    0x08000854   0x08000854   0x0000004e   Code   RO         4030    .text               c_w.l(rt_memclr_w.o)
    0x080008a2   0x080008a2   0x00000002   PAD
    0x080008a4   0x080008a4   0x00000080   Code   RO         4032    .text               c_w.l(strcmpv7m.o)
    0x08000924   0x08000924   0x00000006   Code   RO         4034    .text               c_w.l(heapauxi.o)
    0x0800092a   0x0800092a   0x000000b2   Code   RO         4053    .text               c_w.l(_printf_intcommon.o)
    0x080009dc   0x080009dc   0x0000041e   Code   RO         4055    .text               c_w.l(_printf_fp_dec.o)
    0x08000dfa   0x08000dfa   0x00000002   PAD
    0x08000dfc   0x08000dfc   0x00000030   Code   RO         4057    .text               c_w.l(_printf_char_common.o)
    0x08000e2c   0x08000e2c   0x0000000a   Code   RO         4059    .text               c_w.l(_sputc.o)
    0x08000e36   0x08000e36   0x0000002c   Code   RO         4061    .text               c_w.l(_printf_char.o)
    0x08000e62   0x08000e62   0x00000002   PAD
    0x08000e64   0x08000e64   0x0000002c   Code   RO         4064    .text               c_w.l(scanf_char.o)
    0x08000e90   0x08000e90   0x00000040   Code   RO         4066    .text               c_w.l(_sgetc.o)
    0x08000ed0   0x08000ed0   0x00000064   Code   RO         4068    .text               c_w.l(rt_memcpy_w.o)
    0x08000f34   0x08000f34   0x00000008   Code   RO         4097    .text               c_w.l(rt_locale_intlibspace.o)
    0x08000f3c   0x08000f3c   0x0000008a   Code   RO         4099    .text               c_w.l(lludiv10.o)
    0x08000fc6   0x08000fc6   0x00000012   Code   RO         4101    .text               c_w.l(isspace.o)
    0x08000fd8   0x08000fd8   0x00000080   Code   RO         4103    .text               c_w.l(_printf_fp_infnan.o)
    0x08001058   0x08001058   0x00000374   Code   RO         4107    .text               c_w.l(_scanf.o)
    0x080013cc   0x080013cc   0x000000e4   Code   RO         4109    .text               c_w.l(bigflt0.o)
    0x080014b0   0x080014b0   0x00000008   Code   RO         4141    .text               c_w.l(libspace.o)
    0x080014b8   0x080014b8   0x0000004a   Code   RO         4144    .text               c_w.l(sys_stackheap_outer.o)
    0x08001502   0x08001502   0x00000002   PAD
    0x08001504   0x08001504   0x00000010   Code   RO         4146    .text               c_w.l(rt_ctype_table.o)
    0x08001514   0x08001514   0x00000012   Code   RO         4148    .text               c_w.l(exit.o)
    0x08001526   0x08001526   0x00000002   PAD
    0x08001528   0x08001528   0x0000000c   Code   RO         4220    .text               c_w.l(sys_exit.o)
    0x08001534   0x08001534   0x00000002   Code   RO         4241    .text               c_w.l(use_no_semi.o)
    0x08001536   0x08001536   0x00000000   Code   RO         4243    .text               c_w.l(indicate_semi.o)
    0x08001536   0x08001536   0x0000003e   Code   RO         4112    CL$$btod_d2e        c_w.l(btod.o)
    0x08001574   0x08001574   0x00000046   Code   RO         4114    CL$$btod_d2e_denorm_low  c_w.l(btod.o)
    0x080015ba   0x080015ba   0x00000060   Code   RO         4113    CL$$btod_d2e_norm_op1  c_w.l(btod.o)
    0x0800161a   0x0800161a   0x00000338   Code   RO         4122    CL$$btod_div_common  c_w.l(btod.o)
    0x08001952   0x08001952   0x000000dc   Code   RO         4119    CL$$btod_e2e        c_w.l(btod.o)
    0x08001a2e   0x08001a2e   0x0000002a   Code   RO         4116    CL$$btod_ediv       c_w.l(btod.o)
    0x08001a58   0x08001a58   0x0000002a   Code   RO         4115    CL$$btod_emul       c_w.l(btod.o)
    0x08001a82   0x08001a82   0x00000244   Code   RO         4121    CL$$btod_mult_common  c_w.l(btod.o)
    0x08001cc6   0x08001cc6   0x00000002   Code   RO          349    i.BusFault_Handler  stm32g4xx_it.o
    0x08001cc8   0x08001cc8   0x00000002   Code   RO          350    i.DebugMon_Handler  stm32g4xx_it.o
    0x08001cca   0x08001cca   0x0000001c   Code   RO         3751    i.Delay_LCD         bsp_lcd.o
    0x08001ce6   0x08001ce6   0x00000004   Code   RO           13    i.Error_Handler     main.o
    0x08001cea   0x08001cea   0x0000006a   Code   RO         2700    i.HAL_DMA_Abort     stm32g4xx_hal_dma.o
    0x08001d54   0x08001d54   0x00000078   Code   RO         2701    i.HAL_DMA_Abort_IT  stm32g4xx_hal_dma.o
    0x08001dcc   0x08001dcc   0x00000024   Code   RO         1853    i.HAL_Delay         stm32g4xx_hal.o
    0x08001df0   0x08001df0   0x00000248   Code   RO         2562    i.HAL_GPIO_Init     stm32g4xx_hal_gpio.o
    0x08002038   0x08002038   0x0000000a   Code   RO         2564    i.HAL_GPIO_ReadPin  stm32g4xx_hal_gpio.o
    0x08002042   0x08002042   0x0000000a   Code   RO         2566    i.HAL_GPIO_WritePin  stm32g4xx_hal_gpio.o
    0x0800204c   0x0800204c   0x0000000c   Code   RO         1857    i.HAL_GetTick       stm32g4xx_hal.o
    0x08002058   0x08002058   0x00000010   Code   RO         1863    i.HAL_IncTick       stm32g4xx_hal.o
    0x08002068   0x08002068   0x0000001e   Code   RO         1864    i.HAL_Init          stm32g4xx_hal.o
    0x08002086   0x08002086   0x00000002   PAD
    0x08002088   0x08002088   0x00000044   Code   RO         1865    i.HAL_InitTick      stm32g4xx_hal.o
    0x080020cc   0x080020cc   0x00000030   Code   RO          437    i.HAL_MspInit       stm32g4xx_hal_msp.o
    0x080020fc   0x080020fc   0x0000001a   Code   RO         2969    i.HAL_NVIC_EnableIRQ  stm32g4xx_hal_cortex.o
    0x08002116   0x08002116   0x00000002   PAD
    0x08002118   0x08002118   0x00000040   Code   RO         2975    i.HAL_NVIC_SetPriority  stm32g4xx_hal_cortex.o
    0x08002158   0x08002158   0x00000024   Code   RO         2976    i.HAL_NVIC_SetPriorityGrouping  stm32g4xx_hal_cortex.o
    0x0800217c   0x0800217c   0x000000bc   Code   RO         1607    i.HAL_PWREx_ControlVoltageScaling  stm32g4xx_hal_pwr_ex.o
    0x08002238   0x08002238   0x00000010   Code   RO         1619    i.HAL_PWREx_DisableUCPDDeadBattery  stm32g4xx_hal_pwr_ex.o
    0x08002248   0x08002248   0x00000288   Code   RO         2224    i.HAL_RCCEx_PeriphCLKConfig  stm32g4xx_hal_rcc_ex.o
    0x080024d0   0x080024d0   0x000001dc   Code   RO         2099    i.HAL_RCC_ClockConfig  stm32g4xx_hal_rcc.o
    0x080026ac   0x080026ac   0x00000024   Code   RO         2107    i.HAL_RCC_GetPCLK1Freq  stm32g4xx_hal_rcc.o
    0x080026d0   0x080026d0   0x00000024   Code   RO         2108    i.HAL_RCC_GetPCLK2Freq  stm32g4xx_hal_rcc.o
    0x080026f4   0x080026f4   0x00000070   Code   RO         2109    i.HAL_RCC_GetSysClockFreq  stm32g4xx_hal_rcc.o
    0x08002764   0x08002764   0x00000404   Code   RO         2112    i.HAL_RCC_OscConfig  stm32g4xx_hal_rcc.o
    0x08002b68   0x08002b68   0x00000028   Code   RO         2980    i.HAL_SYSTICK_Config  stm32g4xx_hal_cortex.o
    0x08002b90   0x08002b90   0x00000002   Code   RO         1177    i.HAL_TIMEx_Break2Callback  stm32g4xx_hal_tim_ex.o
    0x08002b92   0x08002b92   0x00000002   Code   RO         1178    i.HAL_TIMEx_BreakCallback  stm32g4xx_hal_tim_ex.o
    0x08002b94   0x08002b94   0x00000002   Code   RO         1179    i.HAL_TIMEx_CommutCallback  stm32g4xx_hal_tim_ex.o
    0x08002b96   0x08002b96   0x00000002   PAD
    0x08002b98   0x08002b98   0x0000009c   Code   RO         1182    i.HAL_TIMEx_ConfigBreakDeadTime  stm32g4xx_hal_tim_ex.o
    0x08002c34   0x08002c34   0x00000002   Code   RO         1190    i.HAL_TIMEx_DirectionChangeCallback  stm32g4xx_hal_tim_ex.o
    0x08002c36   0x08002c36   0x00000002   Code   RO         1204    i.HAL_TIMEx_EncoderIndexCallback  stm32g4xx_hal_tim_ex.o
    0x08002c38   0x08002c38   0x00000002   Code   RO         1218    i.HAL_TIMEx_IndexErrorCallback  stm32g4xx_hal_tim_ex.o
    0x08002c3a   0x08002c3a   0x00000002   PAD
    0x08002c3c   0x08002c3c   0x0000009c   Code   RO         1219    i.HAL_TIMEx_MasterConfigSynchronization  stm32g4xx_hal_tim_ex.o
    0x08002cd8   0x08002cd8   0x00000002   Code   RO         1240    i.HAL_TIMEx_TransitionErrorCallback  stm32g4xx_hal_tim_ex.o
    0x08002cda   0x08002cda   0x00000062   Code   RO          463    i.HAL_TIM_Base_Init  stm32g4xx_hal_tim.o
    0x08002d3c   0x08002d3c   0x00000054   Code   RO          254    i.HAL_TIM_Base_MspInit  tim.o
    0x08002d90   0x08002d90   0x00000078   Code   RO          468    i.HAL_TIM_Base_Start_IT  stm32g4xx_hal_tim.o
    0x08002e08   0x08002e08   0x00000100   Code   RO          472    i.HAL_TIM_ConfigClockSource  stm32g4xx_hal_tim.o
    0x08002f08   0x08002f08   0x00000002   Code   RO          497    i.HAL_TIM_IC_CaptureCallback  stm32g4xx_hal_tim.o
    0x08002f0a   0x08002f0a   0x000001a2   Code   RO          511    i.HAL_TIM_IRQHandler  stm32g4xx_hal_tim.o
    0x080030ac   0x080030ac   0x00000050   Code   RO          255    i.HAL_TIM_MspPostInit  tim.o
    0x080030fc   0x080030fc   0x00000002   Code   RO          514    i.HAL_TIM_OC_DelayElapsedCallback  stm32g4xx_hal_tim.o
    0x080030fe   0x080030fe   0x00000124   Code   RO          535    i.HAL_TIM_PWM_ConfigChannel  stm32g4xx_hal_tim.o
    0x08003222   0x08003222   0x00000062   Code   RO          538    i.HAL_TIM_PWM_Init  stm32g4xx_hal_tim.o
    0x08003284   0x08003284   0x00000002   Code   RO          540    i.HAL_TIM_PWM_MspInit  stm32g4xx_hal_tim.o
    0x08003286   0x08003286   0x00000002   Code   RO          541    i.HAL_TIM_PWM_PulseFinishedCallback  stm32g4xx_hal_tim.o
    0x08003288   0x08003288   0x000000fc   Code   RO          543    i.HAL_TIM_PWM_Start  stm32g4xx_hal_tim.o
    0x08003384   0x08003384   0x000000ac   Code   RO          546    i.HAL_TIM_PWM_Stop  stm32g4xx_hal_tim.o
    0x08003430   0x08003430   0x0000008c   Code   RO         3714    i.HAL_TIM_PeriodElapsedCallback  interrupt.o
    0x080034bc   0x080034bc   0x00000002   Code   RO          554    i.HAL_TIM_TriggerCallback  stm32g4xx_hal_tim.o
    0x080034be   0x080034be   0x0000003e   Code   RO         3519    i.HAL_UARTEx_DisableFifoMode  stm32g4xx_hal_uart_ex.o
    0x080034fc   0x080034fc   0x00000002   Code   RO         3108    i.HAL_UARTEx_RxEventCallback  stm32g4xx_hal_uart.o
    0x080034fe   0x080034fe   0x00000002   Code   RO         3527    i.HAL_UARTEx_RxFifoFullCallback  stm32g4xx_hal_uart_ex.o
    0x08003500   0x08003500   0x0000004c   Code   RO         3528    i.HAL_UARTEx_SetRxFifoThreshold  stm32g4xx_hal_uart_ex.o
    0x0800354c   0x0800354c   0x0000004c   Code   RO         3529    i.HAL_UARTEx_SetTxFifoThreshold  stm32g4xx_hal_uart_ex.o
    0x08003598   0x08003598   0x00000002   Code   RO         3531    i.HAL_UARTEx_TxFifoEmptyCallback  stm32g4xx_hal_uart_ex.o
    0x0800359a   0x0800359a   0x00000002   Code   RO         3532    i.HAL_UARTEx_WakeupCallback  stm32g4xx_hal_uart_ex.o
    0x0800359c   0x0800359c   0x00000002   Code   RO         3124    i.HAL_UART_ErrorCallback  stm32g4xx_hal_uart.o
    0x0800359e   0x0800359e   0x00000002   PAD
    0x080035a0   0x080035a0   0x0000030c   Code   RO         3127    i.HAL_UART_IRQHandler  stm32g4xx_hal_uart.o
    0x080038ac   0x080038ac   0x0000006a   Code   RO         3128    i.HAL_UART_Init     stm32g4xx_hal_uart.o
    0x08003916   0x08003916   0x00000002   PAD
    0x08003918   0x08003918   0x0000008c   Code   RO          308    i.HAL_UART_MspInit  usart.o
    0x080039a4   0x080039a4   0x00000048   Code   RO         3133    i.HAL_UART_Receive_IT  stm32g4xx_hal_uart.o
    0x080039ec   0x080039ec   0x00000024   Code   RO         3715    i.HAL_UART_RxCpltCallback  interrupt.o
    0x08003a10   0x08003a10   0x000000ae   Code   RO         3137    i.HAL_UART_Transmit  stm32g4xx_hal_uart.o
    0x08003abe   0x08003abe   0x00000002   Code   RO         3140    i.HAL_UART_TxCpltCallback  stm32g4xx_hal_uart.o
    0x08003ac0   0x08003ac0   0x00000002   Code   RO          351    i.HardFault_Handler  stm32g4xx_it.o
    0x08003ac2   0x08003ac2   0x00000002   PAD
    0x08003ac4   0x08003ac4   0x0000002c   Code   RO         3752    i.LCD_BusIn         bsp_lcd.o
    0x08003af0   0x08003af0   0x00000030   Code   RO         3753    i.LCD_BusOut        bsp_lcd.o
    0x08003b20   0x08003b20   0x00000024   Code   RO         3754    i.LCD_Clear         bsp_lcd.o
    0x08003b44   0x08003b44   0x00000090   Code   RO         3756    i.LCD_CtrlLinesConfig  bsp_lcd.o
    0x08003bd4   0x08003bd4   0x00000018   Code   RO         3757    i.LCD_DisplayChar   bsp_lcd.o
    0x08003bec   0x08003bec   0x0000002a   Code   RO         3760    i.LCD_DisplayStringLine  bsp_lcd.o
    0x08003c16   0x08003c16   0x00000002   PAD
    0x08003c18   0x08003c18   0x00000058   Code   RO         3761    i.LCD_DrawChar      bsp_lcd.o
    0x08003c70   0x08003c70   0x00000034   Code   RO         3767    i.LCD_Init          bsp_lcd.o
    0x08003ca4   0x08003ca4   0x00000080   Code   RO         3770    i.LCD_ReadReg       bsp_lcd.o
    0x08003d24   0x08003d24   0x00000010   Code   RO         3771    i.LCD_SetBackColor  bsp_lcd.o
    0x08003d34   0x08003d34   0x00000018   Code   RO         3772    i.LCD_SetCursor     bsp_lcd.o
    0x08003d4c   0x08003d4c   0x00000010   Code   RO         3774    i.LCD_SetTextColor  bsp_lcd.o
    0x08003d5c   0x08003d5c   0x00000058   Code   RO         3777    i.LCD_WriteRAM      bsp_lcd.o
    0x08003db4   0x08003db4   0x0000005c   Code   RO         3778    i.LCD_WriteRAM_Prepare  bsp_lcd.o
    0x08003e10   0x08003e10   0x0000006c   Code   RO         3779    i.LCD_WriteReg      bsp_lcd.o
    0x08003e7c   0x08003e7c   0x00000040   Code   RO         3675    i.LED_Dsp           led.o
    0x08003ebc   0x08003ebc   0x000000d4   Code   RO          229    i.MX_GPIO_Init      gpio.o
    0x08003f90   0x08003f90   0x0000009c   Code   RO          256    i.MX_TIM17_Init     tim.o
    0x0800402c   0x0800402c   0x00000068   Code   RO          257    i.MX_TIM3_Init      tim.o
    0x08004094   0x08004094   0x00000068   Code   RO          309    i.MX_USART1_UART_Init  usart.o
    0x080040fc   0x080040fc   0x00000002   Code   RO          352    i.MemManage_Handler  stm32g4xx_it.o
    0x080040fe   0x080040fe   0x00000002   Code   RO          353    i.NMI_Handler       stm32g4xx_it.o
    0x08004100   0x08004100   0x00000002   Code   RO          354    i.PendSV_Handler    stm32g4xx_it.o
    0x08004102   0x08004102   0x00000112   Code   RO         3780    i.REG_8230_Init     bsp_lcd.o
    0x08004214   0x08004214   0x00000202   Code   RO         3781    i.REG_932X_Init     bsp_lcd.o
    0x08004416   0x08004416   0x00000002   Code   RO          355    i.SVC_Handler       stm32g4xx_it.o
    0x08004418   0x08004418   0x00000004   Code   RO          356    i.SysTick_Handler   stm32g4xx_it.o
    0x0800441c   0x0800441c   0x00000066   Code   RO           14    i.SystemClock_Config  main.o
    0x08004482   0x08004482   0x00000002   PAD
    0x08004484   0x08004484   0x00000010   Code   RO         3638    i.SystemInit        system_stm32g4xx.o
    0x08004494   0x08004494   0x0000000c   Code   RO          357    i.TIM3_IRQHandler   stm32g4xx_it.o
    0x080044a0   0x080044a0   0x000000bc   Code   RO          556    i.TIM_Base_SetConfig  stm32g4xx_hal_tim.o
    0x0800455c   0x0800455c   0x0000001a   Code   RO          557    i.TIM_CCxChannelCmd  stm32g4xx_hal_tim.o
    0x08004576   0x08004576   0x00000014   Code   RO          567    i.TIM_ETR_SetConfig  stm32g4xx_hal_tim.o
    0x0800458a   0x0800458a   0x00000002   PAD
    0x0800458c   0x0800458c   0x00000014   Code   RO          568    i.TIM_ITRx_SetConfig  stm32g4xx_hal_tim.o
    0x080045a0   0x080045a0   0x0000009c   Code   RO          569    i.TIM_OC1_SetConfig  stm32g4xx_hal_tim.o
    0x0800463c   0x0800463c   0x00000090   Code   RO          570    i.TIM_OC2_SetConfig  stm32g4xx_hal_tim.o
    0x080046cc   0x080046cc   0x00000090   Code   RO          571    i.TIM_OC3_SetConfig  stm32g4xx_hal_tim.o
    0x0800475c   0x0800475c   0x00000090   Code   RO          572    i.TIM_OC4_SetConfig  stm32g4xx_hal_tim.o
    0x080047ec   0x080047ec   0x00000070   Code   RO          573    i.TIM_OC5_SetConfig  stm32g4xx_hal_tim.o
    0x0800485c   0x0800485c   0x00000070   Code   RO          574    i.TIM_OC6_SetConfig  stm32g4xx_hal_tim.o
    0x080048cc   0x080048cc   0x00000022   Code   RO          576    i.TIM_TI1_ConfigInputStage  stm32g4xx_hal_tim.o
    0x080048ee   0x080048ee   0x00000024   Code   RO          578    i.TIM_TI2_ConfigInputStage  stm32g4xx_hal_tim.o
    0x08004912   0x08004912   0x00000002   PAD
    0x08004914   0x08004914   0x00000044   Code   RO         3533    i.UARTEx_SetNbDataToProcess  stm32g4xx_hal_uart_ex.o
    0x08004958   0x08004958   0x000000c8   Code   RO         3142    i.UART_AdvFeatureConfig  stm32g4xx_hal_uart.o
    0x08004a20   0x08004a20   0x000000ac   Code   RO         3143    i.UART_CheckIdleState  stm32g4xx_hal_uart.o
    0x08004acc   0x08004acc   0x00000014   Code   RO         3144    i.UART_DMAAbortOnError  stm32g4xx_hal_uart.o
    0x08004ae0   0x08004ae0   0x00000054   Code   RO         3154    i.UART_EndRxTransfer  stm32g4xx_hal_uart.o
    0x08004b34   0x08004b34   0x000000c8   Code   RO         3156    i.UART_RxISR_16BIT  stm32g4xx_hal_uart.o
    0x08004bfc   0x08004bfc   0x000001a0   Code   RO         3157    i.UART_RxISR_16BIT_FIFOEN  stm32g4xx_hal_uart.o
    0x08004d9c   0x08004d9c   0x000000c8   Code   RO         3158    i.UART_RxISR_8BIT   stm32g4xx_hal_uart.o
    0x08004e64   0x08004e64   0x000001a0   Code   RO         3159    i.UART_RxISR_8BIT_FIFOEN  stm32g4xx_hal_uart.o
    0x08005004   0x08005004   0x00000274   Code   RO         3160    i.UART_SetConfig    stm32g4xx_hal_uart.o
    0x08005278   0x08005278   0x00000110   Code   RO         3162    i.UART_Start_Receive_IT  stm32g4xx_hal_uart.o
    0x08005388   0x08005388   0x00000094   Code   RO         3167    i.UART_WaitOnFlagUntilTimeout  stm32g4xx_hal_uart.o
    0x0800541c   0x0800541c   0x0000000c   Code   RO          358    i.USART1_IRQHandler  stm32g4xx_it.o
    0x08005428   0x08005428   0x00000002   Code   RO          359    i.UsageFault_Handler  stm32g4xx_it.o
    0x0800542a   0x0800542a   0x00000030   Code   RO         4139    i.__ARM_fpclassify  m_wm.l(fpclassify.o)
    0x0800545a   0x0800545a   0x00000020   Code   RO         2982    i.__NVIC_SetPriority  stm32g4xx_hal_cortex.o
    0x0800547a   0x0800547a   0x0000000e   Code   RO         4006    i._is_digit         c_w.l(__printf_wp.o)
    0x08005488   0x08005488   0x0000003c   Code   RO           15    i.error_proc        main.o
    0x080054c4   0x080054c4   0x00000078   Code   RO           16    i.inCar             main.o
    0x0800553c   0x0800553c   0x00000128   Code   RO           17    i.key_proc          main.o
    0x08005664   0x08005664   0x00000118   Code   RO           18    i.lcd_proc          main.o
    0x0800577c   0x0800577c   0x0000002c   Code   RO           19    i.led_proc          main.o
    0x080057a8   0x080057a8   0x00000080   Code   RO           20    i.main              main.o
    0x08005828   0x08005828   0x00000044   Code   RO           21    i.outCar            main.o
    0x0800586c   0x0800586c   0x000000f0   Code   RO           22    i.uart_rx_proc      main.o
    0x0800595c   0x0800595c   0x0000002c   Code   RO         4135    locale$$code        c_w.l(lc_numeric_c.o)
    0x08005988   0x08005988   0x0000002c   Code   RO         4210    locale$$code        c_w.l(lc_ctype_c.o)
    0x080059b4   0x080059b4   0x00000150   Code   RO         4038    x$fpl$dadd          fz_wm.l(daddsub_clz.o)
    0x08005b04   0x08005b04   0x00000018   Code   RO         4070    x$fpl$dcmpinf       fz_wm.l(dcmpi.o)
    0x08005b1c   0x08005b1c   0x00000078   Code   RO         4044    x$fpl$dleqf         fz_wm.l(dleqf.o)
    0x08005b94   0x08005b94   0x0000009c   Code   RO         4072    x$fpl$dnaninf       fz_wm.l(dnaninf.o)
    0x08005c30   0x08005c30   0x0000000c   Code   RO         4074    x$fpl$dretinf       fz_wm.l(dretinf.o)
    0x08005c3c   0x08005c3c   0x000001d4   Code   RO         4040    x$fpl$dsub          fz_wm.l(daddsub_clz.o)
    0x08005e10   0x08005e10   0x0000000a   Code   RO         4218    x$fpl$fpinit        fz_wm.l(fpinit.o)
    0x08005e1a   0x08005e1a   0x00000004   Code   RO         4046    x$fpl$printf1       fz_wm.l(printf1.o)
    0x08005e1e   0x08005e1e   0x00000000   Code   RO         4076    x$fpl$usenofp       fz_wm.l(usenofp.o)
    0x08005e1e   0x08005e1e   0x00000018   Data   RO         3168    .constdata          stm32g4xx_hal_uart.o
    0x08005e36   0x08005e36   0x00000010   Data   RO         3534    .constdata          stm32g4xx_hal_uart_ex.o
    0x08005e46   0x08005e46   0x00000010   Data   RO         3639    .constdata          system_stm32g4xx.o
    0x08005e56   0x08005e56   0x00000008   Data   RO         3640    .constdata          system_stm32g4xx.o
    0x08005e5e   0x08005e5e   0x000011d0   Data   RO         3782    .constdata          bsp_lcd.o
    0x0800702e   0x0800702e   0x00000002   PAD
    0x08007030   0x08007030   0x00000094   Data   RO         4110    .constdata          c_w.l(bigflt0.o)
    0x080070c4   0x080070c4   0x00000020   Data   RO         4287    Region$$Table       anon$$obj.o
    0x080070e4   0x080070e4   0x0000001c   Data   RO         4134    locale$$data        c_w.l(lc_numeric_c.o)
    0x08007100   0x08007100   0x00000110   Data   RO         4209    locale$$data        c_w.l(lc_ctype_c.o)


    Execution Region RW_IRAM1 (Exec base: 0x20000000, Load base: 0x08007210, Size: 0x000008c0, Max: 0x00008000, ABSOLUTE)

    Exec Addr    Load Addr    Size         Type   Attr      Idx    E Section Name        Object

    0x20000000   0x08007210   0x00000020   Data   RW           23    .data               main.o
    0x20000020   0x08007230   0x0000000c   Data   RW         1884    .data               stm32g4xx_hal.o
    0x2000002c   0x0800723c   0x00000004   Data   RW         3641    .data               system_stm32g4xx.o
    0x20000030   0x08007240   0x00000002   Data   RW         3717    .data               interrupt.o
    0x20000032   0x08007242   0x00000006   Data   RW         3783    .data               bsp_lcd.o
    0x20000038        -       0x00000098   Zero   RW          258    .bss                tim.o
    0x200000d0        -       0x00000094   Zero   RW          310    .bss                usart.o
    0x20000164        -       0x0000002a   Zero   RW         3716    .bss                interrupt.o
    0x2000018e        -       0x000000b8   Zero   RW         3960    .bss                calculation.o
    0x20000246        -       0x00000017   Zero   RW         3961    .bss                calculation.o
    0x2000025d   0x08007248   0x00000003   PAD
    0x20000260        -       0x00000060   Zero   RW         4142    .bss                c_w.l(libspace.o)
    0x200002c0        -       0x00000200   Zero   RW            2    HEAP                startup_stm32g431xx.o
    0x200004c0        -       0x00000400   Zero   RW            1    STACK               startup_stm32g431xx.o


==============================================================================

Image component sizes


      Code (inc. data)   RO Data    RW Data    ZI Data      Debug   Object Name

      1766         76       4560          6          0      13406   bsp_lcd.o
         0          0          0          0        207        854   calculation.o
       212         18          0          0          0       1015   gpio.o
       176         26          0          2         42       2242   interrupt.o
        64         10          0          0          0        550   led.o
      1342        304          0         32          0     648820   main.o
        64         26        472          0       1536        844   startup_stm32g431xx.o
       162         24          0         12          0       4313   stm32g4xx_hal.o
       198         14          0          0          0      33823   stm32g4xx_hal_cortex.o
       226          0          0          0          0       1935   stm32g4xx_hal_dma.o
       604         34          0          0          0       3003   stm32g4xx_hal_gpio.o
        48          6          0          0          0        862   stm32g4xx_hal_msp.o
       204         18          0          0          0       1401   stm32g4xx_hal_pwr_ex.o
      1688         92          0          0          0       6264   stm32g4xx_hal_rcc.o
       648         10          0          0          0       1876   stm32g4xx_hal_rcc_ex.o
      2852        278          0          0          0      19677   stm32g4xx_hal_tim.o
       326         32          0          0          0       6300   stm32g4xx_hal_tim_ex.o
      3894        140         24          0          0      37038   stm32g4xx_hal_uart.o
       288          6         16          0          0       5370   stm32g4xx_hal_uart_ex.o
        44         12          0          0          0       5084   stm32g4xx_it.o
        16          4         24          4          0       1127   system_stm32g4xx.o
       424         38          0          0        152       3107   tim.o
       244         18          0          0        148       1794   usart.o

    ----------------------------------------------------------------------
     15512       1186       5130         56       2088     800705   Object Totals
         0          0         32          0          0          0   (incl. Generated)
        22          0          2          0          3          0   (incl. Padding)

    ----------------------------------------------------------------------

      Code (inc. data)   RO Data    RW Data    ZI Data      Debug   Library Member Name

        60          8          0          0          0         84   __0sscanf.o
         8          0          0          0          0         68   __main.o
       352          0          0          0          0         88   __printf_ss_wp.o
        14          0          0          0          0         68   __printf_wp.o
         0          0          0          0          0          0   __rtentry.o
        12          0          0          0          0          0   __rtentry2.o
         6          0          0          0          0          0   __rtentry4.o
        52          8          0          0          0          0   __scatter.o
        26          0          0          0          0          0   __scatter_copy.o
        28          0          0          0          0          0   __scatter_zi.o
        44          0          0          0          0        108   _printf_char.o
        48          6          0          0          0         96   _printf_char_common.o
         6          0          0          0          0          0   _printf_d.o
       120         16          0          0          0         92   _printf_dec.o
         6          0          0          0          0          0   _printf_f.o
      1054          0          0          0          0        216   _printf_fp_dec.o
       128         16          0          0          0         84   _printf_fp_infnan.o
       178          0          0          0          0         88   _printf_intcommon.o
         0          0          0          0          0          0   _printf_percent.o
         4          0          0          0          0          0   _printf_percent_end.o
         6          0          0          0          0          0   _printf_s.o
        82          0          0          0          0         80   _printf_str.o
       884          6          0          0          0        100   _scanf.o
       224          0          0          0          0         96   _scanf_str.o
        64          0          0          0          0         84   _sgetc.o
        10          0          0          0          0         68   _sputc.o
       228          4        148          0          0         96   bigflt0.o
      1936        128          0          0          0        672   btod.o
        18          0          0          0          0         80   exit.o
         6          0          0          0          0        152   heapauxi.o
         0          0          0          0          0          0   indicate_semi.o
        18          0          0          0          0         76   isspace.o
        44         10        272          0          0         76   lc_ctype_c.o
        44         10         28          0          0         76   lc_numeric_c.o
         2          0          0          0          0          0   libinit.o
        34          0          0          0          0          0   libinit2.o
         2          0          0          0          0          0   libshutdown.o
         2          0          0          0          0          0   libshutdown2.o
         8          4          0          0         96         68   libspace.o
       138          0          0          0          0         80   lludiv10.o
       238          0          0          0          0        100   lludivv7m.o
        40          6          0          0          0         84   noretval__2sprintf.o
        16          4          0          0          0         76   rt_ctype_table.o
         8          4          0          0          0         68   rt_locale_intlibspace.o
        68          0          0          0          0         68   rt_memclr.o
        78          0          0          0          0         80   rt_memclr_w.o
       138          0          0          0          0         68   rt_memcpy_v6.o
       100          0          0          0          0         80   rt_memcpy_w.o
         2          0          0          0          0          0   rtexit.o
        10          0          0          0          0          0   rtexit2.o
        44          8          0          0          0         84   scanf_char.o
       128          0          0          0          0         68   strcmpv7m.o
        62          0          0          0          0         76   strlen.o
        12          4          0          0          0         68   sys_exit.o
        74          0          0          0          0         80   sys_stackheap_outer.o
         2          0          0          0          0         68   use_no_semi.o
       804         16          0          0          0        368   daddsub_clz.o
        24          0          0          0          0        116   dcmpi.o
       120          4          0          0          0        140   dleqf.o
       156          4          0          0          0        140   dnaninf.o
        12          0          0          0          0        116   dretinf.o
        10          0          0          0          0        116   fpinit.o
         4          0          0          0          0        116   printf1.o
         0          0          0          0          0          0   usenofp.o
        48          0          0          0          0        124   fpclassify.o

    ----------------------------------------------------------------------
      8110        266        448          0         96       5100   Library Totals
        16          0          0          0          0          0   (incl. Padding)

    ----------------------------------------------------------------------

      Code (inc. data)   RO Data    RW Data    ZI Data      Debug   Library Name

      6916        242        448          0         96       3864   c_w.l
      1130         24          0          0          0       1112   fz_wm.l
        48          0          0          0          0        124   m_wm.l

    ----------------------------------------------------------------------
      8110        266        448          0         96       5100   Library Totals

    ----------------------------------------------------------------------

==============================================================================


      Code (inc. data)   RO Data    RW Data    ZI Data      Debug   

     23622       1452       5578         56       2184     790221   Grand Totals
     23622       1452       5578         56       2184     790221   ELF Image Totals
     23622       1452       5578         56          0          0   ROM Totals

==============================================================================

    Total RO  Size (Code + RO Data)                29200 (  28.52kB)
    Total RW  Size (RW Data + ZI Data)              2240 (   2.19kB)
    Total ROM Size (Code + RO Data + RW Data)      29256 (  28.57kB)

==============================================================================

