Component: ARM Compiler 5.06 update 6 (build 750) Tool: armlink [4d35ed]

==============================================================================

Section Cross References

    startup_stm32g431xx.o(STACK) refers (Special) to heapauxi.o(.text) for __use_two_region_memory
    startup_stm32g431xx.o(HEAP) refers (Special) to heapauxi.o(.text) for __use_two_region_memory
    startup_stm32g431xx.o(RESET) refers (Special) to heapauxi.o(.text) for __use_two_region_memory
    startup_stm32g431xx.o(RESET) refers to startup_stm32g431xx.o(STACK) for __initial_sp
    startup_stm32g431xx.o(RESET) refers to startup_stm32g431xx.o(.text) for Reset_Handler
    startup_stm32g431xx.o(RESET) refers to stm32g4xx_it.o(i.NMI_Handler) for NMI_Handler
    startup_stm32g431xx.o(RESET) refers to stm32g4xx_it.o(i.HardFault_Handler) for HardFault_Handler
    startup_stm32g431xx.o(RESET) refers to stm32g4xx_it.o(i.MemManage_Handler) for MemManage_Handler
    startup_stm32g431xx.o(RESET) refers to stm32g4xx_it.o(i.BusFault_Handler) for BusFault_Handler
    startup_stm32g431xx.o(RESET) refers to stm32g4xx_it.o(i.UsageFault_Handler) for UsageFault_Handler
    startup_stm32g431xx.o(RESET) refers to stm32g4xx_it.o(i.SVC_Handler) for SVC_Handler
    startup_stm32g431xx.o(RESET) refers to stm32g4xx_it.o(i.DebugMon_Handler) for DebugMon_Handler
    startup_stm32g431xx.o(RESET) refers to stm32g4xx_it.o(i.PendSV_Handler) for PendSV_Handler
    startup_stm32g431xx.o(RESET) refers to stm32g4xx_it.o(i.SysTick_Handler) for SysTick_Handler
    startup_stm32g431xx.o(RESET) refers to stm32g4xx_it.o(i.TIM2_IRQHandler) for TIM2_IRQHandler
    startup_stm32g431xx.o(RESET) refers to stm32g4xx_it.o(i.TIM3_IRQHandler) for TIM3_IRQHandler
    startup_stm32g431xx.o(RESET) refers to stm32g4xx_it.o(i.TIM4_IRQHandler) for TIM4_IRQHandler
    startup_stm32g431xx.o(RESET) refers to stm32g4xx_it.o(i.USART1_IRQHandler) for USART1_IRQHandler
    startup_stm32g431xx.o(.text) refers (Special) to heapauxi.o(.text) for __use_two_region_memory
    startup_stm32g431xx.o(.text) refers to system_stm32g4xx.o(i.SystemInit) for SystemInit
    startup_stm32g431xx.o(.text) refers to __main.o(!!!main) for __main
    startup_stm32g431xx.o(.text) refers to startup_stm32g431xx.o(HEAP) for Heap_Mem
    startup_stm32g431xx.o(.text) refers to startup_stm32g431xx.o(STACK) for Stack_Mem
    main.o(i.SystemClock_Config) refers to rt_memclr_w.o(.text) for __aeabi_memclr4
    main.o(i.SystemClock_Config) refers to stm32g4xx_hal_pwr_ex.o(i.HAL_PWREx_ControlVoltageScaling) for HAL_PWREx_ControlVoltageScaling
    main.o(i.SystemClock_Config) refers to stm32g4xx_hal_rcc.o(i.HAL_RCC_OscConfig) for HAL_RCC_OscConfig
    main.o(i.SystemClock_Config) refers to main.o(i.Error_Handler) for Error_Handler
    main.o(i.SystemClock_Config) refers to stm32g4xx_hal_rcc.o(i.HAL_RCC_ClockConfig) for HAL_RCC_ClockConfig
    main.o(i.disp_proc) refers to _printf_percent.o(.ARM.Collect$$_printf_percent$$00000000) for _printf_percent
    main.o(i.disp_proc) refers to _printf_f.o(.ARM.Collect$$_printf_percent$$00000003) for _printf_f
    main.o(i.disp_proc) refers to printf1.o(x$fpl$printf1) for _printf_fp_dec
    main.o(i.disp_proc) refers to _printf_d.o(.ARM.Collect$$_printf_percent$$00000009) for _printf_d
    main.o(i.disp_proc) refers to _printf_dec.o(.text) for _printf_int_dec
    main.o(i.disp_proc) refers to noretval__2sprintf.o(.text) for __2sprintf
    main.o(i.disp_proc) refers to bsp_lcd.o(i.LCD_DisplayStringLine) for LCD_DisplayStringLine
    main.o(i.disp_proc) refers to badc.o(i.getADC) for getADC
    main.o(i.disp_proc) refers to i2c_hal.o(i.eeprom_read) for eeprom_read
    main.o(i.disp_proc) refers to stm32g4xx_hal.o(.data) for uwTick
    main.o(i.disp_proc) refers to main.o(.data) for disp_tick
    main.o(i.disp_proc) refers to adc.o(.bss) for hadc1
    main.o(i.disp_proc) refers to interrupt.o(.data) for frq1
    main.o(i.eep_w) refers to i2c_hal.o(i.eeprom_write) for eeprom_write
    main.o(i.eep_w) refers to stm32g4xx_hal.o(i.HAL_Delay) for HAL_Delay
    main.o(i.eep_w) refers to main.o(.data) for pa6_duty
    main.o(i.key_proc) refers to bsp_lcd.o(i.LCD_Clear) for LCD_Clear
    main.o(i.key_proc) refers to main.o(i.uart_transmit) for uart_transmit
    main.o(i.key_proc) refers to i2c_hal.o(i.eeprom_write) for eeprom_write
    main.o(i.key_proc) refers to stm32g4xx_hal.o(i.HAL_Delay) for HAL_Delay
    main.o(i.key_proc) refers to bsp_lcd.o(i.LCD_ClearLine) for LCD_ClearLine
    main.o(i.key_proc) refers to led.o(i.LED_tog) for LED_tog
    main.o(i.key_proc) refers to led.o(i.LED_on) for LED_on
    main.o(i.key_proc) refers to led.o(i.LED_off) for LED_off
    main.o(i.key_proc) refers to interrupt.o(.bss) for key
    main.o(i.key_proc) refers to main.o(.data) for view
    main.o(i.key_proc) refers to tim.o(.bss) for htim16
    main.o(i.key_proc) refers to interrupt.o(.data) for frq2
    main.o(i.led_proc) refers to led.o(i.LED_on) for LED_on
[...]
    tenpwrs_x                                0x0800962c   Data          60  bigflt0.o(.constdata)
    tenpwrs_i                                0x08009668   Data          64  bigflt0.o(.constdata)
    locale$$data                             0x080096e0   Section       28  lc_numeric_c.o(locale$$data)
    __lcnum_c_name                           0x080096e4   Data           2  lc_numeric_c.o(locale$$data)
    __lcnum_c_start                          0x080096ec   Data           0  lc_numeric_c.o(locale$$data)
    __lcnum_c_point                          0x080096f8   Data           0  lc_numeric_c.o(locale$$data)
    __lcnum_c_thousands                      0x080096fa   Data           0  lc_numeric_c.o(locale$$data)
    __lcnum_c_grouping                       0x080096fb   Data           0  lc_numeric_c.o(locale$$data)
    locale$$data                             0x080096fc   Section      272  lc_ctype_c.o(locale$$data)
    __lcnum_c_end                            0x080096fc   Data           0  lc_numeric_c.o(locale$$data)
    __lcctype_c_name                         0x08009700   Data           2  lc_ctype_c.o(locale$$data)
    __lcctype_c_start                        0x08009708   Data           0  lc_ctype_c.o(locale$$data)
    __lcctype_c_end                          0x0800980c   Data           0  lc_ctype_c.o(locale$$data)
    .data                                    0x20000000   Section       24  main.o(.data)
    .data                                    0x20000018   Section        4  adc.o(.data)
    HAL_RCC_ADC12_CLK_ENABLED                0x20000018   Data           4  adc.o(.data)
    .data                                    0x2000001c   Section       12  stm32g4xx_hal.o(.data)
    .data                                    0x20000028   Section        4  system_stm32g4xx.o(.data)
    .data                                    0x2000002c   Section        1  led.o(.data)
    .data                                    0x2000002e   Section        6  bsp_lcd.o(.data)
    TextColor                                0x2000002e   Data           2  bsp_lcd.o(.data)
    BackColor                                0x20000030   Data           2  bsp_lcd.o(.data)
    .data                                    0x20000034   Section       26  interrupt.o(.data)
    .bss                                     0x20000050   Section      216  adc.o(.bss)
    .bss                                     0x20000128   Section      380  tim.o(.bss)
    .bss                                     0x200002a4   Section      148  usart.o(.bss)
    .bss                                     0x20000338   Section       62  interrupt.o(.bss)
    .bss                                     0x20000378   Section       96  libspace.o(.bss)
    HEAP                                     0x200003d8   Section      512  startup_stm32g431xx.o(HEAP)
    Heap_Mem                                 0x200003d8   Data         512  startup_stm32g431xx.o(HEAP)
    STACK                                    0x200005d8   Section     1024  startup_stm32g431xx.o(STACK)
    Stack_Mem                                0x200005d8   Data        1024  startup_stm32g431xx.o(STACK)
    __initial_sp                             0x200009d8   Data           0  startup_stm32g431xx.o(STACK)

    Global Symbols

    Symbol Name                              Value     Ov Type        Size  Object(Section)

    BuildAttributes$$THM_ISAv4$E$P$D$K$B$S$7EM$VFPi3$EXTD16$VFPS$VFMA$PE$A:L22UL41UL21$X:L11$S22US41US21$IEEE1$IW$USESV6$~STKCKD$USESV7$~SHL$OTIME$ROPI$IEEEJ$EBA8$UX$STANDARDLIB$REQ8$PRES8$EABIv2 0x00000000   Number         0  anon$$obj.o ABSOLUTE
    __ARM_use_no_argv                        0x00000000   Number         0  main.o ABSOLUTE
    _printf_flags                            0x00000000   Number         0  printf_stubs.o ABSOLUTE
    _printf_return_value                     0x00000000   Number         0  printf_stubs.o ABSOLUTE
    _printf_sizespec                         0x00000000   Number         0  printf_stubs.o ABSOLUTE
    _printf_widthprec                        0x00000000   Number         0  printf_stubs.o ABSOLUTE
    __ARM_exceptions_init                     - Undefined Weak Reference
    __alloca_initialize                       - Undefined Weak Reference
    __arm_preinit_                            - Undefined Weak Reference
    __cpp_initialize__aeabi_                  - Undefined Weak Reference
    __cxa_finalize                            - Undefined Weak Reference
    __sigvec_lookup                           - Undefined Weak Reference
    _atexit_init                              - Undefined Weak Reference
    _call_atexit_fns                          - Undefined Weak Reference
    _clock_init                               - Undefined Weak Reference
    _fp_trap_init                             - Undefined Weak Reference
    _fp_trap_shutdown                         - Undefined Weak Reference
    _get_lc_collate                           - Undefined Weak Reference
    _get_lc_monetary                          - Undefined Weak Reference
    _get_lc_time                              - Undefined Weak Reference
    _getenv_init                              - Undefined Weak Reference
    _handle_redirection                       - Undefined Weak Reference
    _init_alloc                               - Undefined Weak Reference
    _init_user_alloc                          - Undefined Weak Reference
    _initio                                   - Undefined Weak Reference
    _printf_post_padding                      - Undefined Weak Reference
    _printf_pre_padding                       - Undefined Weak Reference
    _printf_truncate_signed                   - Undefined Weak Reference
    _printf_truncate_unsigned                 - Undefined Weak Reference
    _rand_init                                - Undefined Weak Reference
    _scanf_int                                - Undefined Weak Reference
    _scanf_longlong                           - Undefined Weak Reference
    _scanf_mbtowc                             - Undefined Weak Reference
    _scanf_real                               - Undefined Weak Reference
    _scanf_wctomb                             - Undefined Weak Reference
    _scanf_wstring                            - Undefined Weak Reference
    _signal_finish                            - Undefined Weak Reference
    _signal_init                              - Undefined Weak Reference
    _terminate_alloc                          - Undefined Weak Reference
    _terminate_user_alloc                     - Undefined Weak Reference
    _terminateio                              - Undefined Weak Reference
    __Vectors_Size                           0x000001d8   Number         0  startup_stm32g431xx.o ABSOLUTE
    __Vectors                                0x08000000   Data           4  startup_stm32g431xx.o(RESET)
    __Vectors_End                            0x080001d8   Data           0  startup_stm32g431xx.o(RESET)
    __main                                   0x080001d9   Thumb Code     8  __main.o(!!!main)
    __scatterload                            0x080001e1   Thumb Code     0  __scatter.o(!!!scatter)
    __scatterload_rt2                        0x080001e1   Thumb Code    44  __scatter.o(!!!scatter)
    __scatterload_rt2_thumb_only             0x080001e1   Thumb Code     0  __scatter.o(!!!scatter)
    __scatterload_null                       0x080001ef   Thumb Code     0  __scatter.o(!!!scatter)
    __scatterload_copy                       0x08000215   Thumb Code    26  __scatter_copy.o(!!handler_copy)
    __scatterload_zeroinit                   0x08000231   Thumb Code    28  __scatter_zi.o(!!handler_zi)
    _printf_f                                0x0800024d   Thumb Code     0  _printf_f.o(.ARM.Collect$$_printf_percent$$00000003)
    _printf_percent                          0x0800024d   Thumb Code     0  _printf_percent.o(.ARM.Collect$$_printf_percent$$00000000)
    _printf_d                                0x08000253   Thumb Code     0  _printf_d.o(.ARM.Collect$$_printf_percent$$00000009)
    _printf_percent_end                      0x08000259   Thumb Code     0  _printf_percent_end.o(.ARM.Collect$$_printf_percent$$00000017)
    __rt_lib_init                            0x0800025d   Thumb Code     0  libinit.o(.ARM.Collect$$libinit$$00000000)
    __rt_lib_init_fp_1                       0x0800025f   Thumb Code     0  libinit2.o(.ARM.Collect$$libinit$$00000001)
    __rt_lib_init_heap_1                     0x08000263   Thumb Code     0  libinit2.o(.ARM.Collect$$libinit$$0000000A)
    __rt_lib_init_lc_common                  0x08000263   Thumb Code     0  libinit2.o(.ARM.Collect$$libinit$$0000000F)
    __rt_lib_init_preinit_1                  0x08000263   Thumb Code     0  libinit2.o(.ARM.Collect$$libinit$$00000004)
    __rt_lib_init_rand_1                     0x08000263   Thumb Code     0  libinit2.o(.ARM.Collect$$libinit$$0000000E)
    __rt_lib_init_user_alloc_1               0x08000263   Thumb Code     0  libinit2.o(.ARM.Collect$$libinit$$0000000C)
    __rt_lib_init_lc_collate_1               0x08000269   Thumb Code     0  libinit2.o(.ARM.Collect$$libinit$$00000011)
    __rt_lib_init_lc_ctype_2                 0x08000269   Thumb Code     0  libinit2.o(.ARM.Collect$$libinit$$00000012)
    __rt_lib_init_lc_ctype_1                 0x08000275   Thumb Code     0  libinit2.o(.ARM.Collect$$libinit$$00000013)
    __rt_lib_init_lc_monetary_1              0x08000275   Thumb Code     0  libinit2.o(.ARM.Collect$$libinit$$00000015)
    __rt_lib_init_lc_numeric_2               0x08000275   Thumb Code     0  libinit2.o(.ARM.Collect$$libinit$$00000016)
    __rt_lib_init_alloca_1                   0x0800027f   Thumb Code     0  libinit2.o(.ARM.Collect$$libinit$$0000002E)
    __rt_lib_init_argv_1                     0x0800027f   Thumb Code     0  libinit2.o(.ARM.Collect$$libinit$$0000002C)
    __rt_lib_init_atexit_1                   0x0800027f   Thumb Code     0  libinit2.o(.ARM.Collect$$libinit$$0000001B)
    __rt_lib_init_clock_1                    0x0800027f   Thumb Code     0  libinit2.o(.ARM.Collect$$libinit$$00000021)
    __rt_lib_init_cpp_1                      0x0800027f   Thumb Code     0  libinit2.o(.ARM.Collect$$libinit$$00000032)
    __rt_lib_init_exceptions_1               0x0800027f   Thumb Code     0  libinit2.o(.ARM.Collect$$libinit$$00000030)
    __rt_lib_init_fp_trap_1                  0x0800027f   Thumb Code     0  libinit2.o(.ARM.Collect$$libinit$$0000001F)
    __rt_lib_init_getenv_1                   0x0800027f   Thumb Code     0  libinit2.o(.ARM.Collect$$libinit$$00000023)
    __rt_lib_init_lc_numeric_1               0x0800027f   Thumb Code     0  libinit2.o(.ARM.Collect$$libinit$$00000017)
    __rt_lib_init_lc_time_1                  0x0800027f   Thumb Code     0  libinit2.o(.ARM.Collect$$libinit$$00000019)
    __rt_lib_init_return                     0x0800027f   Thumb Code     0  libinit2.o(.ARM.Collect$$libinit$$00000033)
    __rt_lib_init_signal_1                   0x0800027f   Thumb Code     0  libinit2.o(.ARM.Collect$$libinit$$0000001D)
    __rt_lib_init_stdio_1                    0x0800027f   Thumb Code     0  libinit2.o(.ARM.Collect$$libinit$$00000025)
    __rt_lib_shutdown                        0x08000281   Thumb Code     0  libshutdown.o(.ARM.Collect$$libshutdown$$00000000)
    __rt_lib_shutdown_cpp_1                  0x08000283   Thumb Code     0  libshutdown2.o(.ARM.Collect$$libshutdown$$00000002)
    __rt_lib_shutdown_fp_trap_1              0x08000283   Thumb Code     0  libshutdown2.o(.ARM.Collect$$libshutdown$$00000007)
    __rt_lib_shutdown_heap_1                 0x08000283   Thumb Code     0  libshutdown2.o(.ARM.Collect$$libshutdown$$0000000F)
    __rt_lib_shutdown_return                 0x08000283   Thumb Code     0  libshutdown2.o(.ARM.Collect$$libshutdown$$00000010)
    __rt_lib_shutdown_signal_1               0x08000283   Thumb Code     0  libshutdown2.o(.ARM.Collect$$libshutdown$$0000000A)
    __rt_lib_shutdown_stdio_1                0x08000283   Thumb Code     0  libshutdown2.o(.ARM.Collect$$libshutdown$$00000004)
    __rt_lib_shutdown_user_alloc_1           0x08000283   Thumb Code     0  libshutdown2.o(.ARM.Collect$$libshutdown$$0000000C)
    __rt_entry                               0x08000285   Thumb Code     0  __rtentry.o(.ARM.Collect$$rtentry$$00000000)
    __rt_entry_presh_1                       0x08000285   Thumb Code     0  __rtentry2.o(.ARM.Collect$$rtentry$$00000002)
    __rt_entry_sh                            0x08000285   Thumb Code     0  __rtentry4.o(.ARM.Collect$$rtentry$$00000004)
    __rt_entry_li                            0x0800028b   Thumb Code     0  __rtentry2.o(.ARM.Collect$$rtentry$$0000000A)
    __rt_entry_postsh_1                      0x0800028b   Thumb Code     0  __rtentry2.o(.ARM.Collect$$rtentry$$00000009)
    __rt_entry_main                          0x0800028f   Thumb Code     0  __rtentry2.o(.ARM.Collect$$rtentry$$0000000D)
    __rt_entry_postli_1                      0x0800028f   Thumb Code     0  __rtentry2.o(.ARM.Collect$$rtentry$$0000000C)
    __rt_exit                                0x08000297   Thumb Code     0  rtexit.o(.ARM.Collect$$rtexit$$00000000)
    __rt_exit_ls                             0x08000299   Thumb Code     0  rtexit2.o(.ARM.Collect$$rtexit$$00000003)
    __rt_exit_prels_1                        0x08000299   Thumb Code     0  rtexit2.o(.ARM.Collect$$rtexit$$00000002)
    __rt_exit_exit                           0x0800029d   Thumb Code     0  rtexit2.o(.ARM.Collect$$rtexit$$00000004)
    Reset_Handler                            0x080002a5   Thumb Code     8  startup_stm32g431xx.o(.text)
    ADC1_2_IRQHandler                        0x080002bf   Thumb Code     0  startup_stm32g431xx.o(.text)
    COMP1_2_3_IRQHandler                     0x080002bf   Thumb Code     0  startup_stm32g431xx.o(.text)
    COMP4_IRQHandler                         0x080002bf   Thumb Code     0  startup_stm32g431xx.o(.text)
    CORDIC_IRQHandler                        0x080002bf   Thumb Code     0  startup_stm32g431xx.o(.text)
    CRS_IRQHandler                           0x080002bf   Thumb Code     0  startup_stm32g431xx.o(.text)
    DMA1_Channel1_IRQHandler                 0x080002bf   Thumb Code     0  startup_stm32g431xx.o(.text)
    DMA1_Channel2_IRQHandler                 0x080002bf   Thumb Code     0  startup_stm32g431xx.o(.text)
    DMA1_Channel3_IRQHandler                 0x080002bf   Thumb Code     0  startup_stm32g431xx.o(.text)
    DMA1_Channel4_IRQHandler                 0x080002bf   Thumb Code     0  startup_stm32g431xx.o(.text)
    DMA1_Channel5_IRQHandler                 0x080002bf   Thumb Code     0  startup_stm32g431xx.o(.text)
    DMA1_Channel6_IRQHandler                 0x080002bf   Thumb Code     0  startup_stm32g431xx.o(.text)
    DMA2_Channel1_IRQHandler                 0x080002bf   Thumb Code     0  startup_stm32g431xx.o(.text)
    DMA2_Channel2_IRQHandler                 0x080002bf   Thumb Code     0  startup_stm32g431xx.o(.text)
    DMA2_Channel3_IRQHandler                 0x080002bf   Thumb Code     0  startup_stm32g431xx.o(.text)
    DMA2_Channel4_IRQHandler                 0x080002bf   Thumb Code     0  startup_stm32g431xx.o(.text)
    DMA2_Channel5_IRQHandler                 0x080002bf   Thumb Code     0  startup_stm32g431xx.o(.text)
    DMA2_Channel6_IRQHandler                 0x080002bf   Thumb Code     0  startup_stm32g431xx.o(.text)
    DMAMUX_OVR_IRQHandler                    0x080002bf   Thumb Code     0  startup_stm32g431xx.o(.text)
    EXTI0_IRQHandler                         0x080002bf   Thumb Code     0  startup_stm32g431xx.o(.text)
    EXTI15_10_IRQHandler                     0x080002bf   Thumb Code     0  startup_stm32g431xx.o(.text)
    EXTI1_IRQHandler                         0x080002bf   Thumb Code     0  startup_stm32g431xx.o(.text)
    EXTI2_IRQHandler                         0x080002bf   Thumb Code     0  startup_stm32g431xx.o(.text)
    EXTI3_IRQHandler                         0x080002bf   Thumb Code     0  startup_stm32g431xx.o(.text)
    EXTI4_IRQHandler                         0x080002bf   Thumb Code     0  startup_stm32g431xx.o(.text)
    EXTI9_5_IRQHandler                       0x080002bf   Thumb Code     0  startup_stm32g431xx.o(.text)
    FDCAN1_IT0_IRQHandler                    0x080002bf   Thumb Code     0  startup_stm32g431xx.o(.text)
    FDCAN1_IT1_IRQHandler                    0x080002bf   Thumb Code     0  startup_stm32g431xx.o(.text)
    FLASH_IRQHandler                         0x080002bf   Thumb Code     0  startup_stm32g431xx.o(.text)
    FMAC_IRQHandler                          0x080002bf   Thumb Code     0  startup_stm32g431xx.o(.text)
    FPU_IRQHandler                           0x080002bf   Thumb Code     0  startup_stm32g431xx.o(.text)
    I2C1_ER_IRQHandler                       0x080002bf   Thumb Code     0  startup_stm32g431xx.o(.text)
    I2C1_EV_IRQHandler                       0x080002bf   Thumb Code     0  startup_stm32g431xx.o(.text)
    I2C2_ER_IRQHandler                       0x080002bf   Thumb Code     0  startup_stm32g431xx.o(.text)
    I2C2_EV_IRQHandler                       0x080002bf   Thumb Code     0  startup_stm32g431xx.o(.text)
    I2C3_ER_IRQHandler                       0x080002bf   Thumb Code     0  startup_stm32g431xx.o(.text)
    I2C3_EV_IRQHandler                       0x080002bf   Thumb Code     0  startup_stm32g431xx.o(.text)
    LPTIM1_IRQHandler                        0x080002bf   Thumb Code     0  startup_stm32g431xx.o(.text)
    LPUART1_IRQHandler                       0x080002bf   Thumb Code     0  startup_stm32g431xx.o(.text)
    PVD_PVM_IRQHandler                       0x080002bf   Thumb Code     0  startup_stm32g431xx.o(.text)
    RCC_IRQHandler                           0x080002bf   Thumb Code     0  startup_stm32g431xx.o(.text)
    RNG_IRQHandler                           0x080002bf   Thumb Code     0  startup_stm32g431xx.o(.text)
    RTC_Alarm_IRQHandler                     0x080002bf   Thumb Code     0  startup_stm32g431xx.o(.text)
    RTC_TAMP_LSECSS_IRQHandler               0x080002bf   Thumb Code     0  startup_stm32g431xx.o(.text)
    RTC_WKUP_IRQHandler                      0x080002bf   Thumb Code     0  startup_stm32g431xx.o(.text)
    SAI1_IRQHandler                          0x080002bf   Thumb Code     0  startup_stm32g431xx.o(.text)
    SPI1_IRQHandler                          0x080002bf   Thumb Code     0  startup_stm32g431xx.o(.text)
    SPI2_IRQHandler                          0x080002bf   Thumb Code     0  startup_stm32g431xx.o(.text)
    SPI3_IRQHandler                          0x080002bf   Thumb Code     0  startup_stm32g431xx.o(.text)
    TIM1_BRK_TIM15_IRQHandler                0x080002bf   Thumb Code     0  startup_stm32g431xx.o(.text)
    TIM1_CC_IRQHandler                       0x080002bf   Thumb Code     0  startup_stm32g431xx.o(.text)
    TIM1_TRG_COM_TIM17_IRQHandler            0x080002bf   Thumb Code     0  startup_stm32g431xx.o(.text)
    TIM1_UP_TIM16_IRQHandler                 0x080002bf   Thumb Code     0  startup_stm32g431xx.o(.text)
    TIM6_DAC_IRQHandler                      0x080002bf   Thumb Code     0  startup_stm32g431xx.o(.text)
    TIM7_IRQHandler                          0x080002bf   Thumb Code     0  startup_stm32g431xx.o(.text)
    TIM8_BRK_IRQHandler                      0x080002bf   Thumb Code     0  startup_stm32g431xx.o(.text)
    TIM8_CC_IRQHandler                       0x080002bf   Thumb Code     0  startup_stm32g431xx.o(.text)
    TIM8_TRG_COM_IRQHandler                  0x080002bf   Thumb Code     0  startup_stm32g431xx.o(.text)
    TIM8_UP_IRQHandler                       0x080002bf   Thumb Code     0  startup_stm32g431xx.o(.text)
    UART4_IRQHandler                         0x080002bf   Thumb Code     0  startup_stm32g431xx.o(.text)
    UCPD1_IRQHandler                         0x080002bf   Thumb Code     0  startup_stm32g431xx.o(.text)
    USART2_IRQHandler                        0x080002bf   Thumb Code     0  startup_stm32g431xx.o(.text)
    USART3_IRQHandler                        0x080002bf   Thumb Code     0  startup_stm32g431xx.o(.text)
    USBWakeUp_IRQHandler                     0x080002bf   Thumb Code     0  startup_stm32g431xx.o(.text)
    USB_HP_IRQHandler                        0x080002bf   Thumb Code     0  startup_stm32g431xx.o(.text)
    USB_LP_IRQHandler                        0x080002bf   Thumb Code     0  startup_stm32g431xx.o(.text)
    WWDG_IRQHandler                          0x080002bf   Thumb Code     0  startup_stm32g431xx.o(.text)
    __user_initial_stackheap                 0x080002c1   Thumb Code     0  startup_stm32g431xx.o(.text)
    __aeabi_uldivmod                         0x080002e5   Thumb Code     0  lludivv7m.o(.text)
    _ll_udiv                                 0x080002e5   Thumb Code   238  lludivv7m.o(.text)
    __2sprintf                               0x080003d5   Thumb Code    34  noretval__2sprintf.o(.text)
    _printf_int_dec                          0x080003fd   Thumb Code   104  _printf_dec.o(.text)
    __printf                                 0x08000475   Thumb Code   270  __printf_wp.o(.text)
    __0sscanf                                0x08000585   Thumb Code    52  __0sscanf.o(.text)
    _scanf_string                            0x080005c1   Thumb Code   224  _scanf_str.o(.text)
    strlen                                   0x080006a1   Thumb Code    62  strlen.o(.text)
    __aeabi_memclr                           0x080006df   Thumb Code     0  rt_memclr.o(.text)
    __rt_memclr                              0x080006df   Thumb Code    68  rt_memclr.o(.text)
    _memset                                  0x080006e3   Thumb Code     0  rt_memclr.o(.text)
    __aeabi_memclr4                          0x08000723   Thumb Code     0  rt_memclr_w.o(.text)
    __aeabi_memclr8                          0x08000723   Thumb Code     0  rt_memclr_w.o(.text)
    __rt_memclr_w                            0x08000723   Thumb Code    78  rt_memclr_w.o(.text)
    _memset_w                                0x08000727   Thumb Code     0  rt_memclr_w.o(.text)
    strcmp                                   0x08000771   Thumb Code   128  strcmpv7m.o(.text)
    __use_two_region_memory                  0x080007f1   Thumb Code     2  heapauxi.o(.text)
    __rt_heap_escrow$2region                 0x080007f3   Thumb Code     2  heapauxi.o(.text)
    __rt_heap_expand$2region                 0x080007f5   Thumb Code     2  heapauxi.o(.text)
    _printf_int_common                       0x080007f7   Thumb Code   178  _printf_intcommon.o(.text)
    __lib_sel_fp_printf                      0x080008a9   Thumb Code     2  _printf_fp_dec.o(.text)
    _printf_fp_dec_real                      0x08000a5b   Thumb Code   620  _printf_fp_dec.o(.text)
    _printf_char_common                      0x08000cd3   Thumb Code    32  _printf_char_common.o(.text)
    _sputc                                   0x08000cf9   Thumb Code    10  _sputc.o(.text)
    __vfscanf_char                           0x08000d11   Thumb Code    24  scanf_char.o(.text)
    _sgetc                                   0x08000d31   Thumb Code    30  _sgetc.o(.text)
    _sbackspace                              0x08000d4f   Thumb Code    34  _sgetc.o(.text)
    __rt_locale                              0x08000d71   Thumb Code     8  rt_locale_intlibspace.o(.text)
    _ll_udiv10                               0x08000d79   Thumb Code   138  lludiv10.o(.text)
    isspace                                  0x08000e03   Thumb Code    18  isspace.o(.text)
    _printf_fp_infnan                        0x08000e15   Thumb Code   112  _printf_fp_infnan.o(.text)
    __vfscanf                                0x08000e95   Thumb Code   878  _scanf.o(.text)
    _btod_etento                             0x08001209   Thumb Code   224  bigflt0.o(.text)
    __user_libspace                          0x080012ed   Thumb Code     8  libspace.o(.text)
    __user_perproc_libspace                  0x080012ed   Thumb Code     0  libspace.o(.text)
    __user_perthread_libspace                0x080012ed   Thumb Code     0  libspace.o(.text)
    __user_setup_stackheap                   0x080012f5   Thumb Code    74  sys_stackheap_outer.o(.text)
    __rt_ctype_table                         0x08001341   Thumb Code    16  rt_ctype_table.o(.text)
    exit                                     0x08001351   Thumb Code    18  exit.o(.text)
    _sys_exit                                0x08001365   Thumb Code     8  sys_exit.o(.text)
    __I$use$semihosting                      0x08001371   Thumb Code     0  use_no_semi.o(.text)
    __use_no_semihosting_swi                 0x08001371   Thumb Code     2  use_no_semi.o(.text)
    __semihosting_library_function           0x08001373   Thumb Code     0  indicate_semi.o(.text)
    _btod_d2e                                0x08001373   Thumb Code    62  btod.o(CL$$btod_d2e)
    _d2e_denorm_low                          0x080013b1   Thumb Code    70  btod.o(CL$$btod_d2e_denorm_low)
    _d2e_norm_op1                            0x080013f7   Thumb Code    96  btod.o(CL$$btod_d2e_norm_op1)
    __btod_div_common                        0x08001457   Thumb Code   696  btod.o(CL$$btod_div_common)
    _e2e                                     0x0800178f   Thumb Code   220  btod.o(CL$$btod_e2e)
    _btod_ediv                               0x0800186b   Thumb Code    42  btod.o(CL$$btod_ediv)
    _btod_emul                               0x08001895   Thumb Code    42  btod.o(CL$$btod_emul)
    __btod_mult_common                       0x080018bf   Thumb Code   580  btod.o(CL$$btod_mult_common)
    ADC_Enable                               0x08001b05   Thumb Code   182  stm32g4xx_hal_adc.o(i.ADC_Enable)
    BusFault_Handler                         0x08001bcd   Thumb Code     4  stm32g4xx_it.o(i.BusFault_Handler)
    DebugMon_Handler                         0x08001bd1   Thumb Code     2  stm32g4xx_it.o(i.DebugMon_Handler)
    Delay_LCD                                0x08001bd3   Thumb Code    30  bsp_lcd.o(i.Delay_LCD)
    Error_Handler                            0x08001bf1   Thumb Code     6  main.o(i.Error_Handler)
    HAL_ADCEx_MultiModeConfigChannel         0x08001bf9   Thumb Code   260  stm32g4xx_hal_adc_ex.o(i.HAL_ADCEx_MultiModeConfigChannel)
    HAL_ADC_ConfigChannel                    0x08001d05   Thumb Code  1252  stm32g4xx_hal_adc.o(i.HAL_ADC_ConfigChannel)
    HAL_ADC_GetValue                         0x0800220d   Thumb Code     8  stm32g4xx_hal_adc.o(i.HAL_ADC_GetValue)
    HAL_ADC_Init                             0x08002215   Thumb Code   576  stm32g4xx_hal_adc.o(i.HAL_ADC_Init)
    HAL_ADC_MspInit                          0x08002471   Thumb Code   276  adc.o(i.HAL_ADC_MspInit)
    HAL_ADC_Start                            0x08002595   Thumb Code   276  stm32g4xx_hal_adc.o(i.HAL_ADC_Start)
    HAL_DMA_Abort                            0x080026b1   Thumb Code   118  stm32g4xx_hal_dma.o(i.HAL_DMA_Abort)
    HAL_DMA_Abort_IT                         0x08002727   Thumb Code   148  stm32g4xx_hal_dma.o(i.HAL_DMA_Abort_IT)
    HAL_Delay                                0x080027bd   Thumb Code    36  stm32g4xx_hal.o(i.HAL_Delay)
    HAL_GPIO_Init                            0x080027e5   Thumb Code   428  stm32g4xx_hal_gpio.o(i.HAL_GPIO_Init)
    HAL_GPIO_ReadPin                         0x080029b1   Thumb Code    16  stm32g4xx_hal_gpio.o(i.HAL_GPIO_ReadPin)
    HAL_GPIO_WritePin                        0x080029c1   Thumb Code    10  stm32g4xx_hal_gpio.o(i.HAL_GPIO_WritePin)
    HAL_GetTick                              0x080029cd   Thumb Code     6  stm32g4xx_hal.o(i.HAL_GetTick)
    HAL_IncTick                              0x080029d9   Thumb Code    16  stm32g4xx_hal.o(i.HAL_IncTick)
    HAL_Init                                 0x080029f1   Thumb Code    30  stm32g4xx_hal.o(i.HAL_Init)
    HAL_InitTick                             0x08002a11   Thumb Code    74  stm32g4xx_hal.o(i.HAL_InitTick)
    HAL_MspInit                              0x08002a69   Thumb Code    62  stm32g4xx_hal_msp.o(i.HAL_MspInit)
    HAL_NVIC_EnableIRQ                       0x08002aad   Thumb Code    40  stm32g4xx_hal_cortex.o(i.HAL_NVIC_EnableIRQ)
    HAL_NVIC_SetPriority                     0x08002ad5   Thumb Code   122  stm32g4xx_hal_cortex.o(i.HAL_NVIC_SetPriority)
    HAL_NVIC_SetPriorityGrouping             0x08002b51   Thumb Code    32  stm32g4xx_hal_cortex.o(i.HAL_NVIC_SetPriorityGrouping)
    HAL_PWREx_ControlVoltageScaling          0x08002b79   Thumb Code   268  stm32g4xx_hal_pwr_ex.o(i.HAL_PWREx_ControlVoltageScaling)
    HAL_PWREx_DisableUCPDDeadBattery         0x08002c91   Thumb Code    14  stm32g4xx_hal_pwr_ex.o(i.HAL_PWREx_DisableUCPDDeadBattery)
    HAL_RCCEx_PeriphCLKConfig                0x08002ca5   Thumb Code   872  stm32g4xx_hal_rcc_ex.o(i.HAL_RCCEx_PeriphCLKConfig)
    HAL_RCC_ClockConfig                      0x08003015   Thumb Code   522  stm32g4xx_hal_rcc.o(i.HAL_RCC_ClockConfig)
    HAL_RCC_GetHCLKFreq                      0x08003239   Thumb Code     6  stm32g4xx_hal_rcc.o(i.HAL_RCC_GetHCLKFreq)
    HAL_RCC_GetPCLK1Freq                     0x08003245   Thumb Code    26  stm32g4xx_hal_rcc.o(i.HAL_RCC_GetPCLK1Freq)
    HAL_RCC_GetPCLK2Freq                     0x08003269   Thumb Code    26  stm32g4xx_hal_rcc.o(i.HAL_RCC_GetPCLK2Freq)
    HAL_RCC_GetSysClockFreq                  0x0800328d   Thumb Code   138  stm32g4xx_hal_rcc.o(i.HAL_RCC_GetSysClockFreq)
    HAL_RCC_OscConfig                        0x08003325   Thumb Code  1360  stm32g4xx_hal_rcc.o(i.HAL_RCC_OscConfig)
    HAL_SYSTICK_Config                       0x08003881   Thumb Code    52  stm32g4xx_hal_cortex.o(i.HAL_SYSTICK_Config)
    HAL_TIMEx_Break2Callback                 0x080038b5   Thumb Code     2  stm32g4xx_hal_tim_ex.o(i.HAL_TIMEx_Break2Callback)
    HAL_TIMEx_BreakCallback                  0x080038b7   Thumb Code     2  stm32g4xx_hal_tim_ex.o(i.HAL_TIMEx_BreakCallback)
    HAL_TIMEx_CommutCallback                 0x080038b9   Thumb Code     2  stm32g4xx_hal_tim_ex.o(i.HAL_TIMEx_CommutCallback)
    HAL_TIMEx_ConfigBreakDeadTime            0x080038bd   Thumb Code   192  stm32g4xx_hal_tim_ex.o(i.HAL_TIMEx_ConfigBreakDeadTime)
    HAL_TIMEx_DirectionChangeCallback        0x08003985   Thumb Code     2  stm32g4xx_hal_tim_ex.o(i.HAL_TIMEx_DirectionChangeCallback)
    HAL_TIMEx_EncoderIndexCallback           0x08003987   Thumb Code     2  stm32g4xx_hal_tim_ex.o(i.HAL_TIMEx_EncoderIndexCallback)
    HAL_TIMEx_IndexErrorCallback             0x08003989   Thumb Code     2  stm32g4xx_hal_tim_ex.o(i.HAL_TIMEx_IndexErrorCallback)
    HAL_TIMEx_MasterConfigSynchronization    0x0800398d   Thumb Code   158  stm32g4xx_hal_tim_ex.o(i.HAL_TIMEx_MasterConfigSynchronization)
    HAL_TIMEx_TransitionErrorCallback        0x08003a45   Thumb Code     2  stm32g4xx_hal_tim_ex.o(i.HAL_TIMEx_TransitionErrorCallback)
    HAL_TIM_Base_Init                        0x08003a47   Thumb Code   110  stm32g4xx_hal_tim.o(i.HAL_TIM_Base_Init)
    HAL_TIM_Base_MspInit                     0x08003ab5   Thumb Code   360  tim.o(i.HAL_TIM_Base_MspInit)
    HAL_TIM_Base_Start_IT                    0x08003c35   Thumb Code   130  stm32g4xx_hal_tim.o(i.HAL_TIM_Base_Start_IT)
    HAL_TIM_ConfigClockSource                0x08003cd1   Thumb Code   300  stm32g4xx_hal_tim.o(i.HAL_TIM_ConfigClockSource)
    HAL_TIM_IC_CaptureCallback               0x08003e05   Thumb Code   102  interrupt.o(i.HAL_TIM_IC_CaptureCallback)
    HAL_TIM_IC_ConfigChannel                 0x08003e85   Thumb Code   222  stm32g4xx_hal_tim.o(i.HAL_TIM_IC_ConfigChannel)
    HAL_TIM_IC_Init                          0x08003f63   Thumb Code   110  stm32g4xx_hal_tim.o(i.HAL_TIM_IC_Init)
    HAL_TIM_IC_MspInit                       0x08003fd1   Thumb Code     2  stm32g4xx_hal_tim.o(i.HAL_TIM_IC_MspInit)
    HAL_TIM_IC_Start                         0x08003fd5   Thumb Code   324  stm32g4xx_hal_tim.o(i.HAL_TIM_IC_Start)
    HAL_TIM_IC_Start_IT                      0x08004131   Thumb Code   408  stm32g4xx_hal_tim.o(i.HAL_TIM_IC_Start_IT)
    HAL_TIM_IRQHandler                       0x080042e1   Thumb Code   544  stm32g4xx_hal_tim.o(i.HAL_TIM_IRQHandler)
    HAL_TIM_MspPostInit                      0x08004501   Thumb Code   148  tim.o(i.HAL_TIM_MspPostInit)
    HAL_TIM_OC_DelayElapsedCallback          0x080045a1   Thumb Code     2  stm32g4xx_hal_tim.o(i.HAL_TIM_OC_DelayElapsedCallback)
    HAL_TIM_PWM_ConfigChannel                0x080045a3   Thumb Code   368  stm32g4xx_hal_tim.o(i.HAL_TIM_PWM_ConfigChannel)
    HAL_TIM_PWM_Init                         0x08004713   Thumb Code   110  stm32g4xx_hal_tim.o(i.HAL_TIM_PWM_Init)
    HAL_TIM_PWM_MspInit                      0x08004781   Thumb Code     2  stm32g4xx_hal_tim.o(i.HAL_TIM_PWM_MspInit)
    HAL_TIM_PWM_PulseFinishedCallback        0x08004783   Thumb Code     2  stm32g4xx_hal_tim.o(i.HAL_TIM_PWM_PulseFinishedCallback)
    HAL_TIM_PWM_Start                        0x08004785   Thumb Code   298  stm32g4xx_hal_tim.o(i.HAL_TIM_PWM_Start)
    HAL_TIM_PeriodElapsedCallback            0x080048d1   Thumb Code   318  interrupt.o(i.HAL_TIM_PeriodElapsedCallback)
    HAL_TIM_ReadCapturedValue                0x08004a25   Thumb Code    50  stm32g4xx_hal_tim.o(i.HAL_TIM_ReadCapturedValue)
    HAL_TIM_TriggerCallback                  0x08004a57   Thumb Code     2  stm32g4xx_hal_tim.o(i.HAL_TIM_TriggerCallback)
    HAL_UARTEx_DisableFifoMode               0x08004a59   Thumb Code    78  stm32g4xx_hal_uart_ex.o(i.HAL_UARTEx_DisableFifoMode)
    HAL_UARTEx_RxEventCallback               0x08004aa7   Thumb Code     2  stm32g4xx_hal_uart.o(i.HAL_UARTEx_RxEventCallback)
    HAL_UARTEx_RxFifoFullCallback            0x08004aa9   Thumb Code     2  stm32g4xx_hal_uart_ex.o(i.HAL_UARTEx_RxFifoFullCallback)
    HAL_UARTEx_SetRxFifoThreshold            0x08004aab   Thumb Code    94  stm32g4xx_hal_uart_ex.o(i.HAL_UARTEx_SetRxFifoThreshold)
    HAL_UARTEx_SetTxFifoThreshold            0x08004b09   Thumb Code    94  stm32g4xx_hal_uart_ex.o(i.HAL_UARTEx_SetTxFifoThreshold)
    HAL_UARTEx_TxFifoEmptyCallback           0x08004b67   Thumb Code     2  stm32g4xx_hal_uart_ex.o(i.HAL_UARTEx_TxFifoEmptyCallback)
    HAL_UARTEx_WakeupCallback                0x08004b69   Thumb Code     2  stm32g4xx_hal_uart_ex.o(i.HAL_UARTEx_WakeupCallback)
    HAL_UART_ErrorCallback                   0x08004b6b   Thumb Code     2  stm32g4xx_hal_uart.o(i.HAL_UART_ErrorCallback)
    HAL_UART_IRQHandler                      0x08004b6d   Thumb Code   920  stm32g4xx_hal_uart.o(i.HAL_UART_IRQHandler)
    HAL_UART_Init                            0x08004f11   Thumb Code   120  stm32g4xx_hal_uart.o(i.HAL_UART_Init)
    HAL_UART_MspInit                         0x08004f89   Thumb Code   154  usart.o(i.HAL_UART_MspInit)
    HAL_UART_Receive_IT                      0x0800502d   Thumb Code    88  stm32g4xx_hal_uart.o(i.HAL_UART_Receive_IT)
    HAL_UART_RxCpltCallback                  0x08005089   Thumb Code    36  interrupt.o(i.HAL_UART_RxCpltCallback)
    HAL_UART_Transmit                        0x080050bd   Thumb Code   194  stm32g4xx_hal_uart.o(i.HAL_UART_Transmit)
    HAL_UART_TxCpltCallback                  0x0800517f   Thumb Code     2  stm32g4xx_hal_uart.o(i.HAL_UART_TxCpltCallback)
    HardFault_Handler                        0x08005181   Thumb Code     4  stm32g4xx_it.o(i.HardFault_Handler)
    I2CInit                                  0x08005185   Thumb Code    38  i2c_hal.o(i.I2CInit)
    I2CReceiveByte                           0x080051b1   Thumb Code    80  i2c_hal.o(i.I2CReceiveByte)
    I2CSendByte                              0x08005201   Thumb Code    78  i2c_hal.o(i.I2CSendByte)
    I2CStart                                 0x0800524f   Thumb Code    52  i2c_hal.o(i.I2CStart)
    I2CStop                                  0x08005283   Thumb Code    52  i2c_hal.o(i.I2CStop)
    I2CWaitAck                               0x080052b7   Thumb Code    78  i2c_hal.o(i.I2CWaitAck)
    LCD_BusIn                                0x08005305   Thumb Code    42  bsp_lcd.o(i.LCD_BusIn)
    LCD_BusOut                               0x08005335   Thumb Code    42  bsp_lcd.o(i.LCD_BusOut)
    LCD_Clear                                0x08005365   Thumb Code    38  bsp_lcd.o(i.LCD_Clear)
    LCD_ClearLine                            0x0800538d   Thumb Code    14  bsp_lcd.o(i.LCD_ClearLine)
    LCD_CtrlLinesConfig                      0x080053b5   Thumb Code   182  bsp_lcd.o(i.LCD_CtrlLinesConfig)
    LCD_DisplayChar                          0x08005475   Thumb Code    34  bsp_lcd.o(i.LCD_DisplayChar)
    LCD_DisplayStringLine                    0x0800549d   Thumb Code    44  bsp_lcd.o(i.LCD_DisplayStringLine)
    LCD_DrawChar                             0x080054c9   Thumb Code   100  bsp_lcd.o(i.LCD_DrawChar)
    LCD_Init                                 0x08005535   Thumb Code    50  bsp_lcd.o(i.LCD_Init)
    LCD_ReadReg                              0x0800556d   Thumb Code   164  bsp_lcd.o(i.LCD_ReadReg)
    LCD_SetBackColor                         0x08005619   Thumb Code    12  bsp_lcd.o(i.LCD_SetBackColor)
    LCD_SetCursor                            0x08005629   Thumb Code    24  bsp_lcd.o(i.LCD_SetCursor)
    LCD_SetTextColor                         0x08005641   Thumb Code    12  bsp_lcd.o(i.LCD_SetTextColor)
    LCD_WriteRAM                             0x08005651   Thumb Code   110  bsp_lcd.o(i.LCD_WriteRAM)
    LCD_WriteRAM_Prepare                     0x080056c9   Thumb Code   112  bsp_lcd.o(i.LCD_WriteRAM_Prepare)
    LCD_WriteReg                             0x08005741   Thumb Code   136  bsp_lcd.o(i.LCD_WriteReg)
    LED_dis                                  0x080057d1   Thumb Code    52  led.o(i.LED_dis)
    LED_off                                  0x0800580d   Thumb Code    26  led.o(i.LED_off)
    LED_on                                   0x0800582d   Thumb Code    28  led.o(i.LED_on)
    LED_tog                                  0x0800584d   Thumb Code    24  led.o(i.LED_tog)
    MX_ADC1_Init                             0x08005939   Thumb Code   150  adc.o(i.MX_ADC1_Init)
    MX_ADC2_Init                             0x080059d9   Thumb Code   120  adc.o(i.MX_ADC2_Init)
    MX_GPIO_Init                             0x08005a5d   Thumb Code   290  gpio.o(i.MX_GPIO_Init)
    MX_TIM16_Init                            0x08005b91   Thumb Code   156  tim.o(i.MX_TIM16_Init)
    MX_TIM17_Init                            0x08005c35   Thumb Code   156  tim.o(i.MX_TIM17_Init)
    MX_TIM2_Init                             0x08005cd9   Thumb Code   152  tim.o(i.MX_TIM2_Init)
    MX_TIM3_Init                             0x08005d75   Thumb Code   152  tim.o(i.MX_TIM3_Init)
    MX_TIM4_Init                             0x08005e15   Thumb Code   102  tim.o(i.MX_TIM4_Init)
    MX_USART1_UART_Init                      0x08005e85   Thumb Code    98  usart.o(i.MX_USART1_UART_Init)
    MemManage_Handler                        0x08005ef1   Thumb Code     4  stm32g4xx_it.o(i.MemManage_Handler)
    NMI_Handler                              0x08005ef5   Thumb Code     4  stm32g4xx_it.o(i.NMI_Handler)
    PendSV_Handler                           0x08005ef9   Thumb Code     2  stm32g4xx_it.o(i.PendSV_Handler)
    REG_8230_Init                            0x08005f65   Thumb Code   288  bsp_lcd.o(i.REG_8230_Init)
    REG_932X_Init                            0x08006085   Thumb Code   512  bsp_lcd.o(i.REG_932X_Init)
    SCL_Output                               0x08006285   Thumb Code    34  i2c_hal.o(i.SCL_Output)
    SDA_Input                                0x080062ad   Thumb Code    20  i2c_hal.o(i.SDA_Input)
    SDA_Input_Mode                           0x080062c5   Thumb Code    40  i2c_hal.o(i.SDA_Input_Mode)
    SDA_Output                               0x080062f1   Thumb Code    34  i2c_hal.o(i.SDA_Output)
    SDA_Output_Mode                          0x08006319   Thumb Code    40  i2c_hal.o(i.SDA_Output_Mode)
    SVC_Handler                              0x08006345   Thumb Code     2  stm32g4xx_it.o(i.SVC_Handler)
    SysTick_Handler                          0x08006347   Thumb Code     8  stm32g4xx_it.o(i.SysTick_Handler)
    SystemClock_Config                       0x0800634f   Thumb Code   104  main.o(i.SystemClock_Config)
    SystemInit                               0x080063b9   Thumb Code    14  system_stm32g4xx.o(i.SystemInit)
    TIM2_IRQHandler                          0x080063cd   Thumb Code    10  stm32g4xx_it.o(i.TIM2_IRQHandler)
    TIM3_IRQHandler                          0x080063dd   Thumb Code    10  stm32g4xx_it.o(i.TIM3_IRQHandler)
    TIM4_IRQHandler                          0x080063ed   Thumb Code    10  stm32g4xx_it.o(i.TIM4_IRQHandler)
    TIM_Base_SetConfig                       0x080063fd   Thumb Code   174  stm32g4xx_hal_tim.o(i.TIM_Base_SetConfig)
    TIM_CCxChannelCmd                        0x080064c9   Thumb Code    34  stm32g4xx_hal_tim.o(i.TIM_CCxChannelCmd)
    TIM_ETR_SetConfig                        0x080064eb   Thumb Code    22  stm32g4xx_hal_tim.o(i.TIM_ETR_SetConfig)
    TIM_OC2_SetConfig                        0x080065c5   Thumb Code   156  stm32g4xx_hal_tim.o(i.TIM_OC2_SetConfig)
    TIM_TI1_SetConfig                        0x080068e9   Thumb Code   102  stm32g4xx_hal_tim.o(i.TIM_TI1_SetConfig)
    UART_AdvFeatureConfig                    0x08006a95   Thumb Code   248  stm32g4xx_hal_uart.o(i.UART_AdvFeatureConfig)
    UART_CheckIdleState                      0x08006b8d   Thumb Code   234  stm32g4xx_hal_uart.o(i.UART_CheckIdleState)
    UART_SetConfig                           0x08007329   Thumb Code   858  stm32g4xx_hal_uart.o(i.UART_SetConfig)
    UART_Start_Receive_IT                    0x080076ad   Thumb Code   332  stm32g4xx_hal_uart.o(i.UART_Start_Receive_IT)
    UART_WaitOnFlagUntilTimeout              0x08007809   Thumb Code   172  stm32g4xx_hal_uart.o(i.UART_WaitOnFlagUntilTimeout)
    USART1_IRQHandler                        0x080078b5   Thumb Code    10  stm32g4xx_it.o(i.USART1_IRQHandler)
    UsageFault_Handler                       0x080078c5   Thumb Code     4  stm32g4xx_it.o(i.UsageFault_Handler)
    __ARM_fpclassify                         0x080078c9   Thumb Code    48  fpclassify.o(i.__ARM_fpclassify)
    _is_digit                                0x08007931   Thumb Code    14  __printf_wp.o(i._is_digit)
    disp_proc                                0x0800794d   Thumb Code   284  main.o(i.disp_proc)
    eeprom_read                              0x08007b69   Thumb Code    64  i2c_hal.o(i.eeprom_read)
    eeprom_write                             0x08007ba9   Thumb Code    46  i2c_hal.o(i.eeprom_write)
    getADC                                   0x08007bd9   Thumb Code    70  badc.o(i.getADC)
    key_proc                                 0x08007c31   Thumb Code   266  main.o(i.key_proc)
    led_proc                                 0x08007d5d   Thumb Code    36  main.o(i.led_proc)
    main                                     0x08007d89   Thumb Code   172  main.o(i.main)
    uart_rx_proc                             0x08007e55   Thumb Code    68  main.o(i.uart_rx_proc)
    uart_transmit                            0x08007eb1   Thumb Code    36  main.o(i.uart_transmit)
    _get_lc_numeric                          0x08007ee1   Thumb Code    44  lc_numeric_c.o(locale$$code)
    _get_lc_ctype                            0x08007f0d   Thumb Code    44  lc_ctype_c.o(locale$$code)
    __aeabi_ddiv                             0x08007f39   Thumb Code     0  ddiv.o(x$fpl$ddiv)
    _ddiv                                    0x08007f39   Thumb Code   552  ddiv.o(x$fpl$ddiv)
    __aeabi_ui2d                             0x080081e9   Thumb Code     0  dflt_clz.o(x$fpl$dfltu)
    _dfltu                                   0x080081e9   Thumb Code    38  dflt_clz.o(x$fpl$dfltu)
    __aeabi_dmul                             0x08008211   Thumb Code     0  dmul.o(x$fpl$dmul)
    _dmul                                    0x08008211   Thumb Code   332  dmul.o(x$fpl$dmul)
    __fpl_dnaninf                            0x08008365   Thumb Code   156  dnaninf.o(x$fpl$dnaninf)
    __fpl_dretinf                            0x08008401   Thumb Code    12  dretinf.o(x$fpl$dretinf)
    _fp_init                                 0x0800840d   Thumb Code    10  fpinit.o(x$fpl$fpinit)
    __fplib_config_fpu_vfp                   0x08008415   Thumb Code     0  fpinit.o(x$fpl$fpinit)
    __fplib_config_pureend_doubles           0x08008415   Thumb Code     0  fpinit.o(x$fpl$fpinit)
    _printf_fp_dec                           0x08008417   Thumb Code     4  printf1.o(x$fpl$printf1)
    UARTPrescTable                           0x0800841a   Data          24  stm32g4xx_hal_uart.o(.constdata)
    __I$use$fp                               0x0800841a   Number         0  usenofp.o(x$fpl$usenofp)
    AHBPrescTable                            0x08008442   Data          16  system_stm32g4xx.o(.constdata)
    APBPrescTable                            0x08008452   Data           8  system_stm32g4xx.o(.constdata)
    ASCII_Table                              0x0800845a   Data        4560  bsp_lcd.o(.constdata)
    Region$$Table$$Base                      0x080096c0   Number         0  anon$$obj.o(Region$$Table)
    Region$$Table$$Limit                     0x080096e0   Number         0  anon$$obj.o(Region$$Table)
    __ctype                                  0x08009709   Data           0  lc_ctype_c.o(locale$$data)
    view                                     0x20000000   Data           2  main.o(.data)
    pa6_duty                                 0x20000004   Data           4  main.o(.data)
    pa7_duty                                 0x20000008   Data           2  main.o(.data)
    fre                                      0x2000000a   Data           2  main.o(.data)
    usart                                    0x2000000c   Data           5  main.o(.data)
    disp_tick                                0x20000014   Data           4  main.o(.data)
    uwTick                                   0x2000001c   Data           4  stm32g4xx_hal.o(.data)
    uwTickPrio                               0x20000020   Data           4  stm32g4xx_hal.o(.data)
    uwTickFreq                               0x20000024   Data           4  stm32g4xx_hal.o(.data)
    SystemCoreClock                          0x20000028   Data           4  system_stm32g4xx.o(.data)
    led_temp                                 0x2000002c   Data           1  led.o(.data)
    dummy                                    0x20000032   Data           2  bsp_lcd.o(.data)
    led_time                                 0x20000034   Data           4  interrupt.o(.data)
    led7_flag                                0x20000038   Data           1  interrupt.o(.data)
    ccrl_val1                                0x2000003c   Data           4  interrupt.o(.data)
    ccrl_val2                                0x20000040   Data           4  interrupt.o(.data)
    frq1                                     0x20000044   Data           4  interrupt.o(.data)
    frq2                                     0x20000048   Data           4  interrupt.o(.data)
    rx_dat                                   0x2000004c   Data           1  interrupt.o(.data)
    rx_pointer                               0x2000004d   Data           1  interrupt.o(.data)
    hadc1                                    0x20000050   Data         108  adc.o(.bss)
    hadc2                                    0x200000bc   Data         108  adc.o(.bss)
    htim2                                    0x20000128   Data          76  tim.o(.bss)
    htim3                                    0x20000174   Data          76  tim.o(.bss)
    htim4                                    0x200001c0   Data          76  tim.o(.bss)
    htim16                                   0x2000020c   Data          76  tim.o(.bss)
    htim17                                   0x20000258   Data          76  tim.o(.bss)
    huart1                                   0x200002a4   Data         148  usart.o(.bss)
    key                                      0x20000338   Data          32  interrupt.o(.bss)
    rx_data                                  0x20000358   Data          30  interrupt.o(.bss)
    __libspace_start                         0x20000378   Data          96  libspace.o(.bss)
    __temporary_stack_top$libspace           0x200003d8   Data           0  libspace.o(.bss)



==============================================================================

Memory Map of the image

  Image Entry point : 0x080001d9

  Load Region LR_IROM1 (Base: 0x08000000, Size: 0x0000985c, Max: 0x00020000, ABSOLUTE)

    Execution Region ER_IROM1 (Exec base: 0x08000000, Load base: 0x08000000, Size: 0x0000980c, Max: 0x00020000, ABSOLUTE)

    Exec Addr    Load Addr    Size         Type   Attr      Idx    E Section Name        Object

    0x08000000   0x08000000   0x000001d8   Data   RO            3    RESET               startup_stm32g431xx.o
    0x080001d8   0x080001d8   0x00000008   Code   RO         4856  * !!!main             c_w.l(__main.o)
    0x080001e0   0x080001e0   0x00000034   Code   RO         5107    !!!scatter          c_w.l(__scatter.o)
    0x08000214   0x08000214   0x0000001a   Code   RO         5109    !!handler_copy      c_w.l(__scatter_copy.o)
    0x0800022e   0x0800022e   0x00000002   PAD
    0x08000230   0x08000230   0x0000001c   Code   RO         5111    !!handler_zi        c_w.l(__scatter_zi.o)
    0x0800024c   0x0800024c   0x00000000   Code   RO         4841    .ARM.Collect$$_printf_percent$$00000000  c_w.l(_printf_percent.o)
    0x0800024c   0x0800024c   0x00000006   Code   RO         4840    .ARM.Collect$$_printf_percent$$00000003  c_w.l(_printf_f.o)
    0x08000252   0x08000252   0x00000006   Code   RO         4839    .ARM.Collect$$_printf_percent$$00000009  c_w.l(_printf_d.o)
    0x08000258   0x08000258   0x00000004   Code   RO         4885    .ARM.Collect$$_printf_percent$$00000017  c_w.l(_printf_percent_end.o)
    0x0800025c   0x0800025c   0x00000002   Code   RO         4977    .ARM.Collect$$libinit$$00000000  c_w.l(libinit.o)
    0x0800025e   0x0800025e   0x00000004   Code   RO         4978    .ARM.Collect$$libinit$$00000001  c_w.l(libinit2.o)
    0x08000262   0x08000262   0x00000000   Code   RO         4981    .ARM.Collect$$libinit$$00000004  c_w.l(libinit2.o)
    0x08000262   0x08000262   0x00000000   Code   RO         4984    .ARM.Collect$$libinit$$0000000A  c_w.l(libinit2.o)
    0x08000262   0x08000262   0x00000000   Code   RO         4986    .ARM.Collect$$libinit$$0000000C  c_w.l(libinit2.o)
    0x08000262   0x08000262   0x00000000   Code   RO         4988    .ARM.Collect$$libinit$$0000000E  c_w.l(libinit2.o)
    0x08000262   0x08000262   0x00000006   Code   RO         4989    .ARM.Collect$$libinit$$0000000F  c_w.l(libinit2.o)
    0x08000268   0x08000268   0x00000000   Code   RO         4991    .ARM.Collect$$libinit$$00000011  c_w.l(libinit2.o)
    0x08000268   0x08000268   0x0000000c   Code   RO         4992    .ARM.Collect$$libinit$$00000012  c_w.l(libinit2.o)
    0x08000274   0x08000274   0x00000000   Code   RO         4993    .ARM.Collect$$libinit$$00000013  c_w.l(libinit2.o)
    0x08000274   0x08000274   0x00000000   Code   RO         4995    .ARM.Collect$$libinit$$00000015  c_w.l(libinit2.o)
    0x08000274   0x08000274   0x0000000a   Code   RO         4996    .ARM.Collect$$libinit$$00000016  c_w.l(libinit2.o)
    0x0800027e   0x0800027e   0x00000000   Code   RO         4997    .ARM.Collect$$libinit$$00000017  c_w.l(libinit2.o)
    0x0800027e   0x0800027e   0x00000000   Code   RO         4999    .ARM.Collect$$libinit$$00000019  c_w.l(libinit2.o)
    0x0800027e   0x0800027e   0x00000000   Code   RO         5001    .ARM.Collect$$libinit$$0000001B  c_w.l(libinit2.o)
    0x0800027e   0x0800027e   0x00000000   Code   RO         5003    .ARM.Collect$$libinit$$0000001D  c_w.l(libinit2.o)
    0x0800027e   0x0800027e   0x00000000   Code   RO         5005    .ARM.Collect$$libinit$$0000001F  c_w.l(libinit2.o)
    0x0800027e   0x0800027e   0x00000000   Code   RO         5007    .ARM.Collect$$libinit$$00000021  c_w.l(libinit2.o)
    0x0800027e   0x0800027e   0x00000000   Code   RO         5009    .ARM.Collect$$libinit$$00000023  c_w.l(libinit2.o)
    0x0800027e   0x0800027e   0x00000000   Code   RO         5011    .ARM.Collect$$libinit$$00000025  c_w.l(libinit2.o)
    0x0800027e   0x0800027e   0x00000000   Code   RO         5015    .ARM.Collect$$libinit$$0000002C  c_w.l(libinit2.o)
    0x0800027e   0x0800027e   0x00000000   Code   RO         5017    .ARM.Collect$$libinit$$0000002E  c_w.l(libinit2.o)
    0x0800027e   0x0800027e   0x00000000   Code   RO         5019    .ARM.Collect$$libinit$$00000030  c_w.l(libinit2.o)
    0x0800027e   0x0800027e   0x00000000   Code   RO         5021    .ARM.Collect$$libinit$$00000032  c_w.l(libinit2.o)
    0x0800027e   0x0800027e   0x00000002   Code   RO         5022    .ARM.Collect$$libinit$$00000033  c_w.l(libinit2.o)
    0x08000280   0x08000280   0x00000002   Code   RO         5072    .ARM.Collect$$libshutdown$$00000000  c_w.l(libshutdown.o)
    0x08000282   0x08000282   0x00000000   Code   RO         5090    .ARM.Collect$$libshutdown$$00000002  c_w.l(libshutdown2.o)
    0x08000282   0x08000282   0x00000000   Code   RO         5092    .ARM.Collect$$libshutdown$$00000004  c_w.l(libshutdown2.o)
    0x08000282   0x08000282   0x00000000   Code   RO         5095    .ARM.Collect$$libshutdown$$00000007  c_w.l(libshutdown2.o)
    0x08000282   0x08000282   0x00000000   Code   RO         5098    .ARM.Collect$$libshutdown$$0000000A  c_w.l(libshutdown2.o)
    0x08000282   0x08000282   0x00000000   Code   RO         5100    .ARM.Collect$$libshutdown$$0000000C  c_w.l(libshutdown2.o)
    0x08000282   0x08000282   0x00000000   Code   RO         5103    .ARM.Collect$$libshutdown$$0000000F  c_w.l(libshutdown2.o)
    0x08000282   0x08000282   0x00000002   Code   RO         5104    .ARM.Collect$$libshutdown$$00000010  c_w.l(libshutdown2.o)
    0x08000284   0x08000284   0x00000000   Code   RO         4872    .ARM.Collect$$rtentry$$00000000  c_w.l(__rtentry.o)
    0x08000284   0x08000284   0x00000000   Code   RO         4896    .ARM.Collect$$rtentry$$00000002  c_w.l(__rtentry2.o)
    0x08000284   0x08000284   0x00000006   Code   RO         4908    .ARM.Collect$$rtentry$$00000004  c_w.l(__rtentry4.o)
    0x0800028a   0x0800028a   0x00000000   Code   RO         4898    .ARM.Collect$$rtentry$$00000009  c_w.l(__rtentry2.o)
    0x0800028a   0x0800028a   0x00000004   Code   RO         4899    .ARM.Collect$$rtentry$$0000000A  c_w.l(__rtentry2.o)
    0x0800028e   0x0800028e   0x00000000   Code   RO         4901    .ARM.Collect$$rtentry$$0000000C  c_w.l(__rtentry2.o)
    0x0800028e   0x0800028e   0x00000008   Code   RO         4902    .ARM.Collect$$rtentry$$0000000D  c_w.l(__rtentry2.o)
    0x08000296   0x08000296   0x00000002   Code   RO         5023    .ARM.Collect$$rtexit$$00000000  c_w.l(rtexit.o)
    0x08000298   0x08000298   0x00000000   Code   RO         5041    .ARM.Collect$$rtexit$$00000002  c_w.l(rtexit2.o)
    0x08000298   0x08000298   0x00000004   Code   RO         5042    .ARM.Collect$$rtexit$$00000003  c_w.l(rtexit2.o)
    0x0800029c   0x0800029c   0x00000006   Code   RO         5043    .ARM.Collect$$rtexit$$00000004  c_w.l(rtexit2.o)
    0x080002a2   0x080002a2   0x00000002   PAD
    0x080002a4   0x080002a4   0x00000040   Code   RO            4    .text               startup_stm32g431xx.o
    0x080002e4   0x080002e4   0x000000ee   Code   RO         4809    .text               c_w.l(lludivv7m.o)
    0x080003d2   0x080003d2   0x00000002   PAD
    0x080003d4   0x080003d4   0x00000028   Code   RO         4813    .text               c_w.l(noretval__2sprintf.o)
    0x080003fc   0x080003fc   0x00000078   Code   RO         4817    .text               c_w.l(_printf_dec.o)
    0x08000474   0x08000474   0x0000010e   Code   RO         4827    .text               c_w.l(__printf_wp.o)
    0x08000582   0x08000582   0x00000002   PAD
    0x08000584   0x08000584   0x0000003c   Code   RO         4842    .text               c_w.l(__0sscanf.o)
    0x080005c0   0x080005c0   0x000000e0   Code   RO         4844    .text               c_w.l(_scanf_str.o)
    0x080006a0   0x080006a0   0x0000003e   Code   RO         4846    .text               c_w.l(strlen.o)
    0x080006de   0x080006de   0x00000044   Code   RO         4848    .text               c_w.l(rt_memclr.o)
    0x08000722   0x08000722   0x0000004e   Code   RO         4850    .text               c_w.l(rt_memclr_w.o)
    0x08000770   0x08000770   0x00000080   Code   RO         4852    .text               c_w.l(strcmpv7m.o)
    0x080007f0   0x080007f0   0x00000006   Code   RO         4854    .text               c_w.l(heapauxi.o)
    0x080007f6   0x080007f6   0x000000b2   Code   RO         4877    .text               c_w.l(_printf_intcommon.o)
    0x080008a8   0x080008a8   0x0000041e   Code   RO         4879    .text               c_w.l(_printf_fp_dec.o)
    0x08000cc6   0x08000cc6   0x00000002   PAD
    0x08000cc8   0x08000cc8   0x00000030   Code   RO         4881    .text               c_w.l(_printf_char_common.o)
    0x08000cf8   0x08000cf8   0x0000000a   Code   RO         4883    .text               c_w.l(_sputc.o)
    0x08000d02   0x08000d02   0x00000002   PAD
    0x08000d04   0x08000d04   0x0000002c   Code   RO         4886    .text               c_w.l(scanf_char.o)
    0x08000d30   0x08000d30   0x00000040   Code   RO         4888    .text               c_w.l(_sgetc.o)
    0x08000d70   0x08000d70   0x00000008   Code   RO         4915    .text               c_w.l(rt_locale_intlibspace.o)
    0x08000d78   0x08000d78   0x0000008a   Code   RO         4917    .text               c_w.l(lludiv10.o)
    0x08000e02   0x08000e02   0x00000012   Code   RO         4919    .text               c_w.l(isspace.o)
    0x08000e14   0x08000e14   0x00000080   Code   RO         4921    .text               c_w.l(_printf_fp_infnan.o)
    0x08000e94   0x08000e94   0x00000374   Code   RO         4925    .text               c_w.l(_scanf.o)
    0x08001208   0x08001208   0x000000e4   Code   RO         4927    .text               c_w.l(bigflt0.o)
    0x080012ec   0x080012ec   0x00000008   Code   RO         4959    .text               c_w.l(libspace.o)
    0x080012f4   0x080012f4   0x0000004a   Code   RO         4962    .text               c_w.l(sys_stackheap_outer.o)
    0x0800133e   0x0800133e   0x00000002   PAD
    0x08001340   0x08001340   0x00000010   Code   RO         4964    .text               c_w.l(rt_ctype_table.o)
    0x08001350   0x08001350   0x00000012   Code   RO         4966    .text               c_w.l(exit.o)
    0x08001362   0x08001362   0x00000002   PAD
    0x08001364   0x08001364   0x0000000c   Code   RO         5038    .text               c_w.l(sys_exit.o)
    0x08001370   0x08001370   0x00000002   Code   RO         5059    .text               c_w.l(use_no_semi.o)
    0x08001372   0x08001372   0x00000000   Code   RO         5061    .text               c_w.l(indicate_semi.o)
    0x08001372   0x08001372   0x0000003e   Code   RO         4930    CL$$btod_d2e        c_w.l(btod.o)
    0x080013b0   0x080013b0   0x00000046   Code   RO         4932    CL$$btod_d2e_denorm_low  c_w.l(btod.o)
    0x080013f6   0x080013f6   0x00000060   Code   RO         4931    CL$$btod_d2e_norm_op1  c_w.l(btod.o)
    0x08001456   0x08001456   0x00000338   Code   RO         4940    CL$$btod_div_common  c_w.l(btod.o)
    0x0800178e   0x0800178e   0x000000dc   Code   RO         4937    CL$$btod_e2e        c_w.l(btod.o)
    0x0800186a   0x0800186a   0x0000002a   Code   RO         4934    CL$$btod_ediv       c_w.l(btod.o)
    0x08001894   0x08001894   0x0000002a   Code   RO         4933    CL$$btod_emul       c_w.l(btod.o)
    0x080018be   0x080018be   0x00000244   Code   RO         4939    CL$$btod_mult_common  c_w.l(btod.o)
    0x08001b02   0x08001b02   0x00000002   PAD
    0x08001b04   0x08001b04   0x000000c8   Code   RO          556    i.ADC_Enable        stm32g4xx_hal_adc.o
    0x08001bcc   0x08001bcc   0x00000004   Code   RO          427    i.BusFault_Handler  stm32g4xx_it.o
    0x08001bd0   0x08001bd0   0x00000002   Code   RO          428    i.DebugMon_Handler  stm32g4xx_it.o
    0x08001bd2   0x08001bd2   0x0000001e   Code   RO         4410    i.Delay_LCD         bsp_lcd.o
    0x08001bf0   0x08001bf0   0x00000006   Code   RO           13    i.Error_Handler     main.o
    0x08001bf6   0x08001bf6   0x00000002   PAD
    0x08001bf8   0x08001bf8   0x0000010c   Code   RO          846    i.HAL_ADCEx_MultiModeConfigChannel  stm32g4xx_hal_adc_ex.o
    0x08001d04   0x08001d04   0x00000508   Code   RO          558    i.HAL_ADC_ConfigChannel  stm32g4xx_hal_adc.o
    0x0800220c   0x0800220c   0x00000008   Code   RO          565    i.HAL_ADC_GetValue  stm32g4xx_hal_adc.o
    0x08002214   0x08002214   0x0000025c   Code   RO          567    i.HAL_ADC_Init      stm32g4xx_hal_adc.o
    0x08002470   0x08002470   0x00000124   Code   RO          265    i.HAL_ADC_MspInit   adc.o
    0x08002594   0x08002594   0x0000011c   Code   RO          573    i.HAL_ADC_Start     stm32g4xx_hal_adc.o
    0x080026b0   0x080026b0   0x00000076   Code   RO         1977    i.HAL_DMA_Abort     stm32g4xx_hal_dma.o
    0x08002726   0x08002726   0x00000094   Code   RO         1978    i.HAL_DMA_Abort_IT  stm32g4xx_hal_dma.o
    0x080027ba   0x080027ba   0x00000002   PAD
    0x080027bc   0x080027bc   0x00000028   Code   RO         1070    i.HAL_Delay         stm32g4xx_hal.o
    0x080027e4   0x080027e4   0x000001cc   Code   RO         1839    i.HAL_GPIO_Init     stm32g4xx_hal_gpio.o
    0x080029b0   0x080029b0   0x00000010   Code   RO         1841    i.HAL_GPIO_ReadPin  stm32g4xx_hal_gpio.o
    0x080029c0   0x080029c0   0x0000000a   Code   RO         1843    i.HAL_GPIO_WritePin  stm32g4xx_hal_gpio.o
    0x080029ca   0x080029ca   0x00000002   PAD
    0x080029cc   0x080029cc   0x0000000c   Code   RO         1074    i.HAL_GetTick       stm32g4xx_hal.o
    0x080029d8   0x080029d8   0x00000018   Code   RO         1080    i.HAL_IncTick       stm32g4xx_hal.o
    0x080029f0   0x080029f0   0x0000001e   Code   RO         1081    i.HAL_Init          stm32g4xx_hal.o
    0x08002a0e   0x08002a0e   0x00000002   PAD
    0x08002a10   0x08002a10   0x00000058   Code   RO         1082    i.HAL_InitTick      stm32g4xx_hal.o
    0x08002a68   0x08002a68   0x00000044   Code   RO          527    i.HAL_MspInit       stm32g4xx_hal_msp.o
    0x08002aac   0x08002aac   0x00000028   Code   RO         2486    i.HAL_NVIC_EnableIRQ  stm32g4xx_hal_cortex.o
    0x08002ad4   0x08002ad4   0x0000007a   Code   RO         2492    i.HAL_NVIC_SetPriority  stm32g4xx_hal_cortex.o
    0x08002b4e   0x08002b4e   0x00000002   PAD
    0x08002b50   0x08002b50   0x00000028   Code   RO         2493    i.HAL_NVIC_SetPriorityGrouping  stm32g4xx_hal_cortex.o
    0x08002b78   0x08002b78   0x00000118   Code   RO         2242    i.HAL_PWREx_ControlVoltageScaling  stm32g4xx_hal_pwr_ex.o
    0x08002c90   0x08002c90   0x00000014   Code   RO         2254    i.HAL_PWREx_DisableUCPDDeadBattery  stm32g4xx_hal_pwr_ex.o
    0x08002ca4   0x08002ca4   0x00000370   Code   RO         1446    i.HAL_RCCEx_PeriphCLKConfig  stm32g4xx_hal_rcc_ex.o
    0x08003014   0x08003014   0x00000224   Code   RO         1316    i.HAL_RCC_ClockConfig  stm32g4xx_hal_rcc.o
    0x08003238   0x08003238   0x0000000c   Code   RO         1322    i.HAL_RCC_GetHCLKFreq  stm32g4xx_hal_rcc.o
    0x08003244   0x08003244   0x00000024   Code   RO         1324    i.HAL_RCC_GetPCLK1Freq  stm32g4xx_hal_rcc.o
    0x08003268   0x08003268   0x00000024   Code   RO         1325    i.HAL_RCC_GetPCLK2Freq  stm32g4xx_hal_rcc.o
    0x0800328c   0x0800328c   0x00000098   Code   RO         1326    i.HAL_RCC_GetSysClockFreq  stm32g4xx_hal_rcc.o
    0x08003324   0x08003324   0x0000055c   Code   RO         1329    i.HAL_RCC_OscConfig  stm32g4xx_hal_rcc.o
    0x08003880   0x08003880   0x00000034   Code   RO         2497    i.HAL_SYSTICK_Config  stm32g4xx_hal_cortex.o
    0x080038b4   0x080038b4   0x00000002   Code   RO         3348    i.HAL_TIMEx_Break2Callback  stm32g4xx_hal_tim_ex.o
    0x080038b6   0x080038b6   0x00000002   Code   RO         3349    i.HAL_TIMEx_BreakCallback  stm32g4xx_hal_tim_ex.o
    0x080038b8   0x080038b8   0x00000002   Code   RO         3350    i.HAL_TIMEx_CommutCallback  stm32g4xx_hal_tim_ex.o
    0x080038ba   0x080038ba   0x00000002   PAD
    0x080038bc   0x080038bc   0x000000c8   Code   RO         3353    i.HAL_TIMEx_ConfigBreakDeadTime  stm32g4xx_hal_tim_ex.o
    0x08003984   0x08003984   0x00000002   Code   RO         3361    i.HAL_TIMEx_DirectionChangeCallback  stm32g4xx_hal_tim_ex.o
    0x08003986   0x08003986   0x00000002   Code   RO         3375    i.HAL_TIMEx_EncoderIndexCallback  stm32g4xx_hal_tim_ex.o
    0x08003988   0x08003988   0x00000002   Code   RO         3389    i.HAL_TIMEx_IndexErrorCallback  stm32g4xx_hal_tim_ex.o
    0x0800398a   0x0800398a   0x00000002   PAD
    0x0800398c   0x0800398c   0x000000b8   Code   RO         3390    i.HAL_TIMEx_MasterConfigSynchronization  stm32g4xx_hal_tim_ex.o
    0x08003a44   0x08003a44   0x00000002   Code   RO         3411    i.HAL_TIMEx_TransitionErrorCallback  stm32g4xx_hal_tim_ex.o
    0x08003a46   0x08003a46   0x0000006e   Code   RO         2623    i.HAL_TIM_Base_Init  stm32g4xx_hal_tim.o
    0x08003ab4   0x08003ab4   0x00000180   Code   RO          314    i.HAL_TIM_Base_MspInit  tim.o
    0x08003c34   0x08003c34   0x0000009c   Code   RO         2628    i.HAL_TIM_Base_Start_IT  stm32g4xx_hal_tim.o
    0x08003cd0   0x08003cd0   0x00000134   Code   RO         2632    i.HAL_TIM_ConfigClockSource  stm32g4xx_hal_tim.o
    0x08003e04   0x08003e04   0x00000080   Code   RO         4624    i.HAL_TIM_IC_CaptureCallback  interrupt.o
    0x08003e84   0x08003e84   0x000000de   Code   RO         2659    i.HAL_TIM_IC_ConfigChannel  stm32g4xx_hal_tim.o
    0x08003f62   0x08003f62   0x0000006e   Code   RO         2662    i.HAL_TIM_IC_Init   stm32g4xx_hal_tim.o
    0x08003fd0   0x08003fd0   0x00000002   Code   RO         2664    i.HAL_TIM_IC_MspInit  stm32g4xx_hal_tim.o
    0x08003fd2   0x08003fd2   0x00000002   PAD
    0x08003fd4   0x08003fd4   0x0000015c   Code   RO         2665    i.HAL_TIM_IC_Start  stm32g4xx_hal_tim.o
    0x08004130   0x08004130   0x000001b0   Code   RO         2667    i.HAL_TIM_IC_Start_IT  stm32g4xx_hal_tim.o
    0x080042e0   0x080042e0   0x00000220   Code   RO         2671    i.HAL_TIM_IRQHandler  stm32g4xx_hal_tim.o
    0x08004500   0x08004500   0x000000a0   Code   RO          315    i.HAL_TIM_MspPostInit  tim.o
    0x080045a0   0x080045a0   0x00000002   Code   RO         2674    i.HAL_TIM_OC_DelayElapsedCallback  stm32g4xx_hal_tim.o
    0x080045a2   0x080045a2   0x00000170   Code   RO         2695    i.HAL_TIM_PWM_ConfigChannel  stm32g4xx_hal_tim.o
    0x08004712   0x08004712   0x0000006e   Code   RO         2698    i.HAL_TIM_PWM_Init  stm32g4xx_hal_tim.o
    0x08004780   0x08004780   0x00000002   Code   RO         2700    i.HAL_TIM_PWM_MspInit  stm32g4xx_hal_tim.o
    0x08004782   0x08004782   0x00000002   Code   RO         2701    i.HAL_TIM_PWM_PulseFinishedCallback  stm32g4xx_hal_tim.o
    0x08004784   0x08004784   0x0000014c   Code   RO         2703    i.HAL_TIM_PWM_Start  stm32g4xx_hal_tim.o
    0x080048d0   0x080048d0   0x00000154   Code   RO         4625    i.HAL_TIM_PeriodElapsedCallback  interrupt.o
    0x08004a24   0x08004a24   0x00000032   Code   RO         2711    i.HAL_TIM_ReadCapturedValue  stm32g4xx_hal_tim.o
    0x08004a56   0x08004a56   0x00000002   Code   RO         2714    i.HAL_TIM_TriggerCallback  stm32g4xx_hal_tim.o
    0x08004a58   0x08004a58   0x0000004e   Code   RO         4202    i.HAL_UARTEx_DisableFifoMode  stm32g4xx_hal_uart_ex.o
    0x08004aa6   0x08004aa6   0x00000002   Code   RO         3786    i.HAL_UARTEx_RxEventCallback  stm32g4xx_hal_uart.o
    0x08004aa8   0x08004aa8   0x00000002   Code   RO         4210    i.HAL_UARTEx_RxFifoFullCallback  stm32g4xx_hal_uart_ex.o
    0x08004aaa   0x08004aaa   0x0000005e   Code   RO         4211    i.HAL_UARTEx_SetRxFifoThreshold  stm32g4xx_hal_uart_ex.o
    0x08004b08   0x08004b08   0x0000005e   Code   RO         4212    i.HAL_UARTEx_SetTxFifoThreshold  stm32g4xx_hal_uart_ex.o
    0x08004b66   0x08004b66   0x00000002   Code   RO         4214    i.HAL_UARTEx_TxFifoEmptyCallback  stm32g4xx_hal_uart_ex.o
    0x08004b68   0x08004b68   0x00000002   Code   RO         4215    i.HAL_UARTEx_WakeupCallback  stm32g4xx_hal_uart_ex.o
    0x08004b6a   0x08004b6a   0x00000002   Code   RO         3802    i.HAL_UART_ErrorCallback  stm32g4xx_hal_uart.o
    0x08004b6c   0x08004b6c   0x000003a4   Code   RO         3805    i.HAL_UART_IRQHandler  stm32g4xx_hal_uart.o
    0x08004f10   0x08004f10   0x00000078   Code   RO         3806    i.HAL_UART_Init     stm32g4xx_hal_uart.o
    0x08004f88   0x08004f88   0x000000a4   Code   RO          386    i.HAL_UART_MspInit  usart.o
    0x0800502c   0x0800502c   0x0000005c   Code   RO         3811    i.HAL_UART_Receive_IT  stm32g4xx_hal_uart.o
    0x08005088   0x08005088   0x00000034   Code   RO         4626    i.HAL_UART_RxCpltCallback  interrupt.o
    0x080050bc   0x080050bc   0x000000c2   Code   RO         3815    i.HAL_UART_Transmit  stm32g4xx_hal_uart.o
    0x0800517e   0x0800517e   0x00000002   Code   RO         3818    i.HAL_UART_TxCpltCallback  stm32g4xx_hal_uart.o
    0x08005180   0x08005180   0x00000004   Code   RO          429    i.HardFault_Handler  stm32g4xx_it.o
    0x08005184   0x08005184   0x0000002c   Code   RO         4694    i.I2CInit           i2c_hal.o
    0x080051b0   0x080051b0   0x00000050   Code   RO         4695    i.I2CReceiveByte    i2c_hal.o
    0x08005200   0x08005200   0x0000004e   Code   RO         4697    i.I2CSendByte       i2c_hal.o
    0x0800524e   0x0800524e   0x00000034   Code   RO         4699    i.I2CStart          i2c_hal.o
    0x08005282   0x08005282   0x00000034   Code   RO         4700    i.I2CStop           i2c_hal.o
    0x080052b6   0x080052b6   0x0000004e   Code   RO         4701    i.I2CWaitAck        i2c_hal.o
    0x08005304   0x08005304   0x00000030   Code   RO         4411    i.LCD_BusIn         bsp_lcd.o
    0x08005334   0x08005334   0x00000030   Code   RO         4412    i.LCD_BusOut        bsp_lcd.o
    0x08005364   0x08005364   0x00000026   Code   RO         4413    i.LCD_Clear         bsp_lcd.o
    0x0800538a   0x0800538a   0x00000002   PAD
    0x0800538c   0x0800538c   0x00000028   Code   RO         4414    i.LCD_ClearLine     bsp_lcd.o
    0x080053b4   0x080053b4   0x000000c0   Code   RO         4415    i.LCD_CtrlLinesConfig  bsp_lcd.o
    0x08005474   0x08005474   0x00000028   Code   RO         4416    i.LCD_DisplayChar   bsp_lcd.o
    0x0800549c   0x0800549c   0x0000002c   Code   RO         4419    i.LCD_DisplayStringLine  bsp_lcd.o
    0x080054c8   0x080054c8   0x0000006c   Code   RO         4420    i.LCD_DrawChar      bsp_lcd.o
    0x08005534   0x08005534   0x00000038   Code   RO         4426    i.LCD_Init          bsp_lcd.o
    0x0800556c   0x0800556c   0x000000ac   Code   RO         4429    i.LCD_ReadReg       bsp_lcd.o
    0x08005618   0x08005618   0x00000010   Code   RO         4430    i.LCD_SetBackColor  bsp_lcd.o
    0x08005628   0x08005628   0x00000018   Code   RO         4431    i.LCD_SetCursor     bsp_lcd.o
    0x08005640   0x08005640   0x00000010   Code   RO         4433    i.LCD_SetTextColor  bsp_lcd.o
    0x08005650   0x08005650   0x00000078   Code   RO         4436    i.LCD_WriteRAM      bsp_lcd.o
    0x080056c8   0x080056c8   0x00000078   Code   RO         4437    i.LCD_WriteRAM_Prepare  bsp_lcd.o
    0x08005740   0x08005740   0x00000090   Code   RO         4438    i.LCD_WriteReg      bsp_lcd.o
    0x080057d0   0x080057d0   0x0000003c   Code   RO         4362    i.LED_dis           led.o
    0x0800580c   0x0800580c   0x00000020   Code   RO         4363    i.LED_off           led.o
    0x0800582c   0x0800582c   0x00000020   Code   RO         4364    i.LED_on            led.o
    0x0800584c   0x0800584c   0x0000001c   Code   RO         4365    i.LED_tog           led.o
    0x08005868   0x08005868   0x00000010   Code   RO          581    i.LL_ADC_Enable     stm32g4xx_hal_adc.o
    0x08005878   0x08005878   0x0000000a   Code   RO          582    i.LL_ADC_GetMultimode  stm32g4xx_hal_adc.o
    0x08005882   0x08005882   0x00000012   Code   RO          583    i.LL_ADC_GetOffsetChannel  stm32g4xx_hal_adc.o
    0x08005894   0x08005894   0x0000000a   Code   RO          584    i.LL_ADC_INJ_IsConversionOngoing  stm32g4xx_hal_adc.o
    0x0800589e   0x0800589e   0x0000000a   Code   RO          586    i.LL_ADC_IsEnabled  stm32g4xx_hal_adc.o
    0x080058a8   0x080058a8   0x0000000a   Code   RO          858    i.LL_ADC_IsEnabled  stm32g4xx_hal_adc_ex.o
    0x080058b2   0x080058b2   0x0000000a   Code   RO          587    i.LL_ADC_IsInternalRegulatorEnabled  stm32g4xx_hal_adc.o
    0x080058bc   0x080058bc   0x0000000a   Code   RO          588    i.LL_ADC_REG_IsConversionOngoing  stm32g4xx_hal_adc.o
    0x080058c6   0x080058c6   0x0000000a   Code   RO          859    i.LL_ADC_REG_IsConversionOngoing  stm32g4xx_hal_adc_ex.o
    0x080058d0   0x080058d0   0x00000010   Code   RO          590    i.LL_ADC_REG_StartConversion  stm32g4xx_hal_adc.o
    0x080058e0   0x080058e0   0x00000028   Code   RO          592    i.LL_ADC_SetChannelSamplingTime  stm32g4xx_hal_adc.o
    0x08005908   0x08005908   0x0000000c   Code   RO          593    i.LL_ADC_SetCommonPathInternalCh  stm32g4xx_hal_adc.o
    0x08005914   0x08005914   0x00000016   Code   RO          594    i.LL_ADC_SetOffsetState  stm32g4xx_hal_adc.o
    0x0800592a   0x0800592a   0x0000000c   Code   RO          595    i.LL_ADC_SetSamplingTimeCommonConfig  stm32g4xx_hal_adc.o
    0x08005936   0x08005936   0x00000002   PAD
    0x08005938   0x08005938   0x000000a0   Code   RO          266    i.MX_ADC1_Init      adc.o
    0x080059d8   0x080059d8   0x00000084   Code   RO          267    i.MX_ADC2_Init      adc.o
    0x08005a5c   0x08005a5c   0x00000134   Code   RO          240    i.MX_GPIO_Init      gpio.o
    0x08005b90   0x08005b90   0x000000a4   Code   RO          316    i.MX_TIM16_Init     tim.o
    0x08005c34   0x08005c34   0x000000a4   Code   RO          317    i.MX_TIM17_Init     tim.o
    0x08005cd8   0x08005cd8   0x0000009c   Code   RO          318    i.MX_TIM2_Init      tim.o
    0x08005d74   0x08005d74   0x000000a0   Code   RO          319    i.MX_TIM3_Init      tim.o
    0x08005e14   0x08005e14   0x00000070   Code   RO          320    i.MX_TIM4_Init      tim.o
    0x08005e84   0x08005e84   0x0000006c   Code   RO          387    i.MX_USART1_UART_Init  usart.o
    0x08005ef0   0x08005ef0   0x00000004   Code   RO          430    i.MemManage_Handler  stm32g4xx_it.o
    0x08005ef4   0x08005ef4   0x00000004   Code   RO          431    i.NMI_Handler       stm32g4xx_it.o
    0x08005ef8   0x08005ef8   0x00000002   Code   RO          432    i.PendSV_Handler    stm32g4xx_it.o
    0x08005efa   0x08005efa   0x00000002   PAD
    0x08005efc   0x08005efc   0x00000068   Code   RO         1330    i.RCC_GetSysClockFreqFromPLLSource  stm32g4xx_hal_rcc.o
    0x08005f64   0x08005f64   0x00000120   Code   RO         4439    i.REG_8230_Init     bsp_lcd.o
    0x08006084   0x08006084   0x00000200   Code   RO         4440    i.REG_932X_Init     bsp_lcd.o
    0x08006284   0x08006284   0x00000028   Code   RO         4702    i.SCL_Output        i2c_hal.o
    0x080062ac   0x080062ac   0x00000018   Code   RO         4703    i.SDA_Input         i2c_hal.o
    0x080062c4   0x080062c4   0x0000002c   Code   RO         4704    i.SDA_Input_Mode    i2c_hal.o
    0x080062f0   0x080062f0   0x00000028   Code   RO         4705    i.SDA_Output        i2c_hal.o
    0x08006318   0x08006318   0x0000002c   Code   RO         4706    i.SDA_Output_Mode   i2c_hal.o
    0x08006344   0x08006344   0x00000002   Code   RO          433    i.SVC_Handler       stm32g4xx_it.o
    0x08006346   0x08006346   0x00000008   Code   RO          434    i.SysTick_Handler   stm32g4xx_it.o
    0x0800634e   0x0800634e   0x00000068   Code   RO           14    i.SystemClock_Config  main.o
    0x080063b6   0x080063b6   0x00000002   PAD
    0x080063b8   0x080063b8   0x00000014   Code   RO         4326    i.SystemInit        system_stm32g4xx.o
    0x080063cc   0x080063cc   0x00000010   Code   RO          435    i.TIM2_IRQHandler   stm32g4xx_it.o
    0x080063dc   0x080063dc   0x00000010   Code   RO          436    i.TIM3_IRQHandler   stm32g4xx_it.o
    0x080063ec   0x080063ec   0x00000010   Code   RO          437    i.TIM4_IRQHandler   stm32g4xx_it.o
    0x080063fc   0x080063fc   0x000000cc   Code   RO         2716    i.TIM_Base_SetConfig  stm32g4xx_hal_tim.o
    0x080064c8   0x080064c8   0x00000022   Code   RO         2717    i.TIM_CCxChannelCmd  stm32g4xx_hal_tim.o
    0x080064ea   0x080064ea   0x00000016   Code   RO         2727    i.TIM_ETR_SetConfig  stm32g4xx_hal_tim.o
    0x08006500   0x08006500   0x00000018   Code   RO         2728    i.TIM_ITRx_SetConfig  stm32g4xx_hal_tim.o
    0x08006518   0x08006518   0x000000ac   Code   RO         2729    i.TIM_OC1_SetConfig  stm32g4xx_hal_tim.o
    0x080065c4   0x080065c4   0x000000b4   Code   RO         2730    i.TIM_OC2_SetConfig  stm32g4xx_hal_tim.o
    0x08006678   0x08006678   0x000000b4   Code   RO         2731    i.TIM_OC3_SetConfig  stm32g4xx_hal_tim.o
    0x0800672c   0x0800672c   0x000000b4   Code   RO         2732    i.TIM_OC4_SetConfig  stm32g4xx_hal_tim.o
    0x080067e0   0x080067e0   0x00000070   Code   RO         2733    i.TIM_OC5_SetConfig  stm32g4xx_hal_tim.o
    0x08006850   0x08006850   0x00000070   Code   RO         2734    i.TIM_OC6_SetConfig  stm32g4xx_hal_tim.o
    0x080068c0   0x080068c0   0x00000026   Code   RO         2736    i.TIM_TI1_ConfigInputStage  stm32g4xx_hal_tim.o
    0x080068e6   0x080068e6   0x00000002   PAD
    0x080068e8   0x080068e8   0x0000007c   Code   RO         2737    i.TIM_TI1_SetConfig  stm32g4xx_hal_tim.o
    0x08006964   0x08006964   0x00000028   Code   RO         2738    i.TIM_TI2_ConfigInputStage  stm32g4xx_hal_tim.o
    0x0800698c   0x0800698c   0x0000003a   Code   RO         2739    i.TIM_TI2_SetConfig  stm32g4xx_hal_tim.o
    0x080069c6   0x080069c6   0x00000038   Code   RO         2740    i.TIM_TI3_SetConfig  stm32g4xx_hal_tim.o
    0x080069fe   0x080069fe   0x0000003c   Code   RO         2741    i.TIM_TI4_SetConfig  stm32g4xx_hal_tim.o
    0x08006a3a   0x08006a3a   0x00000002   PAD
    0x08006a3c   0x08006a3c   0x00000058   Code   RO         4216    i.UARTEx_SetNbDataToProcess  stm32g4xx_hal_uart_ex.o
    0x08006a94   0x08006a94   0x000000f8   Code   RO         3820    i.UART_AdvFeatureConfig  stm32g4xx_hal_uart.o
    0x08006b8c   0x08006b8c   0x000000ea   Code   RO         3821    i.UART_CheckIdleState  stm32g4xx_hal_uart.o
    0x08006c76   0x08006c76   0x00000018   Code   RO         3822    i.UART_DMAAbortOnError  stm32g4xx_hal_uart.o
    0x08006c8e   0x08006c8e   0x00000002   PAD
    0x08006c90   0x08006c90   0x0000006c   Code   RO         3832    i.UART_EndRxTransfer  stm32g4xx_hal_uart.o
    0x08006cfc   0x08006cfc   0x00000030   Code   RO         3833    i.UART_EndTransmit_IT  stm32g4xx_hal_uart.o
    0x08006d2c   0x08006d2c   0x00000104   Code   RO         3835    i.UART_RxISR_16BIT  stm32g4xx_hal_uart.o
    0x08006e30   0x08006e30   0x000001fc   Code   RO         3836    i.UART_RxISR_16BIT_FIFOEN  stm32g4xx_hal_uart.o
    0x0800702c   0x0800702c   0x00000104   Code   RO         3837    i.UART_RxISR_8BIT   stm32g4xx_hal_uart.o
    0x08007130   0x08007130   0x000001f8   Code   RO         3838    i.UART_RxISR_8BIT_FIFOEN  stm32g4xx_hal_uart.o
    0x08007328   0x08007328   0x00000384   Code   RO         3839    i.UART_SetConfig    stm32g4xx_hal_uart.o
    0x080076ac   0x080076ac   0x0000015c   Code   RO         3841    i.UART_Start_Receive_IT  stm32g4xx_hal_uart.o
    0x08007808   0x08007808   0x000000ac   Code   RO         3846    i.UART_WaitOnFlagUntilTimeout  stm32g4xx_hal_uart.o
    0x080078b4   0x080078b4   0x00000010   Code   RO          438    i.USART1_IRQHandler  stm32g4xx_it.o
    0x080078c4   0x080078c4   0x00000004   Code   RO          439    i.UsageFault_Handler  stm32g4xx_it.o
    0x080078c8   0x080078c8   0x00000030   Code   RO         4957    i.__ARM_fpclassify  m_wm.l(fpclassify.o)
    0x080078f8   0x080078f8   0x00000010   Code   RO         2499    i.__NVIC_GetPriorityGrouping  stm32g4xx_hal_cortex.o
    0x08007908   0x08007908   0x00000028   Code   RO         2500    i.__NVIC_SetPriority  stm32g4xx_hal_cortex.o
    0x08007930   0x08007930   0x0000000e   Code   RO         4829    i._is_digit         c_w.l(__printf_wp.o)
    0x0800793e   0x0800793e   0x0000000c   Code   RO         4707    i.delay1            i2c_hal.o
    0x0800794a   0x0800794a   0x00000002   PAD
    0x0800794c   0x0800794c   0x0000021c   Code   RO           15    i.disp_proc         main.o
    0x08007b68   0x08007b68   0x00000040   Code   RO         4708    i.eeprom_read       i2c_hal.o
    0x08007ba8   0x08007ba8   0x0000002e   Code   RO         4709    i.eeprom_write      i2c_hal.o
    0x08007bd6   0x08007bd6   0x00000002   PAD
    0x08007bd8   0x08007bd8   0x00000058   Code   RO         4667    i.getADC            badc.o
    0x08007c30   0x08007c30   0x0000012c   Code   RO           17    i.key_proc          main.o
    0x08007d5c   0x08007d5c   0x0000002c   Code   RO           18    i.led_proc          main.o
    0x08007d88   0x08007d88   0x000000cc   Code   RO           19    i.main              main.o
    0x08007e54   0x08007e54   0x0000005c   Code   RO           20    i.uart_rx_proc      main.o
    0x08007eb0   0x08007eb0   0x00000030   Code   RO           21    i.uart_transmit     main.o
    0x08007ee0   0x08007ee0   0x0000002c   Code   RO         4953    locale$$code        c_w.l(lc_numeric_c.o)
    0x08007f0c   0x08007f0c   0x0000002c   Code   RO         5028    locale$$code        c_w.l(lc_ctype_c.o)
    0x08007f38   0x08007f38   0x000002b0   Code   RO         4859    x$fpl$ddiv          fz_wm.l(ddiv.o)
    0x080081e8   0x080081e8   0x00000026   Code   RO         4862    x$fpl$dfltu         fz_wm.l(dflt_clz.o)
    0x0800820e   0x0800820e   0x00000002   PAD
    0x08008210   0x08008210   0x00000154   Code   RO         4868    x$fpl$dmul          fz_wm.l(dmul.o)
    0x08008364   0x08008364   0x0000009c   Code   RO         4890    x$fpl$dnaninf       fz_wm.l(dnaninf.o)
    0x08008400   0x08008400   0x0000000c   Code   RO         4892    x$fpl$dretinf       fz_wm.l(dretinf.o)
    0x0800840c   0x0800840c   0x0000000a   Code   RO         5036    x$fpl$fpinit        fz_wm.l(fpinit.o)
    0x08008416   0x08008416   0x00000004   Code   RO         4870    x$fpl$printf1       fz_wm.l(printf1.o)
    0x0800841a   0x0800841a   0x00000000   Code   RO         4894    x$fpl$usenofp       fz_wm.l(usenofp.o)
    0x0800841a   0x0800841a   0x00000018   Data   RO         3847    .constdata          stm32g4xx_hal_uart.o
    0x08008432   0x08008432   0x00000010   Data   RO         4218    .constdata          stm32g4xx_hal_uart_ex.o
    0x08008442   0x08008442   0x00000018   Data   RO         4327    .constdata          system_stm32g4xx.o
    0x0800845a   0x0800845a   0x000011d0   Data   RO         4441    .constdata          bsp_lcd.o
    0x0800962a   0x0800962a   0x00000002   PAD
    0x0800962c   0x0800962c   0x00000094   Data   RO         4928    .constdata          c_w.l(bigflt0.o)
    0x080096c0   0x080096c0   0x00000020   Data   RO         5105    Region$$Table       anon$$obj.o
    0x080096e0   0x080096e0   0x0000001c   Data   RO         4952    locale$$data        c_w.l(lc_numeric_c.o)
    0x080096fc   0x080096fc   0x00000110   Data   RO         5027    locale$$data        c_w.l(lc_ctype_c.o)


    Execution Region RW_IRAM1 (Exec base: 0x20000000, Load base: 0x0800980c, Size: 0x000009d8, Max: 0x00008000, ABSOLUTE)

    Exec Addr    Load Addr    Size         Type   Attr      Idx    E Section Name        Object

    0x20000000   0x0800980c   0x00000018   Data   RW           22    .data               main.o
    0x20000018   0x08009824   0x00000004   Data   RW          269    .data               adc.o
    0x2000001c   0x08009828   0x0000000c   Data   RW         1101    .data               stm32g4xx_hal.o
    0x20000028   0x08009834   0x00000004   Data   RW         4328    .data               system_stm32g4xx.o
    0x2000002c   0x08009838   0x00000001   Data   RW         4366    .data               led.o
    0x2000002d   0x08009839   0x00000001   PAD
    0x2000002e   0x0800983a   0x00000006   Data   RW         4442    .data               bsp_lcd.o
    0x20000034   0x08009840   0x0000001a   Data   RW         4628    .data               interrupt.o
    0x2000004e   0x0800985a   0x00000002   PAD
    0x20000050        -       0x000000d8   Zero   RW          268    .bss                adc.o
    0x20000128        -       0x0000017c   Zero   RW          321    .bss                tim.o
    0x200002a4        -       0x00000094   Zero   RW          388    .bss                usart.o
    0x20000338        -       0x0000003e   Zero   RW         4627    .bss                interrupt.o
    0x20000376   0x0800985a   0x00000002   PAD
    0x20000378        -       0x00000060   Zero   RW         4960    .bss                c_w.l(libspace.o)
    0x200003d8        -       0x00000200   Zero   RW            2    HEAP                startup_stm32g431xx.o
    0x200005d8        -       0x00000400   Zero   RW            1    STACK               startup_stm32g431xx.o


==============================================================================

Image component sizes


      Code (inc. data)   RO Data    RW Data    ZI Data      Debug   Object Name

       584         38          0          4        216       2662   adc.o
        88         18          0          0          0        845   badc.o
      2056        110       4560          6          0      13728   bsp_lcd.o
       308         18          0          0          0       1059   gpio.o
       698         30          0          0          0       7565   i2c_hal.o
       520         64          0         26         62       3180   interrupt.o
       152         22          0          1          0       2214   led.o
      1338        366          0         24          0     678507   main.o
        64         26        472          0       1536        840   startup_stm32g431xx.o
       194         32          0         12          0       4301   stm32g4xx_hal.o
      2570        112          0          0          0      79059   stm32g4xx_hal_adc.o
       288          8          0          0          0      68231   stm32g4xx_hal_adc_ex.o
       310         22          0          0          0      34319   stm32g4xx_hal_cortex.o
       266          0          0          0          0       1759   stm32g4xx_hal_dma.o
       486         32          0          0          0       2711   stm32g4xx_hal_gpio.o
        68          6          0          0          0        846   stm32g4xx_hal_msp.o
       300         18          0          0          0       1405   stm32g4xx_hal_pwr_ex.o
      2260        106          0          0          0       7220   stm32g4xx_hal_rcc.o
       880          8          0          0          0       1868   stm32g4xx_hal_rcc_ex.o
      4696        332          0          0          0      25938   stm32g4xx_hal_tim.o
       398         34          0          0          0       6384   stm32g4xx_hal_tim_ex.o
      4958        134         24          0          0      37806   stm32g4xx_hal_uart.o
       360         10         16          0          0       5406   stm32g4xx_hal_uart_ex.o
        98         24          0          0          0       6152   stm32g4xx_it.o
        20          6         24          4          0       1115   system_stm32g4xx.o
      1300         74          0          0        380       5596   tim.o
       272         20          0          0        148       1778   usart.o

    ----------------------------------------------------------------------
     25566       1670       5130         80       2344    1002494   Object Totals
         0          0         32          0          0          0   (incl. Generated)
        34          0          2          3          2          0   (incl. Padding)

    ----------------------------------------------------------------------

      Code (inc. data)   RO Data    RW Data    ZI Data      Debug   Library Member Name

        60          8          0          0          0         84   __0sscanf.o
         8          0          0          0          0         68   __main.o
       284          0          0          0          0        156   __printf_wp.o
         0          0          0          0          0          0   __rtentry.o
        12          0          0          0          0          0   __rtentry2.o
         6          0          0          0          0          0   __rtentry4.o
        52          8          0          0          0          0   __scatter.o
        26          0          0          0          0          0   __scatter_copy.o
        28          0          0          0          0          0   __scatter_zi.o
        48          6          0          0          0         96   _printf_char_common.o
         6          0          0          0          0          0   _printf_d.o
       120         16          0          0          0         92   _printf_dec.o
         6          0          0          0          0          0   _printf_f.o
      1054          0          0          0          0        216   _printf_fp_dec.o
       128         16          0          0          0         84   _printf_fp_infnan.o
       178          0          0          0          0         88   _printf_intcommon.o
         0          0          0          0          0          0   _printf_percent.o
         4          0          0          0          0          0   _printf_percent_end.o
       884          6          0          0          0        100   _scanf.o
       224          0          0          0          0         96   _scanf_str.o
        64          0          0          0          0         84   _sgetc.o
        10          0          0          0          0         68   _sputc.o
       228          4        148          0          0         96   bigflt0.o
      1936        128          0          0          0        672   btod.o
        18          0          0          0          0         80   exit.o
         6          0          0          0          0        152   heapauxi.o
         0          0          0          0          0          0   indicate_semi.o
        18          0          0          0          0         76   isspace.o
        44         10        272          0          0         76   lc_ctype_c.o
        44         10         28          0          0         76   lc_numeric_c.o
         2          0          0          0          0          0   libinit.o
        34          0          0          0          0          0   libinit2.o
         2          0          0          0          0          0   libshutdown.o
         2          0          0          0          0          0   libshutdown2.o
         8          4          0          0         96         68   libspace.o
       138          0          0          0          0         80   lludiv10.o
       238          0          0          0          0        100   lludivv7m.o
        40          6          0          0          0         84   noretval__2sprintf.o
        16          4          0          0          0         76   rt_ctype_table.o
         8          4          0          0          0         68   rt_locale_intlibspace.o
        68          0          0          0          0         68   rt_memclr.o
        78          0          0          0          0         80   rt_memclr_w.o
         2          0          0          0          0          0   rtexit.o
        10          0          0          0          0          0   rtexit2.o
        44          8          0          0          0         84   scanf_char.o
       128          0          0          0          0         68   strcmpv7m.o
        62          0          0          0          0         76   strlen.o
        12          4          0          0          0         68   sys_exit.o
        74          0          0          0          0         80   sys_stackheap_outer.o
         2          0          0          0          0         68   use_no_semi.o
       688        140          0          0          0        256   ddiv.o
        38          0          0          0          0        116   dflt_clz.o
       340         12          0          0          0        152   dmul.o
       156          4          0          0          0        140   dnaninf.o
        12          0          0          0          0        116   dretinf.o
        10          0          0          0          0        116   fpinit.o
         4          0          0          0          0        116   printf1.o
         0          0          0          0          0          0   usenofp.o
        48          0          0          0          0        124   fpclassify.o

    ----------------------------------------------------------------------
      7780        398        448          0         96       4664   Library Totals
        20          0          0          0          0          0   (incl. Padding)

    ----------------------------------------------------------------------

      Code (inc. data)   RO Data    RW Data    ZI Data      Debug   Library Name

      6464        242        448          0         96       3528   c_w.l
      1248        156          0          0          0       1012   fz_wm.l
        48          0          0          0          0        124   m_wm.l

    ----------------------------------------------------------------------
      7780        398        448          0         96       4664   Library Totals

    ----------------------------------------------------------------------

==============================================================================


      Code (inc. data)   RO Data    RW Data    ZI Data      Debug   

     33346       2068       5578         80       2440     986082   Grand Totals
     33346       2068       5578         80       2440     986082   ELF Image Totals
     33346       2068       5578         80          0          0   ROM Totals

==============================================================================

    Total RO  Size (Code + RO Data)                38924 (  38.01kB)
    Total RW  Size (RW Data + ZI Data)              2520 (   2.46kB)
    Total ROM Size (Code + RO Data + RW Data)      39004 (  38.09kB)

==============================================================================

